07-16 00:44:25.665  1279  1279 I SystemServiceManager: Starting com.android.server.smartspace.SmartspaceManagerService
07-16 00:44:25.666  1279  1279 D SystemServerTiming: InitConnectivityModuleConnector
07-16 00:44:25.666  1279  1279 D ConnectivityModuleConnector: Network stack init
07-16 00:44:25.667  1279  1279 D SystemServerTiming: InitNetworkStackClient
07-16 00:44:25.667  1279  1279 D SystemServerTiming: StartNetworkManagementService
07-16 00:44:25.668  1279  1279 D SystemServerTiming: StartFontManagerService
07-16 00:44:25.679  1279  1279 D SystemServerTiming: StartTextClassificationManagerService
07-16 00:44:25.679  1279  1279 I SystemServiceManager: Starting com.android.server.textclassifier.TextClassificationManagerService$Lifecycle
07-16 00:44:25.680  1279  1279 D SystemServerTiming: StartNetworkScoreService
07-16 00:44:25.680  1279  1279 I SystemServiceManager: Starting com.android.server.NetworkScoreService$Lifecycle
07-16 00:44:25.680  1279  1279 D SystemServerTiming: StartNetworkStatsService
07-16 00:44:25.692  1279  1279 I SystemServiceManager: Starting com.android.server.NetworkStatsServiceInitializer
07-16 00:44:25.718  1279  1279 D SystemServerTiming: StartNetworkPolicyManagerService
07-16 00:44:25.719  1279  1279 D SystemServerTiming: StartWifi
07-16 00:44:25.735  1279  1279 I SystemServiceManager: Starting com.android.server.wifi.WifiService
07-16 00:44:25.803  1279  1279 V HistoricalRegistry: Interaction before persistence initialized
07-16 00:44:25.806  1279  1279 D SystemServerTiming: StartWifiScanning
07-16 00:44:25.806  1279  1279 I SystemServiceManager: Starting com.android.server.wifi.scanner.WifiScanningService
07-16 00:44:25.808  1279  1279 D SystemServerTiming: StartWifiP2P
07-16 00:44:25.809  1279  1279 I SystemServiceManager: Starting com.android.server.wifi.p2p.WifiP2pService
07-16 00:44:25.813  1279  1279 D SystemServerTiming: StartPacProxyService
07-16 00:44:25.815  1279  1279 D SystemServerTiming: StartConnectivityService
07-16 00:44:25.815  1279  1279 I SystemServiceManager: Starting com.android.server.ConnectivityServiceInitializer
07-16 00:44:25.816  1279  1617 D PinnerService: pinRangeStream: null
07-16 00:44:25.818  1279  1617 D PinnerService: pinRangeStream: null
07-16 00:44:25.851  1279  1279 D SystemServerTiming: StartVpnManagerService
07-16 00:44:25.853  1279  1279 D SystemServerTiming: StartVcnManagementService
07-16 00:44:25.854  1279  1279 D SystemServerTiming: StartSystemUpdateManagerService
07-16 00:44:25.855  1279  1279 I SystemUpdateManagerService: No existing info file /data/system/system-update-info.xml
07-16 00:44:25.855  1279  1279 D SystemServerTiming: StartUpdateLockService
07-16 00:44:25.856  1279  1279 D SystemServerTiming: StartNotificationManager
07-16 00:44:25.856  1279  1279 I SystemServiceManager: Starting com.android.server.notification.NotificationManagerService
07-16 00:44:25.861  1279  1279 D ConditionProviders.SCP: new ScheduleConditionProvider()
07-16 00:44:25.874  1279  1279 E NotificationPrefHelper: createDefaultChannelIfNeededLocked - Exception: android.content.pm.PackageManager$NameNotFoundException: com.android.carrierconfig.auto_generated_rro_vendor__
07-16 00:44:25.874  1279  1279 E NotificationPrefHelper: createDefaultChannelIfNeededLocked - Exception: android.content.pm.PackageManager$NameNotFoundException: com.overlay.captive_portal
07-16 00:44:25.879  1279  1279 I NotificationListeners: Read notification listener permissions from xml
07-16 00:44:25.879  1279  1279 I NotificationAssistants: Read notification assistant permissions from xml
07-16 00:44:25.879  1279  1279 I ConditionProviders: Read condition provider permissions from xml
07-16 00:44:25.879  1279  1279 I ConditionProviders: Read condition provider permissions from xml
07-16 00:44:25.879  1279  1279 D NotificationAssistants: Approving default notification assistant for user 0
07-16 00:44:25.880  1279  1279 I ConditionProviders:  Allowing condition provider android.ext.services/android.ext.services.notification.Assistant (userSet: true)
07-16 00:44:25.880  1279  1279 V ConditionProviders: enabling condition provider for 0: ComponentInfo{com.google.android.apps.wellbeing/com.google.android.apps.wellbeing.dnd.impl.DndConditionProviderService}
07-16 00:44:25.880  1279  1279 V ConditionProviders: binding: Intent { act=android.service.notification.ConditionProviderService cmp=com.google.android.apps.wellbeing/.dnd.impl.DndConditionProviderService (has extras) }
07-16 00:44:25.891  1279  1279 D SystemServerTiming: StartDeviceMonitor
07-16 00:44:25.891  1279  1279 I SystemServiceManager: Starting com.android.server.storage.DeviceStorageMonitorService
07-16 00:44:25.893  1279  1279 D SystemServerTiming: StartLocationManagerService
07-16 00:44:25.893  1279  1279 I SystemServiceManager: Starting com.android.server.location.LocationManagerService$Lifecycle
07-16 00:44:25.895  1279  1279 D SystemServerTiming: StartCountryDetectorService
07-16 00:44:25.895  1279  1279 D SystemServerTiming: StartTimeDetectorService
07-16 00:44:25.895  1279  1279 I SystemServiceManager: Starting com.android.server.timedetector.TimeDetectorService$Lifecycle
07-16 00:44:25.896  1279  1279 D SystemServerTiming: StartTimeZoneDetectorService
07-16 00:44:25.896  1279  1279 I SystemServiceManager: Starting com.android.server.timezonedetector.TimeZoneDetectorService$Lifecycle
07-16 00:44:25.898  1279  1279 D SystemServerTiming: StartLocationTimeZoneManagerService
07-16 00:44:25.898  1279  1279 I SystemServiceManager: Starting com.android.server.timezonedetector.location.LocationTimeZoneManagerService$Lifecycle
07-16 00:44:25.899  1279  1279 D SystemServerTiming: StartSearchManagerService
07-16 00:44:25.899  1279  1279 I SystemServiceManager: Starting com.android.server.search.SearchManagerService$Lifecycle
07-16 00:44:25.900  1279  1279 D SystemServerTiming: StartWallpaperManagerService
07-16 00:44:25.900  1279  1279 I SystemServiceManager: Starting com.android.server.wallpaper.WallpaperManagerService$Lifecycle
07-16 00:44:25.900  1279  1279 D SystemServerTiming: StartWallpaperEffectsGenerationService
07-16 00:44:25.900  1279  1279 I SystemServiceManager: Starting com.android.server.wallpapereffectsgeneration.WallpaperEffectsGenerationManagerService
07-16 00:44:25.901  1279  1279 D SystemServerTiming: StartAudioService
07-16 00:44:25.901  1279  1279 I SystemServiceManager: Starting com.android.server.audio.AudioService$Lifecycle
07-16 00:44:25.926  1279  1279 D SystemServerTiming: StartSoundTriggerMiddlewareService
07-16 00:44:25.926  1279  1279 I SystemServiceManager: Starting com.android.server.soundtrigger_middleware.SoundTriggerMiddlewareService$Lifecycle
07-16 00:44:25.931  1279  1279 D SystemServerTiming: StartDockObserver
07-16 00:44:25.931  1279  1279 I SystemServiceManager: Starting com.android.server.DockObserver
07-16 00:44:25.931  1279  1279 I DockObserver: No extcon dock device found in this kernel.
07-16 00:44:25.932  1279  1279 D SystemServerTiming: StartWiredAccessoryManager
07-16 00:44:25.932  1279  1279 W WiredAccessoryManager: This kernel does not have usb audio support
07-16 00:44:25.932  1279  1279 W WiredAccessoryManager: This kernel does not have HDMI audio support
07-16 00:44:25.933  1279  1279 E WiredAccessoryManager: file /sys/devices/platform/soc/soc:qcom,msm-ext-disp/extcon/extcon3/name not found
07-16 00:44:25.933  1279  1279 W WiredAccessoryManager: Conn soc:qcom,msm-ext-disp/3/0 does not have DP audio support
07-16 00:44:25.933  1279  1279 E WiredAccessoryManager: file /sys/devices/platform/soc/soc:qcom,msm-ext-disp/extcon/extcon2/name not found
07-16 00:44:25.933  1279  1279 W WiredAccessoryManager: Conn soc:qcom,msm-ext-disp/2/0 does not have DP audio support
07-16 00:44:25.933  1279  1279 E WiredAccessoryManager: file /sys/devices/platform/soc/soc:qcom,msm-ext-disp/extcon/extcon1/name not found
07-16 00:44:25.933  1279  1279 W WiredAccessoryManager: Conn soc:qcom,msm-ext-disp/1/0 does not have DP audio support
07-16 00:44:25.934  1279  1279 D SystemServerTiming: StartMidiManager
07-16 00:44:25.934  1279  1279 I SystemServiceManager: Starting com.android.server.midi.MidiService$Lifecycle
07-16 00:44:25.935  1279  1279 D SystemServerTiming: StartAdbService
07-16 00:44:25.935  1279  1279 I SystemServiceManager: Starting com.android.server.adb.AdbService$Lifecycle
07-16 00:44:25.936  1279  1279 D SystemServerTiming: StartUsbService
07-16 00:44:25.936  1279  1279 I SystemServiceManager: Starting com.android.server.usb.UsbService$Lifecycle
07-16 00:44:25.936  1279  1279 D SystemServerTiming: StartSerialService
07-16 00:44:25.936  1279  1612 D SystemServerTimingAsync: InitThreadPoolExec:UsbService$Lifecycle#onStart
07-16 00:44:25.936  1279  1279 D SystemServerTiming: StartHardwarePropertiesManagerService
07-16 00:44:25.937  1279  1612 I UsbDeviceManager: failed to write to /sys/class/android_usb/android0/f_rndis/ethaddr
07-16 00:44:25.937  1279  1612 I UsbDeviceManager: USB GADGET HAL not present in the device
07-16 00:44:25.937  1279  1612 I UsbDeviceManager: java.util.NoSuchElementException
07-16 00:44:25.937  1279  1612 I UsbDeviceManager: 	at android.os.HwBinder.getService(Native Method)
07-16 00:44:25.937  1279  1612 I UsbDeviceManager: 	at android.hardware.usb.gadget.V1_0.IUsbGadget.getService(IUsbGadget.java:57)
07-16 00:44:25.937  1279  1612 I UsbDeviceManager: 	at android.hardware.usb.gadget.V1_0.IUsbGadget.getService(IUsbGadget.java:64)
07-16 00:44:25.937  1279  1612 I UsbDeviceManager: 	at com.android.server.usb.UsbDeviceManager.<init>(UsbDeviceManager.java:302)
07-16 00:44:25.937  1279  1612 I UsbDeviceManager: 	at com.android.server.usb.UsbService.<init>(UsbService.java:183)
07-16 00:44:25.937  1279  1612 I UsbDeviceManager: 	at com.android.server.usb.UsbService$Lifecycle.lambda$onStart$0(UsbService.java:97)
07-16 00:44:25.937  1279  1612 I UsbDeviceManager: 	at com.android.server.usb.UsbService$Lifecycle.$r8$lambda$CxV7IL0QHEjIgNnhuBbpakF4-Bg(Unknown Source:0)
07-16 00:44:25.937  1279  1612 I UsbDeviceManager: 	at com.android.server.usb.UsbService$Lifecycle$$ExternalSyntheticLambda2.run(Unknown Source:2)
07-16 00:44:25.937  1279  1612 I UsbDeviceManager: 	at com.android.server.SystemServerInitThreadPool.lambda$submitTask$0(SystemServerInitThreadPool.java:106)
07-16 00:44:25.937  1279  1612 I UsbDeviceManager: 	at com.android.server.SystemServerInitThreadPool.$r8$lambda$aGlXt69ihU44Qi7EB_RNeu8pnrY(Unknown Source:0)
07-16 00:44:25.937  1279  1612 I UsbDeviceManager: 	at com.android.server.SystemServerInitThreadPool$$ExternalSyntheticLambda0.run(Unknown Source:6)
07-16 00:44:25.937  1279  1612 I UsbDeviceManager: 	at java.util.concurrent.Executors$RunnableAdapter.call(Executors.java:463)
07-16 00:44:25.937  1279  1612 I UsbDeviceManager: 	at java.util.concurrent.FutureTask.run(FutureTask.java:264)
07-16 00:44:25.937  1279  1612 I UsbDeviceManager: 	at java.util.concurrent.ThreadPoolExecutor.runWorker(ThreadPoolExecutor.java:1137)
07-16 00:44:25.937  1279  1612 I UsbDeviceManager: 	at java.util.concurrent.ThreadPoolExecutor$Worker.run(ThreadPoolExecutor.java:637)
07-16 00:44:25.937  1279  1612 I UsbDeviceManager: 	at com.android.internal.util.ConcurrentUtils$1$1.run(ConcurrentUtils.java:65)
07-16 00:44:25.937  1279  1612 E UsbDeviceManager: Failed to open control for mtp
07-16 00:44:25.937  1279  1612 E UsbDeviceManager: Failed to open control for ptp
07-16 00:44:25.938  1279  1279 D SystemServerTiming: StartTwilightService
07-16 00:44:25.938  1279  1279 I SystemServiceManager: Starting com.android.server.twilight.TwilightService
07-16 00:44:25.938  1279  1279 D SystemServerTiming: StartColorDisplay
07-16 00:44:25.938  1279  1279 I SystemServiceManager: Starting com.android.server.display.color.ColorDisplayService
07-16 00:44:25.939  1279  1612 W StorageManagerService: No primary storage defined yet; hacking together a stub
07-16 00:44:25.939  1279  1279 D SystemServerTiming: StartJobScheduler
07-16 00:44:25.939  1279  1279 I SystemServiceManager: Starting com.android.server.job.JobSchedulerService
07-16 00:44:25.940  1279  1612 D UsbPortManager: Querying USB HAL version
07-16 00:44:25.944  1279  1612 I UsbPortManager: USB HAL HIDL present
07-16 00:44:25.944  1279  1279 D JobStore: Start tag: job-info
07-16 00:44:25.947  1279  1614 I UsbPortManager: Usb hal service started android.hardware.usb@1.0::IUsb default
07-16 00:44:25.950  1279  1612 D UsbPortManager: getInstance done
07-16 00:44:25.957  1279  1279 I JobStore: Read 156 jobs
07-16 00:44:25.960  1279  1279 V HistoricalRegistry: Interaction before persistence initialized
07-16 00:44:25.960  1279  1279 V HistoricalRegistry: Interaction before persistence initialized
07-16 00:44:25.961  1279  1279 D SystemServerTiming: StartSoundTrigger
07-16 00:44:25.961  1279  1279 I SystemServiceManager: Starting com.android.server.soundtrigger.SoundTriggerService
07-16 00:44:25.961  1279  1279 D SystemServerTiming: StartTrustManager
07-16 00:44:25.961  1279  1279 I SystemServiceManager: Starting com.android.server.trust.TrustManagerService
07-16 00:44:25.962  1279  1279 D SystemServerTiming: StartBackupManager
07-16 00:44:25.962  1279  1279 I SystemServiceManager: Starting com.android.server.backup.BackupManagerService$Lifecycle
07-16 00:44:25.962  1279  1617 D PinnerService: pinRangeStream: null
07-16 00:44:25.962  1279  1617 E PinnerService: Could not pin file /system_ext/priv-app/SystemUI/oat/arm64/SystemUI.odex
07-16 00:44:25.962  1279  1617 E PinnerService: android.system.ErrnoException: open failed: ENOENT (No such file or directory)
07-16 00:44:25.962  1279  1617 E PinnerService: 	at libcore.io.Linux.open(Native Method)
07-16 00:44:25.962  1279  1617 E PinnerService: 	at libcore.io.ForwardingOs.open(ForwardingOs.java:563)
07-16 00:44:25.962  1279  1617 E PinnerService: 	at libcore.io.BlockGuardOs.open(BlockGuardOs.java:274)
07-16 00:44:25.962  1279  1617 E PinnerService: 	at android.system.Os.open(Os.java:494)
07-16 00:44:25.962  1279  1617 E PinnerService: 	at com.android.server.PinnerService.pinFileRanges(PinnerService.java:975)
07-16 00:44:25.962  1279  1617 E PinnerService: 	at com.android.server.PinnerService.pinFile(PinnerService.java:850)
07-16 00:44:25.962  1279  1617 E PinnerService: 	at com.android.server.PinnerService.handlePinOnStart(PinnerService.java:305)
07-16 00:44:25.962  1279  1617 E PinnerService: 	at com.android.server.PinnerService.-$$Nest$mhandlePinOnStart(Unknown Source:0)
07-16 00:44:25.962  1279  1617 E PinnerService: 	at com.android.server.PinnerService$PinnerHandler.handleMessage(PinnerService.java:1219)
07-16 00:44:25.962  1279  1617 E PinnerService: 	at android.os.Handler.dispatchMessage(Handler.java:106)
07-16 00:44:25.962  1279  1617 E PinnerService: 	at android.os.Looper.loopOnce(Looper.java:201)
07-16 00:44:25.962  1279  1617 E PinnerService: 	at android.os.Looper.loop(Looper.java:288)
07-16 00:44:25.962  1279  1617 E PinnerService: 	at android.os.HandlerThread.run(HandlerThread.java:67)
07-16 00:44:25.962  1279  1617 E PinnerService: Failed to pin file = /system_ext/priv-app/SystemUI/oat/arm64/SystemUI.odex
07-16 00:44:25.962  1279  1617 D PinnerService: pinRangeStream: null
07-16 00:44:25.963  1279  1279 D SystemServerTiming: StartAppWidgetService
07-16 00:44:25.963  1279  1279 I SystemServiceManager: Starting com.android.server.appwidget.AppWidgetService
07-16 00:44:25.964  1279  1279 D SystemServerTiming: StartVoiceRecognitionManager
07-16 00:44:25.964  1279  1279 I SystemServiceManager: Starting com.android.server.voiceinteraction.VoiceInteractionManagerService
07-16 00:44:26.066  1279  1279 D SystemServerTiming: StartAppHibernationService
07-16 00:44:26.066  1279  1279 I SystemServiceManager: Starting com.android.server.apphibernation.AppHibernationService
07-16 00:44:26.067  1279  1279 D SystemServerTiming: StartGestureLauncher
07-16 00:44:26.067  1279  1279 I SystemServiceManager: Starting com.android.server.GestureLauncherService
07-16 00:44:26.067  1279  1279 D SystemServerTiming: StartSensorNotification
07-16 00:44:26.067  1279  1279 I SystemServiceManager: Starting com.android.server.SensorNotificationService
07-16 00:44:26.067  1279  1279 D SystemServerTiming: StartDiskStatsService
07-16 00:44:26.069  1279  1279 D SystemServerTiming: RuntimeService
07-16 00:44:26.070  1279  1279 D SystemServerTiming: StartNetworkTimeUpdateService
07-16 00:44:26.070  1279  1279 D SystemServerTiming: CertBlacklister
07-16 00:44:26.071  1279  1279 D SystemServerTiming: StartEmergencyAffordanceService
07-16 00:44:26.071  1279  1279 I SystemServiceManager: Starting com.android.server.emergency.EmergencyAffordanceService
07-16 00:44:26.071  1279  1279 D SystemServerTiming: startBlobStoreManagerService
07-16 00:44:26.071  1279  1279 I SystemServiceManager: Starting com.android.server.blob.BlobStoreManagerService
07-16 00:44:26.072  1279  1279 D SystemServerTiming: StartDreamManager
07-16 00:44:26.072  1279  1279 I SystemServiceManager: Starting com.android.server.dreams.DreamManagerService
07-16 00:44:26.073  1279  1279 D SystemServerTiming: AddGraphicsStatsService
07-16 00:44:26.074  1279  1279 D SystemServerTiming: StartPrintManager
07-16 00:44:26.075  1279  1279 I SystemServiceManager: Starting com.android.server.print.PrintManagerService
07-16 00:44:26.076  1279  1279 D SystemServerTiming: StartAttestationVerificationService
07-16 00:44:26.076  1279  1279 I SystemServiceManager: Starting com.android.server.security.AttestationVerificationManagerService
07-16 00:44:26.076  1279  1279 D AVF     : Started
07-16 00:44:26.076  1279  1279 D SystemServerTiming: StartCompanionDeviceManager
07-16 00:44:26.076  1279  1279 I SystemServiceManager: Starting com.android.server.companion.CompanionDeviceManagerService
07-16 00:44:26.077  1279  1279 I CompanionDevice_PersistentDataStore: Reading associations for user 0 from disk
07-16 00:44:26.078  1279  1279 D SystemServerTiming: StartVirtualDeviceManager
07-16 00:44:26.078  1279  1279 I SystemServiceManager: Starting com.android.server.companion.virtual.VirtualDeviceManagerService
07-16 00:44:26.078  1279  1279 D SystemServerTiming: StartRestrictionManager
07-16 00:44:26.078  1279  1279 I SystemServiceManager: Starting com.android.server.restrictions.RestrictionsManagerService
07-16 00:44:26.079  1279  1279 D SystemServerTiming: StartMediaSessionService
07-16 00:44:26.079  1279  1279 I SystemServiceManager: Starting com.android.server.media.MediaSessionService
07-16 00:44:26.080  1279  1279 D SystemServerTiming: StartMediaResourceMonitor
07-16 00:44:26.080  1279  1279 I SystemServiceManager: Starting com.android.server.media.MediaResourceMonitorService
07-16 00:44:26.080  1279  1279 D SystemServerTiming: StartMediaRouterService
07-16 00:44:26.081  1279  1279 V HistoricalRegistry: Interaction before persistence initialized
07-16 00:44:26.081  1279  1279 D SystemServerTiming: StartFaceSensor
07-16 00:44:26.081  1279  1279 I SystemServiceManager: Starting com.android.server.biometrics.sensors.face.FaceService
07-16 00:44:26.082  1279  1279 D SystemServerTiming: StartFingerprintSensor
07-16 00:44:26.082  1279  1279 I SystemServiceManager: Starting com.android.server.biometrics.sensors.fingerprint.FingerprintService
07-16 00:44:26.082  1279  1279 D SystemServerTiming: StartBiometricService
07-16 00:44:26.082  1279  1279 I SystemServiceManager: Starting com.android.server.biometrics.BiometricService
07-16 00:44:26.083  1279  1279 D SystemServerTiming: StartAuthService
07-16 00:44:26.083  1279  1279 I SystemServiceManager: Starting com.android.server.biometrics.AuthService
07-16 00:44:26.083  1279  1279 D AuthService: Registering HIDL ID: 0 Modality: 2 Strength: 15
07-16 00:44:26.085  1279  1279 D SystemServerTiming: StartDynamicCodeLoggingService
07-16 00:44:26.086  1279  1279 D SystemServerTiming: StartPruneInstantAppsJobService
07-16 00:44:26.086  1279  1279 D SystemServerTiming: StartShortcutServiceLifecycle
07-16 00:44:26.086  1279  1279 I SystemServiceManager: Starting com.android.server.pm.ShortcutService$Lifecycle
07-16 00:44:26.086  1279  2075 D BiometricService: Registering ID: 1008 Modality: 8 Strength: 255
07-16 00:44:26.087  1279  2075 D BiometricStrengthController: updateStrengths: revert sensorId=1008 to oemStrength=255
07-16 00:44:26.087  1279  2075 D BiometricService/Sensor: updateStrength: Before(ID(1008), oemStrength: 255, updatedStrength: 255, modality 8, state: 0, cookie: 0) After(ID(1008), oemStrength: 255, updatedStrength: 255, modality 8, state: 0, cookie: 0)
07-16 00:44:26.087  1279  1279 V HistoricalRegistry: Interaction before persistence initialized
07-16 00:44:26.087  1279  2074 D BiometricService: Registering ID: 0 Modality: 2 Strength: 15
07-16 00:44:26.087  1279  2074 D BiometricStrengthController: updateStrengths: revert sensorId=1008 to oemStrength=255
07-16 00:44:26.087  1279  2074 D BiometricService/Sensor: updateStrength: Before(ID(1008), oemStrength: 255, updatedStrength: 255, modality 8, state: 0, cookie: 0) After(ID(1008), oemStrength: 255, updatedStrength: 255, modality 8, state: 0, cookie: 0)
07-16 00:44:26.087  1279  2074 D BiometricStrengthController: updateStrengths: revert sensorId=0 to oemStrength=15
07-16 00:44:26.087  1279  2074 D BiometricService/Sensor: updateStrength: Before(ID(0), oemStrength: 15, updatedStrength: 15, modality 2, state: 0, cookie: 0) After(ID(0), oemStrength: 15, updatedStrength: 15, modality 2, state: 0, cookie: 0)
07-16 00:44:26.087  1279  1279 D SystemServerTiming: StartLauncherAppsService
07-16 00:44:26.087  1279  1279 I SystemServiceManager: Starting com.android.server.pm.LauncherAppsService
07-16 00:44:26.088  1279  1279 D SystemServerTiming: StartCrossProfileAppsService
07-16 00:44:26.088  1279  1279 I SystemServiceManager: Starting com.android.server.pm.CrossProfileAppsService
07-16 00:44:26.089  1279  1279 D SystemServerTiming: StartPeopleService
07-16 00:44:26.089  1279  1279 I SystemServiceManager: Starting com.android.server.people.PeopleService
07-16 00:44:26.090  1279  1279 D SystemServerTiming: StartMediaMetricsManager
07-16 00:44:26.090  1279  1279 I SystemServiceManager: Starting com.android.server.media.metrics.MediaMetricsManagerService
07-16 00:44:26.090  1279  1279 D SystemServerTiming: StartLinearmotorVibratorService
07-16 00:44:26.090  1279  1279 I SystemServiceManager: Starting com.android.server.vibrator.LinearmotorVibratorService
07-16 00:44:26.091  1279  1279 D SystemServerTiming: StartLineageHardwareService
07-16 00:44:26.091  1279  1279 I SystemServiceManager: Starting com.android.server.custom.LineageHardwareService
07-16 00:44:26.093  1279  1279 D SystemServerTiming: StartCustomGlobalActionsService
07-16 00:44:26.093  1279  1279 I SystemServiceManager: Starting com.android.server.custom.globalactions.CustomGlobalActionsService
07-16 00:44:26.093  1279  1279 D SystemServerTiming: StartLiveDisplayService
07-16 00:44:26.093  1279  1279 I SystemServiceManager: Starting com.android.server.custom.display.LiveDisplayService
07-16 00:44:26.095  1279  1279 D SystemServerTiming: StartMediaProjectionManager
07-16 00:44:26.095  1279  1279 I SystemServiceManager: Starting com.android.server.media.projection.MediaProjectionManagerService
07-16 00:44:26.096  1279  1279 D SystemServerTiming: StartSliceManagerService
07-16 00:44:26.097  1279  1279 I SystemServiceManager: Starting com.android.server.slice.SliceManagerService$Lifecycle
07-16 00:44:26.097  1279  1279 D SystemServerTiming: StartStatsCompanion
07-16 00:44:26.098  1279  1279 I SystemServiceManager: Starting com.android.server.stats.StatsCompanion$Lifecycle
07-16 00:44:26.099  1279  1279 D SystemServerTiming: StartRebootReadinessManagerService
07-16 00:44:26.100  1279  1279 I SystemServiceManager: Starting com.android.server.scheduling.RebootReadinessManagerService$Lifecycle
07-16 00:44:26.103  1279  1279 D SystemServerTiming: StartStatsPullAtomService
07-16 00:44:26.103  1279  1279 I SystemServiceManager: Starting com.android.server.stats.pull.StatsPullAtomService
07-16 00:44:26.103  1279  1279 D SystemServerTiming: StatsBootstrapAtomService
07-16 00:44:26.103  1279  1279 I SystemServiceManager: Starting com.android.server.stats.bootstrap.StatsBootstrapAtomService$Lifecycle
07-16 00:44:26.104  1279  1279 D SystemServerTiming: StartIncidentCompanionService
07-16 00:44:26.104  1279  1279 I SystemServiceManager: Starting com.android.server.incident.IncidentCompanionService
07-16 00:44:26.104  1279  1279 D SystemServerTiming: StarSdkSandboxManagerService
07-16 00:44:26.104  1279  1279 I SystemServiceManager: Starting com.android.server.sdksandbox.SdkSandboxManagerService$Lifecycle
07-16 00:44:26.106  1279  1279 D SystemServerTiming: StartAdServicesManagerService
07-16 00:44:26.106  1279  1279 I SystemServiceManager: Starting com.android.server.adservices.AdServicesManagerService$Lifecycle
07-16 00:44:26.106  1279  1279 D SystemServerTiming: StartMmsService
07-16 00:44:26.106  1279  1279 I SystemServiceManager: Starting com.android.server.MmsServiceBroker
07-16 00:44:26.106  1279  1279 D SystemServerTiming: StartAutoFillService
07-16 00:44:26.106  1279  1279 I SystemServiceManager: Starting com.android.server.autofill.AutofillManagerService
07-16 00:44:26.107  1279  1279 E AutofillManagerServiceImpl: Bad service name: com.google.android.gms/.autofill.service.AutofillService
07-16 00:44:26.107  1279  1279 E RemoteAugmentedAutofillService: Bad service name for flags 1048704: com.google.android.as/com.google.android.apps.miphone.aiai.app.AiAiAugmentedAutofillService
07-16 00:44:26.108  1279  1279 D SystemServerTiming: StartTranslationManagerService
07-16 00:44:26.108  1279  1279 I SystemServiceManager: Starting com.android.server.translation.TranslationManagerService
07-16 00:44:26.109  1279  1279 D SystemServerTiming: StartClipboardService
07-16 00:44:26.109  1279  1279 I SystemServiceManager: Starting com.android.server.clipboard.ClipboardService
07-16 00:44:26.110  1279  1279 D SystemServerTiming: AppServiceManager
07-16 00:44:26.110  1279  1279 I SystemServiceManager: Starting com.android.server.appbinding.AppBindingService$Lifecycle
07-16 00:44:26.111  1279  1279 D SystemServerTiming: startTracingServiceProxy
07-16 00:44:26.111  1279  1279 I SystemServiceManager: Starting com.android.server.tracing.TracingServiceProxy
07-16 00:44:26.111  1279  1279 D SystemServerTiming: MakeLockSettingsServiceReady
07-16 00:44:26.116  1279  1279 I SyntheticPasswordManager: Device does not support weaver
07-16 00:44:26.116  1279  1279 I LockSettingsService: Device doesn't implement AuthSecret HAL
07-16 00:44:26.117  1279  1279 D SystemServerTiming: StartBootPhaseLockSettingsReady
07-16 00:44:26.117  1279  1279 I SystemServiceManager: Starting phase 480
07-16 00:44:26.117  1279  1279 D SystemServerTiming: OnBootPhase_480
07-16 00:44:26.117  1279  1279 D SystemServerTiming: OnBootPhase_480_com.android.server.security.FileIntegrityService
07-16 00:44:26.117  1279  1279 D SystemServerTiming: OnBootPhase_480_com.android.server.pm.Installer
07-16 00:44:26.117  1279  1279 D SystemServerTiming: OnBootPhase_480_com.android.server.os.DeviceIdentifiersPolicyService
07-16 00:44:26.117  1279  1279 D SystemServerTiming: OnBootPhase_480_com.android.server.uri.UriGrantsManagerService$Lifecycle
07-16 00:44:26.117  1279  1279 D SystemServerTiming: OnBootPhase_480_com.android.server.powerstats.PowerStatsService
07-16 00:44:26.117  1279  1279 D SystemServerTiming: OnBootPhase_480_com.android.server.wm.ActivityTaskManagerService$Lifecycle
07-16 00:44:26.117  1279  1279 D SystemServerTiming: OnBootPhase_480_com.android.server.am.ActivityManagerService$Lifecycle
07-16 00:44:26.117  1279  1279 D SystemServerTiming: OnBootPhase_480_com.android.server.pm.DataLoaderManagerService
07-16 00:44:26.117  1279  1279 D SystemServerTiming: OnBootPhase_480_com.android.server.power.PowerManagerService
07-16 00:44:26.117  1279  1279 D SystemServerTiming: OnBootPhase_480_com.android.server.power.ThermalManagerService
07-16 00:44:26.117  1279  1279 D SystemServerTiming: OnBootPhase_480_com.android.server.power.hint.HintManagerService
07-16 00:44:26.117  1279  1279 D SystemServerTiming: OnBootPhase_480_com.android.server.recoverysystem.RecoverySystemService$Lifecycle
07-16 00:44:26.117  1279  1279 D SystemServerTiming: OnBootPhase_480_com.android.server.lights.LightsService
07-16 00:44:26.117  1279  1279 D SystemServerTiming: OnBootPhase_480_com.android.server.display.DisplayManagerService
07-16 00:44:26.117  1279  1279 D SystemServerTiming: OnBootPhase_480_com.android.server.pm.verify.domain.DomainVerificationService
07-16 00:44:26.117  1279  1279 D SystemServerTiming: OnBootPhase_480_com.android.server.pm.PackageInstallerService$Lifecycle
07-16 00:44:26.117  1279  1279 D SystemServerTiming: OnBootPhase_480_com.android.server.pm.UserManagerService$LifeCycle
07-16 00:44:26.117  1279  1279 D SystemServerTiming: OnBootPhase_480_com.android.server.om.OverlayManagerService
07-16 00:44:26.117  1279  1279 D SystemServerTiming: OnBootPhase_480_com.android.server.resources.ResourcesManagerService
07-16 00:44:26.117  1279  1279 D SystemServerTiming: OnBootPhase_480_com.android.server.sensorprivacy.SensorPrivacyService
07-16 00:44:26.117  1279  1279 D SystemServerTiming: OnBootPhase_480_com.android.server.sensors.SensorService
07-16 00:44:26.117  1279  1279 D SystemServerTiming: OnBootPhase_480_com.android.server.SystemConfigService
07-16 00:44:26.117  1279  1279 D SystemServerTiming: OnBootPhase_480_com.android.server.BatteryService
07-16 00:44:26.117  1279  1279 D SystemServerTiming: OnBootPhase_480_com.android.server.usage.UsageStatsService
07-16 00:44:26.117  1279  1279 D SystemServerTiming: OnBootPhase_480_com.android.server.webkit.WebViewUpdateService
07-16 00:44:26.117  1279  1279 D SystemServerTiming: OnBootPhase_480_com.android.server.CachedDeviceStateService
07-16 00:44:26.117  1279  1279 D SystemServerTiming: OnBootPhase_480_com.android.server.BinderCallsStatsService$LifeCycle
07-16 00:44:26.117  1279  1279 D SystemServerTiming: OnBootPhase_480_com.android.server.LooperStatsService$Lifecycle
07-16 00:44:26.117  1279  1279 D SystemServerTiming: OnBootPhase_480_com.android.server.rollback.RollbackManagerService
07-16 00:44:26.117  1279  1279 D SystemServerTiming: OnBootPhase_480_com.android.server.os.NativeTombstoneManagerService
07-16 00:44:26.117  1279  1279 D SystemServerTiming: OnBootPhase_480_com.android.server.os.BugreportManagerService
07-16 00:44:26.117  1279  1279 D SystemServerTiming: OnBootPhase_480_com.android.server.gpu.GpuService
07-16 00:44:26.117  1279  1279 D SystemServerTiming: OnBootPhase_480_com.android.server.security.KeyChainSystemService
07-16 00:44:26.117  1279  1279 D SystemServerTiming: OnBootPhase_480_com.android.server.BinaryTransparencyService
07-16 00:44:26.117  1279  1279 D SystemServerTiming: OnBootPhase_480_com.android.server.telecom.TelecomLoaderService
07-16 00:44:26.117  1279  1279 D SystemServerTiming: OnBootPhase_480_com.android.server.accounts.AccountManagerService$Lifecycle
07-16 00:44:26.117  1279  1279 D SystemServerTiming: OnBootPhase_480_com.android.server.content.ContentService$Lifecycle
07-16 00:44:26.118  1279  1279 D SystemServerTiming: OnBootPhase_480_com.android.server.DropBoxManagerService
07-16 00:44:26.118  1279  1279 D SystemServerTiming: OnBootPhase_480_com.android.role.RoleService
07-16 00:44:26.118  1279  1279 D SystemServerTiming: OnBootPhase_480_com.android.server.vibrator.VibratorManagerService$Lifecycle
07-16 00:44:26.118  1279  1279 D SystemServerTiming: OnBootPhase_480_com.android.server.tare.InternalResourceService
07-16 00:44:26.118  1279  1279 D SystemServerTiming: OnBootPhase_480_com.android.server.alarm.AlarmManagerService
07-16 00:44:26.118  1279  1279 D SystemServerTiming: OnBootPhase_480_com.android.server.devicestate.DeviceStateManagerService
07-16 00:44:26.118  1279  1279 D SystemServerTiming: OnBootPhase_480_com.android.server.camera.CameraServiceProxy
07-16 00:44:26.118  1279  1279 D SystemServerTiming: OnBootPhase_480_com.android.server.bluetooth.BluetoothService
07-16 00:44:26.118  1279  1279 D SystemServerTiming: OnBootPhase_480_com.android.server.connectivity.IpConnectivityMetrics
07-16 00:44:26.118  1279  1279 D SystemServerTiming: OnBootPhase_480_com.android.server.net.watchlist.NetworkWatchlistService$Lifecycle
07-16 00:44:26.118  1279  1279 D SystemServerTiming: OnBootPhase_480_com.android.server.PinnerService
07-16 00:44:26.118  1279  1279 D SystemServerTiming: OnBootPhase_480_com.android.server.integrity.AppIntegrityManagerService
07-16 00:44:26.118  1279  1279 D SystemServerTiming: OnBootPhase_480_com.android.server.logcat.LogcatManagerService
07-16 00:44:26.118  1279  1279 D SystemServerTiming: OnBootPhase_480_com.android.server.power.PowerOffAlarmService
07-16 00:44:26.118  1279  1279 D SystemServerTiming: OnBootPhase_480_com.android.server.inputmethod.InputMethodManagerService$Lifecycle
07-16 00:44:26.118  1279  1279 D SystemServerTiming: OnBootPhase_480_com.android.server.accessibility.AccessibilityManagerService$Lifecycle
07-16 00:44:26.118  1279  1279 D SystemServerTiming: OnBootPhase_480_com.android.server.StorageManagerService$Lifecycle
07-16 00:44:26.118  1279  1279 D SystemServerTiming: OnBootPhase_480_com.android.server.usage.StorageStatsService$Lifecycle
07-16 00:44:26.118  1279  1279 D SystemServerTiming: OnBootPhase_480_com.android.server.UiModeManagerService
07-16 00:44:26.118  1279  1279 D SystemServerTiming: OnBootPhase_480_com.android.server.locales.LocaleManagerService
07-16 00:44:26.118  1279  1279 D SystemServerTiming: OnBootPhase_480_com.android.server.locksettings.LockSettingsService$Lifecycle
07-16 00:44:26.118  1279  1279 D SystemServerTiming: OnBootPhase_480_com.android.server.PersistentDataBlockService
07-16 00:44:26.118  1279  1279 D SystemServerTiming: OnBootPhase_480_com.android.server.testharness.TestHarnessModeService
07-16 00:44:26.118  1279  1279 D SystemServerTiming: OnBootPhase_480_com.android.server.oemlock.OemLockService
07-16 00:44:26.118  1279  1279 D SystemServerTiming: OnBootPhase_480_com.android.server.DeviceIdleController
07-16 00:44:26.118  1279  1279 D SystemServerTiming: OnBootPhase_480_com.android.server.devicepolicy.DevicePolicyManagerService$Lifecycle
07-16 00:44:26.125  1279  1279 I UsbPortManager: USB HAL HIDL version: 10
07-16 00:44:26.125  1279  1279 D SystemServerTiming: OnBootPhase_480_com.android.server.musicrecognition.MusicRecognitionManagerService
07-16 00:44:26.125  1279  1279 D SystemServerTiming: OnBootPhase_480_com.android.server.contentcapture.ContentCaptureManagerService
07-16 00:44:26.125  1279  1279 D SystemServerTiming: OnBootPhase_480_com.android.server.attention.AttentionManagerService
07-16 00:44:26.125  1279  1279 D SystemServerTiming: OnBootPhase_480_com.android.server.rotationresolver.RotationResolverManagerService
07-16 00:44:26.125  1279  1279 D SystemServerTiming: OnBootPhase_480_com.android.server.systemcaptions.SystemCaptionsManagerService
07-16 00:44:26.125  1279  1279 D SystemServerTiming: OnBootPhase_480_com.android.server.texttospeech.TextToSpeechManagerService
07-16 00:44:26.125  1279  1279 D SystemServerTiming: OnBootPhase_480_com.android.server.ambientcontext.AmbientContextManagerService
07-16 00:44:26.125  1279  1279 D SystemServerTiming: OnBootPhase_480_com.android.server.speech.SpeechRecognitionManagerService
07-16 00:44:26.125  1279  1279 D SystemServerTiming: OnBootPhase_480_com.android.server.appprediction.AppPredictionManagerService
07-16 00:44:26.125  1279  1279 D SystemServerTiming: OnBootPhase_480_com.android.server.contentsuggestions.ContentSuggestionsManagerService
07-16 00:44:26.125  1279  1279 D SystemServerTiming: OnBootPhase_480_com.android.server.searchui.SearchUiManagerService
07-16 00:44:26.125  1279  1279 D SystemServerTiming: OnBootPhase_480_com.android.server.smartspace.SmartspaceManagerService
07-16 00:44:26.125  1279  1279 D SystemServerTiming: OnBootPhase_480_com.android.server.graphics.fonts.FontManagerService$Lifecycle
07-16 00:44:26.125  1279  1279 D SystemServerTiming: OnBootPhase_480_com.android.server.textservices.TextServicesManagerService$Lifecycle
07-16 00:44:26.125  1279  1279 D SystemServerTiming: OnBootPhase_480_com.android.server.textclassifier.TextClassificationManagerService$Lifecycle
07-16 00:44:26.125  1279  1279 D SystemServerTiming: OnBootPhase_480_com.android.server.NetworkScoreService$Lifecycle
07-16 00:44:26.125  1279  1279 D SystemServerTiming: OnBootPhase_480_com.android.server.NetworkStatsServiceInitializer
07-16 00:44:26.125  1279  1279 D SystemServerTiming: OnBootPhase_480_com.android.server.wifi.WifiService
07-16 00:44:26.125  1279  1279 D SystemServerTiming: OnBootPhase_480_com.android.server.wifi.scanner.WifiScanningService
07-16 00:44:26.125  1279  1279 D SystemServerTiming: OnBootPhase_480_com.android.server.wifi.p2p.WifiP2pService
07-16 00:44:26.125  1279  1279 D SystemServerTiming: OnBootPhase_480_com.android.server.ConnectivityServiceInitializer
07-16 00:44:26.126  1279  1871 D SystemServerTimingAsync: InitThreadPoolExec:DevicePolicyManager
07-16 00:44:26.126  1279  1279 D SystemServerTiming: OnBootPhase_480_com.android.server.notification.NotificationManagerService
07-16 00:44:26.126  1279  1279 D SystemServerTiming: OnBootPhase_480_com.android.server.storage.DeviceStorageMonitorService
07-16 00:44:26.126  1279  1279 D SystemServerTiming: OnBootPhase_480_com.android.server.location.LocationManagerService$Lifecycle
07-16 00:44:26.126  1279  1279 D SystemServerTiming: OnBootPhase_480_com.android.server.timedetector.TimeDetectorService$Lifecycle
07-16 00:44:26.126  1279  1279 D SystemServerTiming: OnBootPhase_480_com.android.server.timezonedetector.TimeZoneDetectorService$Lifecycle
07-16 00:44:26.126  1279  1279 D SystemServerTiming: OnBootPhase_480_com.android.server.timezonedetector.location.LocationTimeZoneManagerService$Lifecycle
07-16 00:44:26.126  1279  1279 D SystemServerTiming: OnBootPhase_480_com.android.server.search.SearchManagerService$Lifecycle
07-16 00:44:26.126  1279  1279 D SystemServerTiming: OnBootPhase_480_com.android.server.wallpaper.WallpaperManagerService$Lifecycle
07-16 00:44:26.126  1279  1279 D SystemServerTiming: OnBootPhase_480_com.android.server.wallpapereffectsgeneration.WallpaperEffectsGenerationManagerService
07-16 00:44:26.126  1279  1279 D SystemServerTiming: OnBootPhase_480_com.android.server.audio.AudioService$Lifecycle
07-16 00:44:26.126  1279  1279 D SystemServerTiming: OnBootPhase_480_com.android.server.soundtrigger_middleware.SoundTriggerMiddlewareService$Lifecycle
07-16 00:44:26.126  1279  1279 D SystemServerTiming: OnBootPhase_480_com.android.server.DockObserver
07-16 00:44:26.126  1279  1279 D SystemServerTiming: OnBootPhase_480_com.android.server.midi.MidiService$Lifecycle
07-16 00:44:26.126  1279  1279 D SystemServerTiming: OnBootPhase_480_com.android.server.adb.AdbService$Lifecycle
07-16 00:44:26.126  1279  1279 D SystemServerTiming: OnBootPhase_480_com.android.server.usb.UsbService$Lifecycle
07-16 00:44:26.126  1279  1279 D SystemServerTiming: OnBootPhase_480_com.android.server.twilight.TwilightService
07-16 00:44:26.126  1279  1279 D SystemServerTiming: OnBootPhase_480_com.android.server.display.color.ColorDisplayService
07-16 00:44:26.126  1279  1279 D SystemServerTiming: OnBootPhase_480_com.android.server.job.JobSchedulerService
07-16 00:44:26.126  1279  1279 D SystemServerTiming: OnBootPhase_480_com.android.server.soundtrigger.SoundTriggerService
07-16 00:44:26.126  1279  1279 D SoundTriggerService: onBootPhase: 480 : false
07-16 00:44:26.126  1279  1279 D SystemServerTiming: OnBootPhase_480_com.android.server.trust.TrustManagerService
07-16 00:44:26.126  1279  1279 D SystemServerTiming: OnBootPhase_480_com.android.server.backup.BackupManagerService$Lifecycle
07-16 00:44:26.126  1279  1279 D SystemServerTiming: OnBootPhase_480_com.android.server.appwidget.AppWidgetService
07-16 00:44:26.126  1279  1279 D SystemServerTiming: OnBootPhase_480_com.android.server.voiceinteraction.VoiceInteractionManagerService
07-16 00:44:26.126  1279  1279 D SystemServerTiming: OnBootPhase_480_com.android.server.apphibernation.AppHibernationService
07-16 00:44:26.126  1279  1279 D SystemServerTiming: OnBootPhase_480_com.android.server.GestureLauncherService
07-16 00:44:26.126  1279  1279 D SystemServerTiming: OnBootPhase_480_com.android.server.SensorNotificationService
07-16 00:44:26.126  1279  1279 D SystemServerTiming: OnBootPhase_480_com.android.server.emergency.EmergencyAffordanceService
07-16 00:44:26.126  1279  1279 D SystemServerTiming: OnBootPhase_480_com.android.server.blob.BlobStoreManagerService
07-16 00:44:26.126  1279  1279 D SystemServerTiming: OnBootPhase_480_com.android.server.dreams.DreamManagerService
07-16 00:44:26.126  1279  1279 D SystemServerTiming: OnBootPhase_480_com.android.server.print.PrintManagerService
07-16 00:44:26.126  1279  1279 D SystemServerTiming: OnBootPhase_480_com.android.server.security.AttestationVerificationManagerService
07-16 00:44:26.126  1279  1279 D SystemServerTiming: OnBootPhase_480_com.android.server.companion.CompanionDeviceManagerService
07-16 00:44:26.126  1279  1279 D SystemServerTiming: OnBootPhase_480_com.android.server.companion.virtual.VirtualDeviceManagerService
07-16 00:44:26.126  1279  1279 D SystemServerTiming: OnBootPhase_480_com.android.server.restrictions.RestrictionsManagerService
07-16 00:44:26.126  1279  1279 D SystemServerTiming: OnBootPhase_480_com.android.server.media.MediaSessionService
07-16 00:44:26.126  1279  1279 D SystemServerTiming: OnBootPhase_480_com.android.server.media.MediaResourceMonitorService
07-16 00:44:26.126  1279  1279 D SystemServerTiming: OnBootPhase_480_com.android.server.biometrics.sensors.face.FaceService
07-16 00:44:26.126  1279  1279 D SystemServerTiming: OnBootPhase_480_com.android.server.biometrics.sensors.fingerprint.FingerprintService
07-16 00:44:26.126  1279  1279 D SystemServerTiming: OnBootPhase_480_com.android.server.biometrics.BiometricService
07-16 00:44:26.126  1279  1279 D SystemServerTiming: OnBootPhase_480_com.android.server.biometrics.AuthService
07-16 00:44:26.126  1279  1279 D SystemServerTiming: OnBootPhase_480_com.android.server.pm.ShortcutService$Lifecycle
07-16 00:44:26.128  1279  1279 D SystemServerTiming: OnBootPhase_480_com.android.server.pm.LauncherAppsService
07-16 00:44:26.128  1279  1279 D SystemServerTiming: OnBootPhase_480_com.android.server.pm.CrossProfileAppsService
07-16 00:44:26.128  1279  1279 D SystemServerTiming: OnBootPhase_480_com.android.server.people.PeopleService
07-16 00:44:26.128  1279  1279 D SystemServerTiming: OnBootPhase_480_com.android.server.media.metrics.MediaMetricsManagerService
07-16 00:44:26.128  1279  1279 D SystemServerTiming: OnBootPhase_480_com.android.server.vibrator.LinearmotorVibratorService
07-16 00:44:26.128  1279  1279 D SystemServerTiming: OnBootPhase_480_com.android.server.custom.LineageHardwareService
07-16 00:44:26.128  1279  1279 D SystemServerTiming: OnBootPhase_480_com.android.server.custom.globalactions.CustomGlobalActionsService
07-16 00:44:26.128  1279  1279 D SystemServerTiming: OnBootPhase_480_com.android.server.custom.display.LiveDisplayService
07-16 00:44:26.128  1279  1279 D SystemServerTiming: OnBootPhase_480_com.android.server.media.projection.MediaProjectionManagerService
07-16 00:44:26.128  1279  1279 D SystemServerTiming: OnBootPhase_480_com.android.server.slice.SliceManagerService$Lifecycle
07-16 00:44:26.128  1279  1279 D SystemServerTiming: OnBootPhase_480_com.android.server.stats.StatsCompanion$Lifecycle
07-16 00:44:26.128  1279  1279 D SystemServerTiming: OnBootPhase_480_com.android.server.scheduling.RebootReadinessManagerService$Lifecycle
07-16 00:44:26.128  1279  1279 D SystemServerTiming: OnBootPhase_480_com.android.server.stats.pull.StatsPullAtomService
07-16 00:44:26.128  1279  1279 D SystemServerTiming: OnBootPhase_480_com.android.server.stats.bootstrap.StatsBootstrapAtomService$Lifecycle
07-16 00:44:26.128  1279  1279 D SystemServerTiming: OnBootPhase_480_com.android.server.incident.IncidentCompanionService
07-16 00:44:26.128  1279  1279 D SystemServerTiming: OnBootPhase_480_com.android.server.sdksandbox.SdkSandboxManagerService$Lifecycle
07-16 00:44:26.128  1279  1279 D SystemServerTiming: OnBootPhase_480_com.android.server.adservices.AdServicesManagerService$Lifecycle
07-16 00:44:26.128  1279  1279 D SystemServerTiming: OnBootPhase_480_com.android.server.MmsServiceBroker
07-16 00:44:26.128  1279  1279 D SystemServerTiming: OnBootPhase_480_com.android.server.autofill.AutofillManagerService
07-16 00:44:26.128  1279  1279 D SystemServerTiming: OnBootPhase_480_com.android.server.translation.TranslationManagerService
07-16 00:44:26.128  1279  1279 D SystemServerTiming: OnBootPhase_480_com.android.server.clipboard.ClipboardService
07-16 00:44:26.128  1279  1279 D SystemServerTiming: OnBootPhase_480_com.android.server.appbinding.AppBindingService$Lifecycle
07-16 00:44:26.128  1279  1279 D SystemServerTiming: OnBootPhase_480_com.android.server.tracing.TracingServiceProxy
07-16 00:44:26.128  1279  1279 D SystemServerTiming: StartBootPhaseSystemServicesReady
07-16 00:44:26.128  1279  1279 I SystemServiceManager: Starting phase 500
07-16 00:44:26.128  1279  1279 D SystemServerTiming: OnBootPhase_500
07-16 00:44:26.128  1279  1279 D SystemServerTiming: OnBootPhase_500_com.android.server.security.FileIntegrityService
07-16 00:44:26.128  1279  1279 D SystemServerTiming: OnBootPhase_500_com.android.server.pm.Installer
07-16 00:44:26.128  1279  1279 D SystemServerTiming: OnBootPhase_500_com.android.server.os.DeviceIdentifiersPolicyService
07-16 00:44:26.128  1279  1279 D SystemServerTiming: OnBootPhase_500_com.android.server.uri.UriGrantsManagerService$Lifecycle
07-16 00:44:26.129  1279  1279 D SystemServerTiming: OnBootPhase_500_com.android.server.powerstats.PowerStatsService
07-16 00:44:26.129  1279  1279 E StatsPullAtomCallbackImpl: Failed to init OnDevicePowerMeasurement puller
07-16 00:44:26.129  1279  1279 D SystemServerTiming: OnBootPhase_500_com.android.server.wm.ActivityTaskManagerService$Lifecycle
07-16 00:44:26.129  1279  1279 D SystemServerTiming: OnBootPhase_500_com.android.server.am.ActivityManagerService$Lifecycle
07-16 00:44:26.133  1279  1279 D SystemServerTiming: OnBootPhase_500_com.android.server.pm.DataLoaderManagerService
07-16 00:44:26.133  1279  1279 D SystemServerTiming: OnBootPhase_500_com.android.server.power.PowerManagerService
07-16 00:44:26.133  1279  1279 I AttentionDetector: readValuesFromDeviceConfig():
07-16 00:44:26.133  1279  1279 I AttentionDetector: mMaximumExtensionMillis=900000
07-16 00:44:26.133  1279  1279 I AttentionDetector: mPreDimCheckDurationMillis=2000
07-16 00:44:26.133  1279  1279 I AttentionDetector: mRequestedPostDimTimeoutMillis=0
07-16 00:44:26.136  1279  1279 W BrightnessThrottler: DeviceConfig BrightnessThrottlingData is null
07-16 00:44:26.136  1279  1279 E DisplayPowerController[0]: failed to set up display white-balance: java.lang.IllegalStateException: cannot find sensor com.google.sensor.color
07-16 00:44:26.139  1279  1643 E KernelWakelockReader: neither /proc/wakelocks nor /d/wakeup_sources exists
07-16 00:44:26.140  1279  1643 W BatteryStatsImpl: Couldn't get kernel wake lock stats
07-16 00:44:26.140  1279  1686 W KeyguardServiceDelegate: onScreenTurningOn(): no keyguard service!
07-16 00:44:26.140  1279  1279 I FaceDownDetector: readValuesFromDeviceConfig():
07-16 00:44:26.140  1279  1279 I FaceDownDetector: mAccelerationThreshold=0.2
07-16 00:44:26.140  1279  1279 I FaceDownDetector: mZAccelerationThreshold=-9.5
07-16 00:44:26.140  1279  1279 I FaceDownDetector: mTimeThreshold=PT1S
07-16 00:44:26.140  1279  1279 I FaceDownDetector: mIsEnabled=true
07-16 00:44:26.141  1279  1686 V DisplayPowerController[0]: Brightness [0.72047246] reason changing to: 'override', previous reason: '0'.
07-16 00:44:26.141  1279  1686 I DisplayPowerController[0]: BrightnessEvent: disp=0, physDisp=local:4630946253560767361, brt=0.72047246, initBrt=NaN, rcmdBrt=NaN, preBrt=NaN, lux=0.0, preLux=0.0, hbmMax=1.0, hbmMode=off, rbcStrength=0, powerFactor=1.0, thrmMax=1.0, wasShortTermModelActive=false, flags=, reason=override, autoBrightness=false
07-16 00:44:26.141  1279  1686 I DisplayPowerController[0]: BrightnessEvent: disp=0, physDisp=local:4630946253560767361, brt=0.72047246, initBrt=0.72047246, rcmdBrt=NaN, preBrt=NaN, lux=0.0, preLux=0.0, hbmMax=1.0, hbmMode=off, rbcStrength=0, powerFactor=1.0, thrmMax=1.0, wasShortTermModelActive=false, flags=, reason=override, autoBrightness=true
07-16 00:44:26.142  1279  1686 I DisplayPowerController[0]: BrightnessEvent: disp=0, physDisp=local:4630946253560767361, brt=0.72047246, initBrt=0.72047246, rcmdBrt=NaN, preBrt=NaN, lux=0.0, preLux=0.0, hbmMax=1.0, hbmMode=off, rbcStrength=0, powerFactor=1.0, thrmMax=1.0, wasShortTermModelActive=false, flags=, reason=override, autoBrightness=true
07-16 00:44:26.142  1279  1619 I DropBoxManagerService: add tag=system_server_wtf isTagEnabled=true flags=0x2
07-16 00:44:26.144  1279  1279 I ScreenUndimDetector: readValuesFromDeviceConfig():
07-16 00:44:26.144  1279  1279 I ScreenUndimDetector: mKeepScreenOnForMillis=600000
07-16 00:44:26.144  1279  1279 I ScreenUndimDetector: mKeepScreenOnNotificationEnabled=true
07-16 00:44:26.144  1279  1279 I ScreenUndimDetector: mUndimsRequired=2
07-16 00:44:26.146  1279  1279 D SystemServerTiming: OnBootPhase_500_com.android.server.power.ThermalManagerService
07-16 00:44:26.146  1279  1279 D SystemServerTiming: OnBootPhase_500_com.android.server.power.hint.HintManagerService
07-16 00:44:26.146  1279  1279 V HintManagerService: Initializing HintManager service...
07-16 00:44:26.146  1279  1279 V HistoricalRegistry: Interaction before persistence initialized
07-16 00:44:26.146  1279  1279 D SystemServerTiming: OnBootPhase_500_com.android.server.recoverysystem.RecoverySystemService$Lifecycle
