07-16 00:44:24.466  1279  1279 I ApexManager: Registering com.android.permissioncontroller as apk-in-apex of com.android.permission
07-16 00:44:24.469  1279  1279 I ApexManager: Registering com.android.adservices.api as apk-in-apex of com.android.adservices
07-16 00:44:24.471  1279  1279 I ApexManager: Registering com.android.sdksandbox as apk-in-apex of com.android.adservices
07-16 00:44:24.474  1279  1279 I ApexManager: Registering android.ext.services as apk-in-apex of com.android.extservices
07-16 00:44:24.477  1279  1279 I ApexManager: Registering com.android.ondevicepersonalization.services as apk-in-apex of com.android.ondevicepersonalization
07-16 00:44:24.480  1279  1279 I ApexManager: Registering com.android.cellbroadcastservice as apk-in-apex of com.android.cellbroadcast
07-16 00:44:24.481  1279  1279 I ApexManager: Registering com.android.cellbroadcastreceiver.module as apk-in-apex of com.android.cellbroadcast
07-16 00:44:24.484  1279  1279 I ApexManager: Registering com.android.cts.priv.ctsshim as apk-in-apex of com.android.apex.cts.shim
07-16 00:44:24.485  1279  1279 I ApexManager: Registering com.android.cts.ctsshim as apk-in-apex of com.android.apex.cts.shim
07-16 00:44:24.488  1279  1279 I ApexManager: Registering com.android.wifi.resources as apk-in-apex of com.android.wifi
07-16 00:44:24.491  1279  1279 I ApexManager: Registering com.android.wifi.dialog as apk-in-apex of com.android.wifi
07-16 00:44:24.492  1279  1279 I ApexManager: Registering com.android.hotspot2.osulogin as apk-in-apex of com.android.wifi
07-16 00:44:24.495  1279  1279 I ApexManager: Registering com.android.connectivity.resources as apk-in-apex of com.android.tethering
07-16 00:44:24.496  1279  1279 I ApexManager: Registering com.android.networkstack.tethering as apk-in-apex of com.android.tethering
07-16 00:44:24.498  1279  1279 I ApexManager: Registering com.android.nearby.halfsheet as apk-in-apex of com.android.tethering
07-16 00:44:24.501  1279  1279 I ApexManager: Registering com.android.uwb.resources as apk-in-apex of com.android.uwb
07-16 00:44:24.504  1279  1279 I ApexManager: Registering com.android.bluetooth as apk-in-apex of com.android.btservices
07-16 00:44:24.507  1279  1279 I ApexManager: Registering com.android.providers.media.module as apk-in-apex of com.android.mediaprovider
07-16 00:44:24.513  1279  1279 I PackageManager: Finished scanning system apps. Time: 272 ms, packageCount: 186 , timePerPackage: 1 , cached: 242
07-16 00:44:24.546  1279  1279 W PackageManager: Relax SCAN_REQUIRE_KNOWN requirement for package com.google.android.apps.restore
07-16 00:44:24.549  1279  1279 W PackageManager: Relax SCAN_REQUIRE_KNOWN requirement for package com.google.android.contacts
07-16 00:44:24.553  1279  1279 W PackageManager: Relax SCAN_REQUIRE_KNOWN requirement for package com.google.android.apps.safetyhub
07-16 00:44:24.555  1279  1279 W PackageManager: Relax SCAN_REQUIRE_KNOWN requirement for package com.google.android.tts
07-16 00:44:24.563  1279  1279 W PackageManager: Skipping provider name com.infonow.bofa.provider (in package com.infonow.bofa): name already used by com.infonow.bofa
07-16 00:44:24.563  1279  1279 W PackageManager: Skipping provider name com.infonow.bofa.provider (in package com.infonow.bofa): name already used by com.infonow.bofa
07-16 00:44:24.565  1279  1279 W PackageManager: Relax SCAN_REQUIRE_KNOWN requirement for package com.google.android.soundpicker
07-16 00:44:24.581  1279  1279 W PackageManager: Relax SCAN_REQUIRE_KNOWN requirement for package com.google.android.dialer
07-16 00:44:24.583  1279  1279 W PackageManager: Relax SCAN_REQUIRE_KNOWN requirement for package com.android.vending
07-16 00:44:24.609  1279  1279 W PackageManager: Relax SCAN_REQUIRE_KNOWN requirement for package com.google.android.inputmethod.latin
07-16 00:44:24.610  1279  1279 W PackageManager: Relax SCAN_REQUIRE_KNOWN requirement for package com.android.chrome
07-16 00:44:24.617  1279  1279 W PackageManager: Relax SCAN_REQUIRE_KNOWN requirement for package com.google.android.projection.gearhead
07-16 00:44:24.625  1279  1279 W PackageManager: Relax SCAN_REQUIRE_KNOWN requirement for package com.google.android.apps.nbu.files
07-16 00:44:24.628  1279  1279 W PackageManager: Skipping provider name com.aspiration.app.fileprovider (in package com.aspiration.app): name already used by com.aspiration.app
07-16 00:44:24.629  1279  1279 W PackageManager: Relax SCAN_REQUIRE_KNOWN requirement for package com.google.android.as
07-16 00:44:24.634  1279  1279 W PackageManager: Relax SCAN_REQUIRE_KNOWN requirement for package com.google.android.apps.turbo
07-16 00:44:24.637  1279  1279 W PackageManager: Relax SCAN_REQUIRE_KNOWN requirement for package com.google.android.gms
07-16 00:44:24.656  1279  1279 W PackageManager: Relax SCAN_REQUIRE_KNOWN requirement for package com.google.android.settings.intelligence
07-16 00:44:24.657  1279  1279 W PackageManager: Skipping provider name com.google.android.settings.intelligence (in package com.google.android.settings.intelligence): name already used by com.google.android.settings.intelligence
07-16 00:44:24.658  1279  1279 W PackageManager: Relax SCAN_REQUIRE_KNOWN requirement for package com.google.android.trichromelibrary_541412333
07-16 00:44:24.659  1279  1279 W PackageManager: Relax SCAN_REQUIRE_KNOWN requirement for package com.google.pixel.livewallpaper
07-16 00:44:24.661  1279  1279 W PackageManager: Relax SCAN_REQUIRE_KNOWN requirement for package com.google.android.apps.photos
07-16 00:44:24.666  1279  1279 W PackageManager: Relax SCAN_REQUIRE_KNOWN requirement for package com.google.android.deskclock
07-16 00:44:24.685  1279  1279 W PackageManager: Relax SCAN_REQUIRE_KNOWN requirement for package com.google.android.webview
07-16 00:44:24.691  1279  1279 W PackageManager: Relax SCAN_REQUIRE_KNOWN requirement for package com.google.ar.core
07-16 00:44:24.692  1279  1279 W PackageManager: Relax SCAN_REQUIRE_KNOWN requirement for package com.google.android.googlequicksearchbox
07-16 00:44:24.703  1279  1279 W PackageManager: Skipping provider name com.amazon.mShop.android.shopping.fileprovider (in package com.amazon.mShop.android.shopping): name already used by com.amazon.mShop.android.shopping
07-16 00:44:24.704  1279  1279 W PackageManager: Relax SCAN_REQUIRE_KNOWN requirement for package com.google.android.calculator
07-16 00:44:24.707  1279  1279 W PackageManager: Relax SCAN_REQUIRE_KNOWN requirement for package com.google.android.calendar
07-16 00:44:24.709  1279  1279 W PackageManager: Relax SCAN_REQUIRE_KNOWN requirement for package com.google.android.apps.messaging
07-16 00:44:24.713  1279  1279 W PackageManager: Relax SCAN_REQUIRE_KNOWN requirement for package com.google.android.apps.wellbeing
07-16 00:44:24.716  1279  1279 W PackageManager: Relax SCAN_REQUIRE_KNOWN requirement for package com.google.android.marvin.talkback
07-16 00:44:24.718  1279  1279 W PackageManager: Relax SCAN_REQUIRE_KNOWN requirement for package com.google.android.as.oss
07-16 00:44:24.727  1279  1279 W PackageManager: Skipping provider name com.dave.provider (in package com.dave): name already used by com.dave
07-16 00:44:24.727  1279  1279 W PackageManager: Skipping provider name com.dave.provider (in package com.dave): name already used by com.dave
07-16 00:44:24.727  1279  1279 W PackageManager: Skipping provider name com.dave.fileprovider (in package com.dave): name already used by com.dave
07-16 00:44:24.728  1279  1279 I PackageManager: Finished scanning non-system apps. Time: 215 ms, packageCount: 59 , timePerPackage: 3 , cached: 59
07-16 00:44:24.729  1279  1279 W PackageManager: There should probably be exactly one storage manager; found 2: matches=[ResolveInfo{cad0413 com.google.android.apps.nbu.files/.home.HomeActivity p=100 m=0x108000}, ResolveInfo{69ab650 com.google.android.storagemanager/com.android.storagemanager.deletionhelper.DeletionHelperActivity m=0x108000}]
07-16 00:44:24.731  1279  1279 E PackageManager: updateAllSharedLibrariesLPw failed: Package com.qti.qualcomm.deviceinfo requires unavailable shared library com.qti.extphone.extphonelib; failing!
07-16 00:44:24.731  1279  1279 E PackageManager: updateAllSharedLibrariesLPw failed: Package com.qualcomm.wfd.service requires unavailable native shared library .WfdService; failing!
07-16 00:44:24.735  1279  1279 I PackageManager: Time to scan packages: 0.494 seconds
07-16 00:44:24.735  1279  1279 I PackageManager: Permission ownership changed. Updating all permissions.
07-16 00:44:24.755  1279  1279 W PackageManager: Package com.android.providers.media.module is an APK in APEX, but has permission allowlist on the system image. Please bundle the allowlist in the com.android.mediaprovider APEX instead.
07-16 00:44:24.755  1279  1279 W PackageManager: Package com.android.providers.media.module is an APK in APEX, but has permission allowlist on the system image. Please bundle the allowlist in the com.android.mediaprovider APEX instead.
07-16 00:44:24.755  1279  1279 W PackageManager: Package com.android.providers.media.module is an APK in APEX, but has permission allowlist on the system image. Please bundle the allowlist in the com.android.mediaprovider APEX instead.
07-16 00:44:24.755  1279  1279 W PackageManager: Package com.android.providers.media.module is an APK in APEX, but has permission allowlist on the system image. Please bundle the allowlist in the com.android.mediaprovider APEX instead.
07-16 00:44:24.755  1279  1279 W PackageManager: Package com.android.providers.media.module is an APK in APEX, but has permission allowlist on the system image. Please bundle the allowlist in the com.android.mediaprovider APEX instead.
07-16 00:44:24.755  1279  1279 W PackageManager: Package com.android.providers.media.module is an APK in APEX, but has permission allowlist on the system image. Please bundle the allowlist in the com.android.mediaprovider APEX instead.
07-16 00:44:24.755  1279  1279 W PackageManager: Package com.android.providers.media.module is an APK in APEX, but has permission allowlist on the system image. Please bundle the allowlist in the com.android.mediaprovider APEX instead.
07-16 00:44:24.755  1279  1279 W PackageManager: Package com.android.providers.media.module is an APK in APEX, but has permission allowlist on the system image. Please bundle the allowlist in the com.android.mediaprovider APEX instead.
07-16 00:44:24.755  1279  1279 W PackageManager: Package com.android.providers.media.module is an APK in APEX, but has permission allowlist on the system image. Please bundle the allowlist in the com.android.mediaprovider APEX instead.
07-16 00:44:24.755  1279  1279 W PackageManager: Package com.android.providers.media.module is an APK in APEX, but has permission allowlist on the system image. Please bundle the allowlist in the com.android.mediaprovider APEX instead.
07-16 00:44:24.755  1279  1279 W PackageManager: Package com.android.providers.media.module is an APK in APEX, but has permission allowlist on the system image. Please bundle the allowlist in the com.android.mediaprovider APEX instead.
07-16 00:44:24.755  1279  1279 W PackageManager: Package com.android.providers.media.module is an APK in APEX, but has permission allowlist on the system image. Please bundle the allowlist in the com.android.mediaprovider APEX instead.
07-16 00:44:24.755  1279  1279 W PackageManager: Package com.android.providers.media.module is an APK in APEX, but has permission allowlist on the system image. Please bundle the allowlist in the com.android.mediaprovider APEX instead.
07-16 00:44:24.759  1279  1279 V PackageManager: Changing enabled state of com.android.vending/com.google.android.finsky.systemupdate.SystemUpdateSettingsContentProvider to false
07-16 00:44:24.759  1279  1279 W PackageManager: Unable to change enabled state of com.android.vending/com.google.android.finsky.systemupdate.SystemUpdateSettingsContentProvider to false
07-16 00:44:24.759  1279  1279 V PackageManager: Changing enabled state of com.android.vending/com.google.android.finsky.systemupdateactivity.SettingsSecurityEntryPoint to false
07-16 00:44:24.759  1279  1279 V PackageManager: Changing enabled state of com.android.vending/com.google.android.finsky.systemupdateactivity.SystemUpdateActivity to false
07-16 00:44:24.759  1279  1279 V PackageManager: Changing enabled state of com.google.android.gms/com.google.android.gms.update.phone.PopupDialog to false
07-16 00:44:24.759  1279  1279 V PackageManager: Changing enabled state of com.google.android.gms/com.google.android.gms.update.OtaSuggestionSummaryProvider to false
07-16 00:44:24.759  1279  1279 V PackageManager: Changing enabled state of com.google.android.gms/com.google.android.gms.update.SystemUpdateActivity to false
07-16 00:44:24.759  1279  1279 V PackageManager: Changing enabled state of com.google.android.gms/com.google.android.gms.update.SystemUpdateGcmTaskService to false
07-16 00:44:24.759  1279  1279 V PackageManager: Changing enabled state of com.google.android.gms/com.google.android.gms.update.SystemUpdateService to false
07-16 00:44:24.759  1279  1279 V PackageManager: Changing enabled state of com.google.android.as/com.google.intelligence.sense.ambientmusic.history.HistoryContentProvider to false
07-16 00:44:24.759  1279  1279 V PackageManager: Changing enabled state of com.google.android.as/com.google.intelligence.sense.ambientmusic.history.HistoryActivity to false
07-16 00:44:24.759  1279  1279 V PackageManager: Changing enabled state of com.google.android.as/com.google.intelligence.sense.ambientmusic.AmbientMusicSettingsActivity to false
07-16 00:44:24.759  1279  1279 V PackageManager: Changing enabled state of com.google.android.as/com.google.intelligence.sense.ambientmusic.AmbientMusicNotificationsSettingsActivity to false
07-16 00:44:24.759  1279  1279 V PackageManager: Changing enabled state of com.google.android.as/com.google.intelligence.sense.ambientmusic.AmbientMusicSetupWizardActivity to false
07-16 00:44:24.759  1279  1279 V PackageManager: Changing enabled state of com.google.android.dialer/com.android.dialer.rtt.settings.impl.gateway.RttSettingsDeepLink to false
07-16 00:44:24.759  1279  1279 V PackageManager: Changing enabled state of com.google.android.gms/com.google.android.gms.update.SystemUpdateService.ActiveReceiver to false
07-16 00:44:24.760  1279  1279 W PackageManager: Unable to change enabled state of com.google.android.gms/com.google.android.gms.update.SystemUpdateService.ActiveReceiver to false
07-16 00:44:24.760  1279  1279 V PackageManager: Changing enabled state of com.google.android.gms/com.google.android.gms.update.SystemUpdateService.Receiver to false
07-16 00:44:24.760  1279  1279 W PackageManager: Unable to change enabled state of com.google.android.gms/com.google.android.gms.update.SystemUpdateService.Receiver to false
07-16 00:44:24.760  1279  1279 V PackageManager: Changing enabled state of com.google.android.gms/com.google.android.gms.update.SystemUpdateService.SecretCodeReceiver to false
07-16 00:44:24.760  1279  1279 W PackageManager: Unable to change enabled state of com.google.android.gms/com.google.android.gms.update.SystemUpdateService.SecretCodeReceiver to false
07-16 00:44:24.760  1279  1279 V PackageManager: Changing enabled state of com.google.android.gms/com.google.android.gms.chimera.GmsIntentOperationService$GmsExternalReceiver to false
07-16 00:44:24.760  1279  1279 V PackageManager: reconcileAppsData for null u0 0x1 migrateAppData=true
07-16 00:44:24.817  1279  1279 V PackageManager: reconcileAppsData finished 35 packages
07-16 00:44:24.818  1279  1279 D PackageManagerTiming: write settings
07-16 00:44:24.818  1279  1772 D SystemServerTimingAsync: InitThreadPoolExec:prepareAppData
07-16 00:44:24.877  1279  1279 D PackageManagerTiming: GC
07-16 00:44:24.877  1279  1279 I PackageManager: Fix for b/169414761 is applied
07-16 00:44:24.877  1279  1279 V UserSystemPackageInstaller: Checking that all system packages are whitelisted.
07-16 00:44:24.884  1279  1279 W UserSystemPackageInstaller: checkWhitelistedSystemPackages(mode=d) has 52 warnings:
07-16 00:44:24.884  1279  1279 W UserSystemPackageInstaller: com.android.theme.color.amethyst is allowlisted but not present.
07-16 00:44:24.884  1279  1279 W UserSystemPackageInstaller: com.android.theme.icon.pebble is allowlisted but not present.
07-16 00:44:24.884  1279  1279 W UserSystemPackageInstaller: com.android.theme.color.sand is allowlisted but not present.
07-16 00:44:24.884  1279  1279 W UserSystemPackageInstaller: com.android.wallpapercropper is allowlisted but not present.
07-16 00:44:24.884  1279  1279 W UserSystemPackageInstaller: com.android.theme.icon.vessel is allowlisted but not present.
07-16 00:44:24.884  1279  1279 W UserSystemPackageInstaller: com.android.theme.color.cinnamon is allowlisted but not present.
07-16 00:44:24.884  1279  1279 W UserSystemPackageInstaller: com.android.theme.icon_pack.victor.settings is allowlisted but not present.
07-16 00:44:24.884  1279  1279 W UserSystemPackageInstaller: com.android.theme.icon_pack.rounded.systemui is allowlisted but not present.
07-16 00:44:24.884  1279  1279 W UserSystemPackageInstaller: com.android.theme.icon.taperedrect is allowlisted but not present.
07-16 00:44:24.884  1279  1279 W UserSystemPackageInstaller: com.android.theme.icon_pack.rounded.android is allowlisted but not present.
07-16 00:44:24.884  1279  1279 W UserSystemPackageInstaller: com.android.internal.systemui.onehanded.gestural is allowlisted but not present.
07-16 00:44:24.884  1279  1279 W UserSystemPackageInstaller: com.android.theme.icon_pack.victor.systemui is allowlisted but not present.
07-16 00:44:24.884  1279  1279 W UserSystemPackageInstaller: com.android.theme.icon_pack.circular.themepicker is allowlisted but not present.
07-16 00:44:24.884  1279  1279 W UserSystemPackageInstaller: com.android.theme.color.tangerine is allowlisted but not present.
07-16 00:44:24.884  1279  1279 W UserSystemPackageInstaller: com.android.theme.color.aquamarine is allowlisted but not present.
07-16 00:44:24.884  1279  1279 W UserSystemPackageInstaller: com.android.theme.color.black is allowlisted but not present.
07-16 00:44:24.884  1279  1279 W UserSystemPackageInstaller: com.android.theme.color.green is allowlisted but not present.
07-16 00:44:24.884  1279  1279 W UserSystemPackageInstaller: com.android.theme.color.ocean is allowlisted but not present.
07-16 00:44:24.884  1279  1279 W UserSystemPackageInstaller: com.android.theme.color.space is allowlisted but not present.
07-16 00:44:24.884  1279  1279 W UserSystemPackageInstaller: com.android.theme.icon_pack.rounded.launcher is allowlisted but not present.
07-16 00:44:24.884  1279  1279 W UserSystemPackageInstaller: com.android.theme.icon_pack.kai.settings is allowlisted but not present.
07-16 00:44:24.884  1279  1279 W UserSystemPackageInstaller: com.android.internal.systemui.navbar.twobutton is allowlisted but not present.
07-16 00:44:24.884  1279  1279 W UserSystemPackageInstaller: com.android.theme.icon_pack.sam.settings is allowlisted but not present.
07-16 00:44:24.884  1279  1279 W UserSystemPackageInstaller: com.android.theme.icon_pack.kai.themepicker is allowlisted but not present.
07-16 00:44:24.884  1279  1279 W UserSystemPackageInstaller: com.android.theme.icon_pack.victor.launcher is allowlisted but not present.
07-16 00:44:24.884  1279  1279 W UserSystemPackageInstaller: com.android.theme.icon_pack.filled.settings is allowlisted but not present.
07-16 00:44:24.884  1279  1279 W UserSystemPackageInstaller: com.android.theme.icon_pack.kai.systemui is allowlisted but not present.
07-16 00:44:24.884  1279  1279 W UserSystemPackageInstaller: com.android.theme.icon_pack.circular.settings is allowlisted but not present.
07-16 00:44:24.884  1279  1279 W UserSystemPackageInstaller: com.android.theme.icon_pack.sam.systemui is allowlisted but not present.
07-16 00:44:24.884  1279  1279 W UserSystemPackageInstaller: com.android.theme.icon.teardrop is allowlisted but not present.
07-16 00:44:24.884  1279  1279 W UserSystemPackageInstaller: com.android.theme.icon_pack.rounded.themepicker is allowlisted but not present.
07-16 00:44:24.884  1279  1279 W UserSystemPackageInstaller: com.android.theme.icon_pack.filled.systemui is allowlisted but not present.
07-16 00:44:24.884  1279  1279 W UserSystemPackageInstaller: com.android.theme.icon_pack.sam.android is allowlisted but not present.
07-16 00:44:24.884  1279  1279 W UserSystemPackageInstaller: com.android.theme.icon_pack.filled.android is allowlisted but not present.
07-16 00:44:24.884  1279  1279 W UserSystemPackageInstaller: com.android.theme.icon_pack.circular.systemui is allowlisted but not present.
07-16 00:44:24.884  1279  1279 W UserSystemPackageInstaller: com.android.theme.icon_pack.kai.android is allowlisted but not present.
07-16 00:44:24.884  1279  1279 W UserSystemPackageInstaller: com.android.theme.icon_pack.kai.launcher is allowlisted but not present.
07-16 00:44:24.884  1279  1279 W UserSystemPackageInstaller: com.android.theme.icon_pack.sam.launcher is allowlisted but not present.
07-16 00:44:24.884  1279  1279 W UserSystemPackageInstaller: com.android.theme.icon.squircle is allowlisted but not present.
07-16 00:44:24.884  1279  1279 W UserSystemPackageInstaller: com.android.theme.icon_pack.victor.android is allowlisted but not present.
07-16 00:44:24.884  1279  1279 W UserSystemPackageInstaller: com.android.theme.color.palette is allowlisted but not present.
07-16 00:44:24.884  1279  1279 W UserSystemPackageInstaller: com.android.theme.icon_pack.filled.launcher is allowlisted but not present.
07-16 00:44:24.884  1279  1279 W UserSystemPackageInstaller: com.android.theme.color.carbon is allowlisted but not present.
07-16 00:44:24.884  1279  1279 W UserSystemPackageInstaller: com.android.theme.icon_pack.circular.launcher is allowlisted but not present.
07-16 00:44:24.884  1279  1279 W UserSystemPackageInstaller: com.android.theme.icon_pack.filled.themepicker is allowlisted but not present.
07-16 00:44:24.884  1279  1279 W UserSystemPackageInstaller: com.android.theme.icon_pack.victor.themepicker is allowlisted but not present.
07-16 00:44:24.884  1279  1279 W UserSystemPackageInstaller: com.android.theme.color.orchid is allowlisted but not present.
07-16 00:44:24.884  1279  1279 W UserSystemPackageInstaller: com.android.theme.color.purple is allowlisted but not present.
07-16 00:44:24.884  1279  1279 W UserSystemPackageInstaller: com.android.theme.icon_pack.sam.themepicker is allowlisted but not present.
07-16 00:44:24.884  1279  1279 W UserSystemPackageInstaller: com.android.theme.icon.roundedrect is allowlisted but not present.
07-16 00:44:24.884  1279  1279 W UserSystemPackageInstaller: com.android.theme.icon_pack.rounded.settings is allowlisted but not present.
07-16 00:44:24.884  1279  1279 W UserSystemPackageInstaller: com.android.theme.icon_pack.circular.android is allowlisted but not present.
07-16 00:44:24.885  1279  1279 I Watchdog: Resuming HandlerChecker: main thread for reason: packagemanagermain. Pause count: 0
07-16 00:44:24.885  1279  1279 I SystemServerDexLoadReporter: Configuring system server dex reporter
07-16 00:44:24.888  1279  1279 D SystemServerTiming: StartOtaDexOptService
07-16 00:44:24.888  1279  1279 I Watchdog: Pausing HandlerChecker: main thread for reason: moveab. Pause count: 1
07-16 00:44:24.889  1279  1279 D OTADexopt: No upgrade, skipping A/B artifacts check.
07-16 00:44:24.889  1279  1279 I Watchdog: Resuming HandlerChecker: main thread for reason: moveab. Pause count: 0
07-16 00:44:24.889  1279  1279 D SystemServerTiming: StartUserManagerService
07-16 00:44:24.889  1279  1279 I SystemServiceManager: Starting com.android.server.pm.UserManagerService$LifeCycle
07-16 00:44:24.890  1279  1279 D SystemServerTiming: InitAttributerCache
07-16 00:44:24.890  1279  1279 D SystemServerTiming: SetSystemProcess
07-16 00:44:24.894  1279  1422 V HistoricalRegistry: Interaction before persistence initialized
07-16 00:44:24.894  1279  1622 I ActivityManager: Connection with lmkd established
07-16 00:44:24.897  1279  1279 D SystemServerTiming: InitWatchdog
07-16 00:44:24.897  1279  1279 D SystemServerTiming: StartOverlayManagerService
07-16 00:44:24.904  1279  1422 V HistoricalRegistry: Interaction before persistence initialized
07-16 00:44:24.958  1306  1851 I storaged: storaged: Start
07-16 00:44:25.110  1279  1279 D SystemServerTiming: StartResourcesManagerService
07-16 00:44:25.110  1279  1279 D SystemServerTiming: StartSensorPrivacyService
07-16 00:44:25.111  1279  1605 W ActivityTaskManager: Skip updateConfiguration because mWindowManager isn't set
07-16 00:44:25.114  1279  1279 D SystemServerTiming: StartSensorService
07-16 00:44:25.114  1279  1279 I SystemServiceManager: Starting com.android.server.sensors.SensorService
07-16 00:44:25.114  1279  1279 D SystemServerTiming: startCoreServices
07-16 00:44:25.114  1279  1279 D SystemServerTiming: StartSystemConfigService
07-16 00:44:25.114  1279  1279 I SystemServiceManager: Starting com.android.server.SystemConfigService
07-16 00:44:25.114  1279  1858 D SystemServerTimingAsync: InitThreadPoolExec:StartNativeSensorService
07-16 00:44:25.115  1279  1858 D SystemServerTimingAsync: StartNativeSensorService
07-16 00:44:25.115  1279  1279 D SystemServerTiming: StartBatteryService
07-16 00:44:25.115  1279  1279 I SystemServiceManager: Starting com.android.server.BatteryService
07-16 00:44:25.116  1279  1279 E BatteryService: mothealth: cannot get service. (no supported health HAL service)
07-16 00:44:25.123  1279  1650 E KernelWakelockReader: neither /proc/wakelocks nor /d/wakeup_sources exists
07-16 00:44:25.123  1279  1650 W BatteryStatsImpl: Couldn't get kernel wake lock stats
07-16 00:44:25.124  1279  1650 E KernelWakelockReader: neither /proc/wakelocks nor /d/wakeup_sources exists
07-16 00:44:25.124  1279  1650 W BatteryStatsImpl: Couldn't get kernel wake lock stats
07-16 00:44:25.130  1279  1279 I HealthServiceWrapperHidl: health: HealthServiceWrapper listening to instance default
07-16 00:44:25.130  1279  1279 I BatteryService: health: Waited 0ms and received the update.
07-16 00:44:25.131  1279  1279 D SystemServerTiming: StartUsageService
07-16 00:44:25.131  1279  1279 I SystemServiceManager: Starting com.android.server.usage.UsageStatsService
07-16 00:44:25.134  1279  1279 D SystemServerTiming: StartWebViewUpdateService
07-16 00:44:25.134  1279  1279 I SystemServiceManager: Starting com.android.server.webkit.WebViewUpdateService
07-16 00:44:25.135  1279  1279 D SystemServerTiming: StartCachedDeviceStateService
07-16 00:44:25.135  1279  1279 I SystemServiceManager: Starting com.android.server.CachedDeviceStateService
07-16 00:44:25.135  1279  1279 D SystemServerTiming: StartBinderCallsStatsService
07-16 00:44:25.135  1279  1279 I SystemServiceManager: Starting com.android.server.BinderCallsStatsService$LifeCycle
07-16 00:44:25.135  1279  1279 D SystemServerTiming: StartLooperStatsService
07-16 00:44:25.135  1279  1279 I SystemServiceManager: Starting com.android.server.LooperStatsService$Lifecycle
07-16 00:44:25.136  1279  1279 D SystemServerTiming: StartRollbackManagerService
07-16 00:44:25.136  1279  1279 I SystemServiceManager: Starting com.android.server.rollback.RollbackManagerService
07-16 00:44:25.138  1279  1279 I PackageWatchdog: Syncing state, reason: added new observer
07-16 00:44:25.138  1279  1279 I PackageWatchdog: Not pruning observers, elapsed time: 0ms
07-16 00:44:25.143  1279  1279 D SystemServerTiming: StartNativeTombstoneManagerService
07-16 00:44:25.143  1279  1279 I SystemServiceManager: Starting com.android.server.os.NativeTombstoneManagerService
07-16 00:44:25.143  1279  1617 I PackageWatchdog: Saving observer state to file
07-16 00:44:25.143  1279  1279 D SystemServerTiming: StartBugreportManagerService
07-16 00:44:25.143  1279  1279 I SystemServiceManager: Starting com.android.server.os.BugreportManagerService
07-16 00:44:25.143  1279  1279 D SystemServerTiming: GpuService
07-16 00:44:25.144  1279  1279 I SystemServiceManager: Starting com.android.server.gpu.GpuService
07-16 00:44:25.144  1279  1279 D SystemServerTiming: startOtherServices
07-16 00:44:25.144  1279  1279 D SystemServerTiming: StartKeyAttestationApplicationIdProviderService
07-16 00:44:25.144  1279  1870 D SystemServerTimingAsync: InitThreadPoolExec:SecondaryZygotePreload
07-16 00:44:25.144  1279  1870 I SystemServer: SecondaryZygotePreload
07-16 00:44:25.144  1279  1870 D SystemServerTimingAsync: SecondaryZygotePreload
07-16 00:44:25.144  1279  1279 D SystemServerTiming: StartKeyChainSystemService
07-16 00:44:25.144  1279  1279 I SystemServiceManager: Starting com.android.server.security.KeyChainSystemService
07-16 00:44:25.144  1279  1279 D SystemServerTiming: StartBinaryTransparencyService
07-16 00:44:25.144  1279  1279 I SystemServiceManager: Starting com.android.server.BinaryTransparencyService
07-16 00:44:25.145  1279  1279 I TransparencyService: Started BinaryTransparencyService
07-16 00:44:25.145  1279  1279 D SystemServerTiming: StartSchedulingPolicyService
07-16 00:44:25.145  1279  1871 D SystemServerTimingAsync: InitThreadPoolExec:SchedulingPolicyService.<init>
07-16 00:44:25.145  1279  1279 D SystemServerTiming: StartTelecomLoaderService
07-16 00:44:25.145  1279  1279 I SystemServiceManager: Starting com.android.server.telecom.TelecomLoaderService
07-16 00:44:25.146  1279  1279 D SystemServerTiming: StartTelephonyRegistry
07-16 00:44:25.147  1279  1279 D SystemServerTiming: StartEntropyMixer
07-16 00:44:25.147  1279  1279 I EntropyMixer: Loaded existing seed file
07-16 00:44:25.158  1279  1279 I EntropyMixer: Updated seed file
07-16 00:44:25.159  1279  1279 D SystemServerTiming: StartAccountManagerService
07-16 00:44:25.159  1279  1279 I SystemServiceManager: Starting com.android.server.accounts.AccountManagerService$Lifecycle
07-16 00:44:25.162  1279  1279 D SystemServerTiming: StartContentService
07-16 00:44:25.162  1279  1279 I SystemServiceManager: Starting com.android.server.content.ContentService$Lifecycle
07-16 00:44:25.163  1279  1279 D SystemServerTiming: InstallSystemProviders
07-16 00:44:25.179  1279  1772 W PackageManager: Skipping preparing app data for com.android.sdksandbox
07-16 00:44:25.202  1279  1279 W ActivityManager: cgroup.freeze not present
07-16 00:44:25.203  1279  1619 D ActivityManager: Freezer disabled
07-16 00:44:25.203  1279  1279 D SystemServerTiming: UpdateWatchdogTimeout
07-16 00:44:25.203  1279  1279 I Watchdog: Watchdog timeout updated to 60000 millis
07-16 00:44:25.203  1279  1279 D SystemServerTiming: StartDropBoxManager
07-16 00:44:25.203  1279  1279 I SystemServiceManager: Starting com.android.server.DropBoxManagerService
07-16 00:44:25.204  1279  1279 D SystemServerTiming: StartRoleManagerService
07-16 00:44:25.204  1279  1279 I SystemServiceManager: Starting com.android.role.RoleService
07-16 00:44:25.206  1279  1279 D SystemServerTiming: StartVibratorManagerService
07-16 00:44:25.206  1279  1279 I SystemServiceManager: Starting com.android.server.vibrator.VibratorManagerService$Lifecycle
07-16 00:44:25.212  1279  1279 D SystemServerTiming: StartDynamicSystemService
07-16 00:44:25.212  1279  1279 D SystemServerTiming: StartConsumerIrService
07-16 00:44:25.213  1279  1279 D SystemServerTiming: StartResourceEconomy
07-16 00:44:25.213  1279  1279 I SystemServiceManager: Starting com.android.server.tare.InternalResourceService
07-16 00:44:25.215  1279  1279 D SystemServerTiming: StartAlarmManagerService
07-16 00:44:25.215  1279  1279 I SystemServiceManager: Starting com.android.server.alarm.AlarmManagerService
07-16 00:44:25.219  1279  1279 D SystemServerTiming: StartInputManagerService
07-16 00:44:25.222  1279  1279 I InputManager: Initializing input manager, mUseDevInputEventForAudioJack=true
07-16 00:44:25.222  1279  1279 D SystemServerTiming: DeviceStateManagerService
07-16 00:44:25.222  1279  1279 I SystemServiceManager: Starting com.android.server.devicestate.DeviceStateManagerService
07-16 00:44:25.307  1279  1772 I PackageManager: Deferred reconcileAppsData finished 210 packages
07-16 00:44:25.350  1279  1858 V HistoricalRegistry: Interaction before persistence initialized
07-16 00:44:25.427  1279  1279 D SystemServerTiming: StartCameraServiceProxy
07-16 00:44:25.428  1279  1279 I SystemServiceManager: Starting com.android.server.camera.CameraServiceProxy
07-16 00:44:25.430  1279  1279 D SystemServerTiming: StartWindowManagerService
07-16 00:44:25.430  1279  1279 I SystemServiceManager: Starting phase 200
07-16 00:44:25.430  1279  1279 D SystemServerTiming: OnBootPhase_200
07-16 00:44:25.430  1279  1279 D SystemServerTiming: OnBootPhase_200_com.android.server.security.FileIntegrityService
07-16 00:44:25.430  1279  1279 D SystemServerTiming: OnBootPhase_200_com.android.server.pm.Installer
07-16 00:44:25.430  1279  1279 D SystemServerTiming: OnBootPhase_200_com.android.server.os.DeviceIdentifiersPolicyService
07-16 00:44:25.430  1279  1279 D SystemServerTiming: OnBootPhase_200_com.android.server.uri.UriGrantsManagerService$Lifecycle
07-16 00:44:25.430  1279  1279 D SystemServerTiming: OnBootPhase_200_com.android.server.powerstats.PowerStatsService
07-16 00:44:25.430  1279  1279 D SystemServerTiming: OnBootPhase_200_com.android.server.wm.ActivityTaskManagerService$Lifecycle
07-16 00:44:25.430  1279  1279 D SystemServerTiming: OnBootPhase_200_com.android.server.am.ActivityManagerService$Lifecycle
07-16 00:44:25.430  1279  1279 D SystemServerTiming: OnBootPhase_200_com.android.server.pm.DataLoaderManagerService
07-16 00:44:25.430  1279  1279 D SystemServerTiming: OnBootPhase_200_com.android.server.power.PowerManagerService
07-16 00:44:25.430  1279  1279 D SystemServerTiming: OnBootPhase_200_com.android.server.power.ThermalManagerService
07-16 00:44:25.430  1279  1279 D SystemServerTiming: OnBootPhase_200_com.android.server.power.hint.HintManagerService
07-16 00:44:25.430  1279  1279 D SystemServerTiming: OnBootPhase_200_com.android.server.recoverysystem.RecoverySystemService$Lifecycle
07-16 00:44:25.430  1279  1279 D SystemServerTiming: OnBootPhase_200_com.android.server.lights.LightsService
07-16 00:44:25.430  1279  1279 D SystemServerTiming: OnBootPhase_200_com.android.server.display.DisplayManagerService
07-16 00:44:25.430  1279  1279 D SystemServerTiming: OnBootPhase_200_com.android.server.pm.verify.domain.DomainVerificationService
07-16 00:44:25.430  1279  1279 D SystemServerTiming: OnBootPhase_200_com.android.server.pm.PackageInstallerService$Lifecycle
07-16 00:44:25.430  1279  1279 D SystemServerTiming: OnBootPhase_200_com.android.server.pm.UserManagerService$LifeCycle
07-16 00:44:25.430  1279  1279 D SystemServerTiming: OnBootPhase_200_com.android.server.om.OverlayManagerService
07-16 00:44:25.430  1279  1279 D SystemServerTiming: OnBootPhase_200_com.android.server.resources.ResourcesManagerService
07-16 00:44:25.430  1279  1279 D SystemServerTiming: OnBootPhase_200_com.android.server.sensorprivacy.SensorPrivacyService
07-16 00:44:25.430  1279  1279 D SystemServerTiming: OnBootPhase_200_com.android.server.sensors.SensorService
07-16 00:44:25.430  1279  1279 D SystemServerTiming: OnBootPhase_200_com.android.server.SystemConfigService
07-16 00:44:25.430  1279  1279 D SystemServerTiming: OnBootPhase_200_com.android.server.BatteryService
07-16 00:44:25.430  1279  1279 D SystemServerTiming: OnBootPhase_200_com.android.server.usage.UsageStatsService
07-16 00:44:25.430  1279  1279 D SystemServerTiming: OnBootPhase_200_com.android.server.webkit.WebViewUpdateService
07-16 00:44:25.430  1279  1279 D SystemServerTiming: OnBootPhase_200_com.android.server.CachedDeviceStateService
07-16 00:44:25.430  1279  1279 D SystemServerTiming: OnBootPhase_200_com.android.server.BinderCallsStatsService$LifeCycle
07-16 00:44:25.430  1279  1279 D SystemServerTiming: OnBootPhase_200_com.android.server.LooperStatsService$Lifecycle
07-16 00:44:25.430  1279  1279 D SystemServerTiming: OnBootPhase_200_com.android.server.rollback.RollbackManagerService
07-16 00:44:25.430  1279  1279 D SystemServerTiming: OnBootPhase_200_com.android.server.os.NativeTombstoneManagerService
07-16 00:44:25.430  1279  1279 D SystemServerTiming: OnBootPhase_200_com.android.server.os.BugreportManagerService
07-16 00:44:25.430  1279  1279 D SystemServerTiming: OnBootPhase_200_com.android.server.gpu.GpuService
07-16 00:44:25.430  1279  1279 D SystemServerTiming: OnBootPhase_200_com.android.server.security.KeyChainSystemService
07-16 00:44:25.430  1279  1279 D SystemServerTiming: OnBootPhase_200_com.android.server.BinaryTransparencyService
07-16 00:44:25.430  1279  1279 D SystemServerTiming: OnBootPhase_200_com.android.server.telecom.TelecomLoaderService
07-16 00:44:25.430  1279  1279 D SystemServerTiming: OnBootPhase_200_com.android.server.accounts.AccountManagerService$Lifecycle
07-16 00:44:25.430  1279  1279 D SystemServerTiming: OnBootPhase_200_com.android.server.content.ContentService$Lifecycle
07-16 00:44:25.430  1279  1279 D SystemServerTiming: OnBootPhase_200_com.android.server.DropBoxManagerService
07-16 00:44:25.430  1279  1279 D SystemServerTiming: OnBootPhase_200_com.android.role.RoleService
07-16 00:44:25.430  1279  1279 D SystemServerTiming: OnBootPhase_200_com.android.server.vibrator.VibratorManagerService$Lifecycle
07-16 00:44:25.430  1279  1279 D SystemServerTiming: OnBootPhase_200_com.android.server.tare.InternalResourceService
07-16 00:44:25.430  1279  1279 D SystemServerTiming: OnBootPhase_200_com.android.server.alarm.AlarmManagerService
07-16 00:44:25.430  1279  1279 D SystemServerTiming: OnBootPhase_200_com.android.server.devicestate.DeviceStateManagerService
07-16 00:44:25.430  1279  1279 D SystemServerTiming: OnBootPhase_200_com.android.server.camera.CameraServiceProxy
07-16 00:44:25.431  1279  1279 I WindowManager: No existing display settings, starting empty
07-16 00:44:25.443  1279  1279 D SystemServerTiming: SetWindowManagerService
07-16 00:44:25.461  1279  1279 I ActivityTaskManager: Loaded persisted task ids for user 0
07-16 00:44:25.463  1279  1279 D SystemServerTiming: WindowManagerServiceOnInitReady
07-16 00:44:25.550  1279  1279 D SystemServerTiming: StartInputManager
07-16 00:44:25.550  1279  1279 I InputManager: Starting input manager
07-16 00:44:25.550  1279  1936 D SystemServerTimingAsync: InitThreadPoolExec:StartHidlServices
07-16 00:44:25.550  1279  1936 D SystemServerTimingAsync: StartHidlServices
07-16 00:44:25.552  1279  1279 D SystemServerTiming: DisplayManagerWindowManagerAndInputReady
07-16 00:44:25.552  1279  1279 D SystemServerTiming: StartBluetoothService
07-16 00:44:25.555  1279  1279 I SystemServiceManager: Starting com.android.server.bluetooth.BluetoothService
07-16 00:44:25.559  1279  1279 D SystemServerTiming: IpConnectivityMetrics
07-16 00:44:25.559  1279  1279 I SystemServiceManager: Starting com.android.server.connectivity.IpConnectivityMetrics
07-16 00:44:25.559  1279  1279 D SystemServerTiming: NetworkWatchlistService
07-16 00:44:25.559  1279  1279 I SystemServiceManager: Starting com.android.server.net.watchlist.NetworkWatchlistService$Lifecycle
07-16 00:44:25.562  1279  1279 I WatchlistSettings: Reload watchlist settings done
07-16 00:44:25.563  1279  1279 D SystemServerTiming: PinnerService
07-16 00:44:25.563  1279  1279 I SystemServiceManager: Starting com.android.server.PinnerService
07-16 00:44:25.564  1279  1279 V HistoricalRegistry: Interaction before persistence initialized
07-16 00:44:25.564  1279  1279 D SystemServerTiming: SignedConfigService
07-16 00:44:25.564  1279  1279 D SystemServerTiming: AppIntegrityService
07-16 00:44:25.564  1279  1279 I SystemServiceManager: Starting com.android.server.integrity.AppIntegrityManagerService
07-16 00:44:25.565  1279  1617 D PinnerService: pinRangeStream: null
07-16 00:44:25.565  1279  1942 I WatchlistLoggingHandler: No need to aggregate record yet.
07-16 00:44:25.565  1279  1942 I WatchlistLoggingHandler: Milliseconds spent on tryAggregateRecords(): 2
07-16 00:44:25.567  1279  1279 E IntegrityFileManager: Error creating staging and rules directory
07-16 00:44:25.571  1279  1279 D SystemServerTiming: StartLogcatManager
07-16 00:44:25.571  1279  1279 I SystemServiceManager: Starting com.android.server.logcat.LogcatManagerService
07-16 00:44:25.572  1279  1279 D SystemServerTiming: StartPowerOffAlarmService
07-16 00:44:25.572  1279  1279 I SystemServiceManager: Starting com.android.server.power.PowerOffAlarmService
07-16 00:44:25.572  1279  1279 V PowerOffAlarmService: Starting PowerOffAlarmService
07-16 00:44:25.572  1279  1279 V PowerOffAlarmService: Registered alarm receiver
07-16 00:44:25.573  1279  1279 I WindowManager: SAFE MODE not enabled
07-16 00:44:25.573  1279  1279 D SystemServerTiming: StartInputMethodManagerLifecycle
07-16 00:44:25.573  1279  1279 I SystemServiceManager: Starting com.android.server.inputmethod.InputMethodManagerService$Lifecycle
07-16 00:44:25.575  1279  1279 D SystemServerTiming: StartAccessibilityManagerService
07-16 00:44:25.575  1279  1279 I SystemServiceManager: Starting com.android.server.accessibility.AccessibilityManagerService$Lifecycle
07-16 00:44:25.578  1279  1279 D SystemServerTiming: MakeDisplayReady
07-16 00:44:25.580  1279  1279 I ActivityTaskManager: Config changes=20005df8 {1.0 ?mcc?mnc [en_US] ldltr sw428dp w428dp h895dp 404dpi nrml long port ?uimode ?night -touch -keyb/h/h -nav/h winConfig={ mBounds=Rect(0, 0 - 1080, 2340) mAppBounds=Rect(0, 79 - 1080, 2340) mMaxBounds=Rect(0, 0 - 1080, 2340) mDisplayRotation=ROTATION_0 mWindowingMode=fullscreen mDisplayWindowingMode=fullscreen mActivityType=undefined mAlwaysOnTop=undefined mRotation=ROTATION_0} s.2 ?fontWeightAdjustment}
07-16 00:44:25.582  1279  1279 I WindowManager: Override config changes=60007dfc {1.0 ?mcc?mnc [en_US] ldltr sw428dp w428dp h895dp 404dpi nrml long port ?uimode ?night -touch -keyb/h/h -nav/h winConfig={ mBounds=Rect(0, 0 - 1080, 2340) mAppBounds=Rect(0, 79 - 1080, 2340) mMaxBounds=Rect(0, 0 - 1080, 2340) mDisplayRotation=ROTATION_0 mWindowingMode=fullscreen mDisplayWindowingMode=fullscreen mActivityType=undefined mAlwaysOnTop=undefined mRotation=ROTATION_0} s.2 ?fontWeightAdjustment} for displayId=0
07-16 00:44:25.583  1279  1279 I DisplayDevice: [0] Layerstack set to 0 for local:4630946253560767361
07-16 00:44:25.591  1279  1279 I ActivityTaskManager: Config changes=8 {1.0 ?mcc?mnc [en_US] ldltr sw428dp w428dp h895dp 404dpi nrml long port ?uimode ?night finger -keyb/h/h -nav/h winConfig={ mBounds=Rect(0, 0 - 1080, 2340) mAppBounds=Rect(0, 79 - 1080, 2340) mMaxBounds=Rect(0, 0 - 1080, 2340) mDisplayRotation=ROTATION_0 mWindowingMode=fullscreen mDisplayWindowingMode=fullscreen mActivityType=undefined mAlwaysOnTop=undefined mRotation=ROTATION_0} s.4 ?fontWeightAdjustment}
07-16 00:44:25.592  1279  1279 I WindowManager: Override config changes=8 {1.0 ?mcc?mnc [en_US] ldltr sw428dp w428dp h895dp 404dpi nrml long port ?uimode ?night finger -keyb/h/h -nav/h winConfig={ mBounds=Rect(0, 0 - 1080, 2340) mAppBounds=Rect(0, 79 - 1080, 2340) mMaxBounds=Rect(0, 0 - 1080, 2340) mDisplayRotation=ROTATION_0 mWindowingMode=fullscreen mDisplayWindowingMode=fullscreen mActivityType=undefined mAlwaysOnTop=undefined mRotation=ROTATION_0} s.4 ?fontWeightAdjustment} for displayId=0
07-16 00:44:25.593  1279  1279 D SystemServerTiming: StartStorageManagerService
07-16 00:44:25.593  1279  1279 I SystemServiceManager: Starting com.android.server.StorageManagerService$Lifecycle
07-16 00:44:25.613  1279  1951 D StorageManagerService: Thinking about init, mBootCompleted=false, mDaemonConnected=true
07-16 00:44:25.613  1279  1951 D StorageManagerService: Thinking about reset, mBootCompleted=false, mDaemonConnected=true
07-16 00:44:25.613  1279  1951 D StorageManagerService: Thinking about init, mBootCompleted=false, mDaemonConnected=true
07-16 00:44:25.613  1279  1951 D StorageManagerService: Thinking about reset, mBootCompleted=false, mDaemonConnected=true
07-16 00:44:25.614  1279  1279 D SystemServerTiming: StartStorageStatsService
07-16 00:44:25.614  1279  1279 I SystemServiceManager: Starting com.android.server.usage.StorageStatsService$Lifecycle
07-16 00:44:25.615  1279  1617 D PinnerService: pinRangeStream: null
07-16 00:44:25.615  1279  1617 D PinnerService: pinRangeStream: null
07-16 00:44:25.617  1279  1617 D PinnerService: pinRangeStream: null
07-16 00:44:25.617  1279  1279 D SystemServerTiming: StartUiModeManager
07-16 00:44:25.617  1279  1279 I SystemServiceManager: Starting com.android.server.UiModeManagerService
07-16 00:44:25.618  1279  1954 D SystemServerTimingAsync: InitThreadPoolExec:UiModeManager.onStart
07-16 00:44:25.619  1279  1279 D SystemServerTiming: StartLocaleManagerService
07-16 00:44:25.619  1279  1279 I SystemServiceManager: Starting com.android.server.locales.LocaleManagerService
07-16 00:44:25.621  1279  1279 D SystemServerTiming: UpdatePackagesIfNeeded
07-16 00:44:25.621  1279  1279 I Watchdog: Pausing HandlerChecker: main thread for reason: dexopt. Pause count: 1
07-16 00:44:25.622  1279  1279 I Watchdog: Resuming HandlerChecker: main thread for reason: dexopt. Pause count: 0
07-16 00:44:25.622  1279  1279 D SystemServerTiming: PerformFstrimIfNeeded
07-16 00:44:25.622  1279  1279 D SystemServerTiming: StartLockSettingsService
07-16 00:44:25.622  1279  1279 I SystemServiceManager: Starting com.android.server.locksettings.LockSettingsService$Lifecycle
07-16 00:44:25.636  1279  1279 D SystemServerTiming: StartPersistentDataBlock
07-16 00:44:25.636  1279  1279 I SystemServiceManager: Starting com.android.server.PersistentDataBlockService
07-16 00:44:25.636  1279  1279 D SystemServerTiming: StartTestHarnessMode
07-16 00:44:25.636  1279  1279 I SystemServiceManager: Starting com.android.server.testharness.TestHarnessModeService
07-16 00:44:25.637  1279  1279 D SystemServerTiming: StartOemLockService
07-16 00:44:25.637  1279  1279 I SystemServiceManager: Starting com.android.server.oemlock.OemLockService
07-16 00:44:25.638  1279  1279 I OemLock : OemLock HAL not present on device
07-16 00:44:25.638  1279  1279 I OemLock : Using persistent data block based lock
07-16 00:44:25.638  1279  1969 D SystemServerTimingAsync: InitThreadPoolExec:PersistentDataBlockService.onStart
07-16 00:44:25.638  1279  1279 D SystemServerTiming: StartDeviceIdleController
07-16 00:44:25.638  1279  1279 I SystemServiceManager: Starting com.android.server.DeviceIdleController
07-16 00:44:25.642  1279  1617 D PinnerService: pinRangeStream: null
07-16 00:44:25.642  1279  1279 D SystemServerTiming: StartDevicePolicyManager
07-16 00:44:25.642  1279  1279 I SystemServiceManager: Starting com.android.server.devicepolicy.DevicePolicyManagerService$Lifecycle
07-16 00:44:25.642  1279  1617 D PinnerService: pinRangeStream: null
07-16 00:44:25.648  1279  1279 I DevicePolicyManager: Current version 3, latest version 3, not upgrading.
07-16 00:44:25.651  1279  1279 I DevicePolicyManager: Set ro.organization_owned property to false
07-16 00:44:25.652  1279  1617 D PinnerService: pinRangeStream: null
07-16 00:44:25.654  1279  1617 D PinnerService: pinRangeStream: null
07-16 00:44:25.655  1279  1617 D PinnerService: pinRangeStream: null
07-16 00:44:25.655  1279  1279 D SystemServerTiming: StartStatusBarManagerService
07-16 00:44:25.656  1279  1617 D PinnerService: pinRangeStream: null
07-16 00:44:25.656  1279  1279 D SystemServerTiming: StartMusicRecognitionManagerService
07-16 00:44:25.657  1279  1279 I SystemServiceManager: Starting com.android.server.musicrecognition.MusicRecognitionManagerService
07-16 00:44:25.657  1279  1617 D PinnerService: pinRangeStream: null
07-16 00:44:25.657  1279  1617 D PinnerService: pinRangeStream: null
07-16 00:44:25.657  1279  1617 D PinnerService: pinRangeStream: null
07-16 00:44:25.657  1279  1279 D SystemServerTiming: StartContentCaptureService
07-16 00:44:25.657  1279  1279 I SystemServiceManager: Starting com.android.server.contentcapture.ContentCaptureManagerService
07-16 00:44:25.658  1279  1279 D SystemServerTiming: StartAttentionManagerService
07-16 00:44:25.658  1279  1279 I SystemServiceManager: Starting com.android.server.attention.AttentionManagerService
07-16 00:44:25.660  1279  1279 D SystemServerTiming: StartRotationResolverService
07-16 00:44:25.660  1279  1279 I SystemServiceManager: Starting com.android.server.rotationresolver.RotationResolverManagerService
07-16 00:44:25.660  1279  1279 D SystemServerTiming: StartSystemCaptionsManagerService
07-16 00:44:25.660  1279  1279 I SystemServiceManager: Starting com.android.server.systemcaptions.SystemCaptionsManagerService
07-16 00:44:25.661  1279  1279 D SystemServerTiming: StartTextToSpeechManagerService
07-16 00:44:25.661  1279  1279 I SystemServiceManager: Starting com.android.server.texttospeech.TextToSpeechManagerService
07-16 00:44:25.661  1279  1279 D SystemServerTiming: StartAmbientContextService
07-16 00:44:25.661  1279  1279 I SystemServiceManager: Starting com.android.server.ambientcontext.AmbientContextManagerService
07-16 00:44:25.662  1279  1279 D SystemServerTiming: StartSpeechRecognitionManagerService
07-16 00:44:25.662  1279  1279 I SystemServiceManager: Starting com.android.server.speech.SpeechRecognitionManagerService
07-16 00:44:25.663  1279  1279 D SystemServerTiming: StartAppPredictionService
07-16 00:44:25.663  1279  1279 I SystemServiceManager: Starting com.android.server.appprediction.AppPredictionManagerService
07-16 00:44:25.664  1279  1279 D SystemServerTiming: StartContentSuggestionsService
07-16 00:44:25.664  1279  1279 I SystemServiceManager: Starting com.android.server.contentsuggestions.ContentSuggestionsManagerService
07-16 00:44:25.664  1279  1279 D SystemServerTiming: StartSearchUiService
07-16 00:44:25.664  1279  1279 I SystemServiceManager: Starting com.android.server.searchui.SearchUiManagerService
07-16 00:44:25.665  1279  1279 D SystemServerTiming: StartSmartspaceService
