07-16 00:44:26.660  1279  1279 W PackageManager: Package com.android.providers.media.module is an APK in APEX, but has permission allowlist on the system image. Please bundle the allowlist in the com.android.mediaprovider APEX instead.
07-16 00:44:26.660  1279  1279 W PackageManager: Package com.android.providers.media.module is an APK in APEX, but has permission allowlist on the system image. Please bundle the allowlist in the com.android.mediaprovider APEX instead.
07-16 00:44:26.660  1279  1279 W PackageManager: Package com.android.providers.media.module is an APK in APEX, but has permission allowlist on the system image. Please bundle the allowlist in the com.android.mediaprovider APEX instead.
07-16 00:44:26.660  1279  1279 W PackageManager: Package com.android.providers.media.module is an APK in APEX, but has permission allowlist on the system image. Please bundle the allowlist in the com.android.mediaprovider APEX instead.
07-16 00:44:26.660  1279  1279 W PackageManager: Package com.android.providers.media.module is an APK in APEX, but has permission allowlist on the system image. Please bundle the allowlist in the com.android.mediaprovider APEX instead.
07-16 00:44:26.660  1279  1279 W PackageManager: Package com.android.providers.media.module is an APK in APEX, but has permission allowlist on the system image. Please bundle the allowlist in the com.android.mediaprovider APEX instead.
07-16 00:44:26.660  1279  1279 W PackageManager: Package com.android.providers.media.module is an APK in APEX, but has permission allowlist on the system image. Please bundle the allowlist in the com.android.mediaprovider APEX instead.
07-16 00:44:26.660  1279  1279 W PackageManager: Package com.android.providers.media.module is an APK in APEX, but has permission allowlist on the system image. Please bundle the allowlist in the com.android.mediaprovider APEX instead.
07-16 00:44:26.660  1279  1279 W PackageManager: Package com.android.providers.media.module is an APK in APEX, but has permission allowlist on the system image. Please bundle the allowlist in the com.android.mediaprovider APEX instead.
07-16 00:44:26.660  1279  1279 W PackageManager: Package com.android.providers.media.module is an APK in APEX, but has permission allowlist on the system image. Please bundle the allowlist in the com.android.mediaprovider APEX instead.
07-16 00:44:26.660  1279  1279 W PackageManager: Package com.android.providers.media.module is an APK in APEX, but has permission allowlist on the system image. Please bundle the allowlist in the com.android.mediaprovider APEX instead.
07-16 00:44:26.660  1279  1279 W PackageManager: Package com.android.providers.media.module is an APK in APEX, but has permission allowlist on the system image. Please bundle the allowlist in the com.android.mediaprovider APEX instead.
07-16 00:44:26.660  1279  1279 W PackageManager: Package com.android.providers.media.module is an APK in APEX, but has permission allowlist on the system image. Please bundle the allowlist in the com.android.mediaprovider APEX instead.
07-16 00:44:26.664  1279  1279 W SystemServiceManager: Service com.android.server.policy.PermissionPolicyService took 61 ms in onBootPhase
07-16 00:44:26.664  1279  1279 D SystemServerTiming: OnBootPhase_550_com.android.server.pm.StagingManager$Lifecycle
07-16 00:44:26.664  1279  1279 D SystemServerTiming: OnBootPhase_550_com.android.server.app.GameManagerService$Lifecycle
07-16 00:44:26.664  1279  1279 D SystemServerTiming: OnBootPhase_550_com.android.safetycenter.SafetyCenterService
07-16 00:44:26.664  1279  1279 D SystemServerTiming: OnBootPhase_550_com.android.server.appsearch.AppSearchModule$Lifecycle
07-16 00:44:26.664  1279  1279 D SystemServerTiming: OnBootPhase_550_com.android.server.media.MediaCommunicationService
07-16 00:44:26.664  1279  1279 D SystemServerTiming: OnBootPhase_550_com.android.server.compat.overrides.AppCompatOverridesService$Lifecycle
07-16 00:44:26.664  1279  1279 D SystemServerTiming: StartObservingNativeCrashes
07-16 00:44:26.664  1279  1279 D SystemServerTiming: RegisterAppOpsPolicy
07-16 00:44:26.666  1279  1279 D SystemServerTiming: MakeNetworkManagementServiceReady
07-16 00:44:26.666  1279  1954 D SystemServerTimingAsync: InitThreadPoolExec:WebViewFactoryPreparation
07-16 00:44:26.666  1279  1954 I SystemServer: WebViewFactoryPreparation
07-16 00:44:26.666  1279  1954 D SystemServerTimingAsync: WebViewFactoryPreparation
07-16 00:44:26.666  1279  1279 D SystemServerTiming: MakeConnectivityServiceReady
07-16 00:44:26.667  1279  1954 E AppOps  : Bad call made by uid 1000. Package "android" does not belong to uid 1037.
07-16 00:44:26.668  1279  1954 E AppOps  : checkOperation
07-16 00:44:26.668  1279  1954 E AppOps  : java.lang.SecurityException: Specified package "android" under uid 1037 but it is not
07-16 00:44:26.668  1279  1954 E AppOps  : 	at com.android.server.appop.AppOpsService.verifyAndGetBypass(AppOpsService.java:4692)
07-16 00:44:26.668  1279  1954 E AppOps  : 	at com.android.server.appop.AppOpsService.verifyAndGetBypass(AppOpsService.java:4560)
07-16 00:44:26.668  1279  1954 E AppOps  : 	at com.android.server.appop.AppOpsService.checkOperationUnchecked(AppOpsService.java:3253)
07-16 00:44:26.668  1279  1954 E AppOps  : 	at com.android.server.appop.AppOpsService.checkOperationImpl(AppOpsService.java:3236)
07-16 00:44:26.668  1279  1954 E AppOps  : 	at com.android.server.appop.AppOpsService.-$$Nest$mcheckOperationImpl(Unknown Source:0)
07-16 00:44:26.668  1279  1954 E AppOps  : 	at com.android.server.appop.AppOpsService$CheckOpsDelegateDispatcher.lambda$checkOperation$0(AppOpsService.java:7592)
07-16 00:44:26.668  1279  1954 E AppOps  : 	at com.android.server.appop.AppOpsService$CheckOpsDelegateDispatcher.$r8$lambda$KrwrxMLmGzFSEjEyo0aJ63o5J9E(Unknown Source:0)
07-16 00:44:26.668  1279  1954 E AppOps  : 	at com.android.server.appop.AppOpsService$CheckOpsDelegateDispatcher$$ExternalSyntheticLambda9.apply(Unknown Source:24)
07-16 00:44:26.668  1279  1954 E AppOps  : 	at com.android.server.policy.AppOpsPolicy.checkOperation(AppOpsPolicy.java:211)
07-16 00:44:26.668  1279  1954 E AppOps  : 	at com.android.server.appop.AppOpsService$CheckOpsDelegateDispatcher.checkOperation(AppOpsService.java:7591)
07-16 00:44:26.668  1279  1954 E AppOps  : 	at com.android.server.appop.AppOpsService.checkOperation(AppOpsService.java:3223)
07-16 00:44:26.668  1279  1954 E AppOps  : 	at com.android.server.StorageManagerService$StorageManagerInternalImpl.hasExternalStorageAccess(StorageManagerService.java:4846)
07-16 00:44:26.668  1279  1954 E AppOps  : 	at com.android.server.am.ProcessList.startProcessLocked(ProcessList.java:1696)
07-16 00:44:26.668  1279  1954 E AppOps  : 	at com.android.server.am.ProcessList.startProcessLocked(ProcessList.java:2384)
07-16 00:44:26.668  1279  1954 E AppOps  : 	at com.android.server.am.ProcessList.startProcessLocked(ProcessList.java:2524)
07-16 00:44:26.668  1279  1954 E AppOps  : 	at com.android.server.am.ActivityManagerService.startIsolatedProcess(ActivityManagerService.java:2822)
07-16 00:44:26.668  1279  1954 E AppOps  : 	at com.android.server.am.ActivityManagerService$LocalService.startIsolatedProcess(ActivityManagerService.java:16603)
07-16 00:44:26.668  1279  1954 E AppOps  : 	at android.webkit.WebViewLibraryLoader.createRelroFile(WebViewLibraryLoader.java:126)
07-16 00:44:26.668  1279  1954 E AppOps  : 	at android.webkit.WebViewLibraryLoader.createRelros(WebViewLibraryLoader.java:164)
07-16 00:44:26.668  1279  1954 E AppOps  : 	at android.webkit.WebViewLibraryLoader.prepareNativeLibraries(WebViewLibraryLoader.java:152)
07-16 00:44:26.668  1279  1954 E AppOps  : 	at android.webkit.WebViewFactory.onWebViewProviderChanged(WebViewFactory.java:555)
07-16 00:44:26.668  1279  1954 E AppOps  : 	at com.android.server.webkit.SystemImpl.onWebViewProviderChanged(SystemImpl.java:174)
07-16 00:44:26.668  1279  1954 E AppOps  : 	at com.android.server.webkit.WebViewUpdateServiceImpl.onWebViewProviderChanged(WebViewUpdateServiceImpl.java:351)
07-16 00:44:26.668  1279  1954 E AppOps  : 	at com.android.server.webkit.WebViewUpdateServiceImpl.prepareWebViewInSystemServer(WebViewUpdateServiceImpl.java:182)
07-16 00:44:26.668  1279  1954 E AppOps  : 	at com.android.server.webkit.WebViewUpdateService.prepareWebViewInSystemServer(WebViewUpdateService.java:129)
07-16 00:44:26.668  1279  1954 E AppOps  : 	at com.android.server.SystemServer.lambda$startOtherServices$3(SystemServer.java:2865)
07-16 00:44:26.668  1279  1954 E AppOps  : 	at com.android.server.SystemServer.$r8$lambda$nG7XwJlwV2eNiP3C-iTim-mbKmM(Unknown Source:0)
07-16 00:44:26.668  1279  1954 E AppOps  : 	at com.android.server.SystemServer$$ExternalSyntheticLambda6.run(Unknown Source:2)
07-16 00:44:26.668  1279  1954 E AppOps  : 	at com.android.server.SystemServerInitThreadPool.lambda$submitTask$0(SystemServerInitThreadPool.java:106)
07-16 00:44:26.668  1279  1954 E AppOps  : 	at com.android.server.SystemServerInitThreadPool.$r8$lambda$aGlXt69ihU44Qi7EB_RNeu8pnrY(Unknown Source:0)
07-16 00:44:26.668  1279  1954 E AppOps  : 	at com.android.server.SystemServerInitThreadPool$$ExternalSyntheticLambda0.run(Unknown Source:6)
07-16 00:44:26.668  1279  1954 E AppOps  : 	at java.util.concurrent.Executors$RunnableAdapter.call(Executors.java:463)
07-16 00:44:26.668  1279  1954 E AppOps  : 	at java.util.concurrent.FutureTask.run(FutureTask.java:264)
07-16 00:44:26.668  1279  1954 E AppOps  : 	at java.util.concurrent.ThreadPoolExecutor.runWorker(ThreadPoolExecutor.java:1137)
07-16 00:44:26.668  1279  1954 E AppOps  : 	at java.util.concurrent.ThreadPoolExecutor$Worker.run(ThreadPoolExecutor.java:637)
07-16 00:44:26.668  1279  1954 E AppOps  : 	at com.android.internal.util.ConcurrentUtils$1$1.run(ConcurrentUtils.java:65)
07-16 00:44:26.668  1279  1954 E AppOps  : Bad call made by uid 1000. Package "android" does not belong to uid 1037.
07-16 00:44:26.668  1279  1954 E AppOps  : checkOperation
07-16 00:44:26.668  1279  1954 E AppOps  : java.lang.SecurityException: Specified package "android" under uid 1037 but it is not
07-16 00:44:26.668  1279  1954 E AppOps  : 	at com.android.server.appop.AppOpsService.verifyAndGetBypass(AppOpsService.java:4692)
07-16 00:44:26.668  1279  1954 E AppOps  : 	at com.android.server.appop.AppOpsService.verifyAndGetBypass(AppOpsService.java:4560)
07-16 00:44:26.668  1279  1954 E AppOps  : 	at com.android.server.appop.AppOpsService.checkOperationUnchecked(AppOpsService.java:3253)
07-16 00:44:26.668  1279  1954 E AppOps  : 	at com.android.server.appop.AppOpsService.checkOperationImpl(AppOpsService.java:3236)
07-16 00:44:26.668  1279  1954 E AppOps  : 	at com.android.server.appop.AppOpsService.-$$Nest$mcheckOperationImpl(Unknown Source:0)
07-16 00:44:26.668  1279  1954 E AppOps  : 	at com.android.server.appop.AppOpsService$CheckOpsDelegateDispatcher.lambda$checkOperation$0(AppOpsService.java:7592)
07-16 00:44:26.668  1279  1954 E AppOps  : 	at com.android.server.appop.AppOpsService$CheckOpsDelegateDispatcher.$r8$lambda$KrwrxMLmGzFSEjEyo0aJ63o5J9E(Unknown Source:0)
07-16 00:44:26.668  1279  1954 E AppOps  : 	at com.android.server.appop.AppOpsService$CheckOpsDelegateDispatcher$$ExternalSyntheticLambda9.apply(Unknown Source:24)
07-16 00:44:26.668  1279  1954 E AppOps  : 	at com.android.server.policy.AppOpsPolicy.checkOperation(AppOpsPolicy.java:211)
07-16 00:44:26.668  1279  1954 E AppOps  : 	at com.android.server.appop.AppOpsService$CheckOpsDelegateDispatcher.checkOperation(AppOpsService.java:7591)
07-16 00:44:26.668  1279  1954 E AppOps  : 	at com.android.server.appop.AppOpsService.checkOperation(AppOpsService.java:3223)
07-16 00:44:26.668  1279  1954 E AppOps  : 	at com.android.server.StorageManagerService$StorageManagerInternalImpl.hasExternalStorageAccess(StorageManagerService.java:4846)
07-16 00:44:26.668  1279  1954 E AppOps  : 	at com.android.server.am.ProcessList.startProcessLocked(ProcessList.java:1696)
07-16 00:44:26.668  1279  1954 E AppOps  : 	at com.android.server.am.ProcessList.startProcessLocked(ProcessList.java:2384)
07-16 00:44:26.668  1279  1954 E AppOps  : 	at com.android.server.am.ProcessList.startProcessLocked(ProcessList.java:2524)
07-16 00:44:26.668  1279  1954 E AppOps  : 	at com.android.server.am.ActivityManagerService.startIsolatedProcess(ActivityManagerService.java:2822)
07-16 00:44:26.668  1279  1954 E AppOps  : 	at com.android.server.am.ActivityManagerService$LocalService.startIsolatedProcess(ActivityManagerService.java:16603)
07-16 00:44:26.668  1279  1954 E AppOps  : 	at android.webkit.WebViewLibraryLoader.createRelroFile(WebViewLibraryLoader.java:126)
07-16 00:44:26.668  1279  1954 E AppOps  : 	at android.webkit.WebViewLibraryLoader.createRelros(WebViewLibraryLoader.java:170)
07-16 00:44:26.668  1279  1954 E AppOps  : 	at android.webkit.WebViewLibraryLoader.prepareNativeLibraries(WebViewLibraryLoader.java:152)
07-16 00:44:26.668  1279  1954 E AppOps  : 	at android.webkit.WebViewFactory.onWebViewProviderChanged(WebViewFactory.java:555)
07-16 00:44:26.668  1279  1954 E AppOps  : 	at com.android.server.webkit.SystemImpl.onWebViewProviderChanged(SystemImpl.java:174)
07-16 00:44:26.668  1279  1954 E AppOps  : 	at com.android.server.webkit.WebViewUpdateServiceImpl.onWebViewProviderChanged(WebViewUpdateServiceImpl.java:351)
07-16 00:44:26.668  1279  1954 E AppOps  : 	at com.android.server.webkit.WebViewUpdateServiceImpl.prepareWebViewInSystemServer(WebViewUpdateServiceImpl.java:182)
07-16 00:44:26.668  1279  1954 E AppOps  : 	at com.android.server.webkit.WebViewUpdateService.prepareWebViewInSystemServer(WebViewUpdateService.java:129)
07-16 00:44:26.668  1279  1954 E AppOps  : 	at com.android.server.SystemServer.lambda$startOtherServices$3(SystemServer.java:2865)
07-16 00:44:26.668  1279  1954 E AppOps  : 	at com.android.server.SystemServer.$r8$lambda$nG7XwJlwV2eNiP3C-iTim-mbKmM(Unknown Source:0)
07-16 00:44:26.668  1279  1954 E AppOps  : 	at com.android.server.SystemServer$$ExternalSyntheticLambda6.run(Unknown Source:2)
07-16 00:44:26.668  1279  1954 E AppOps  : 	at com.android.server.SystemServerInitThreadPool.lambda$submitTask$0(SystemServerInitThreadPool.java:106)
07-16 00:44:26.668  1279  1954 E AppOps  : 	at com.android.server.SystemServerInitThreadPool.$r8$lambda$aGlXt69ihU44Qi7EB_RNeu8pnrY(Unknown Source:0)
07-16 00:44:26.668  1279  1954 E AppOps  : 	at com.android.server.SystemServerInitThreadPool$$ExternalSyntheticLambda0.run(Unknown Source:6)
07-16 00:44:26.668  1279  1954 E AppOps  : 	at java.util.concurrent.Executors$RunnableAdapter.call(Executors.java:463)
07-16 00:44:26.668  1279  1954 E AppOps  : 	at java.util.concurrent.FutureTask.run(FutureTask.java:264)
07-16 00:44:26.668  1279  1954 E AppOps  : 	at java.util.concurrent.ThreadPoolExecutor.runWorker(ThreadPoolExecutor.java:1137)
07-16 00:44:26.668  1279  1954 E AppOps  : 	at java.util.concurrent.ThreadPoolExecutor$Worker.run(ThreadPoolExecutor.java:637)
07-16 00:44:26.668  1279  1954 E AppOps  : 	at com.android.internal.util.ConcurrentUtils$1$1.run(ConcurrentUtils.java:65)
07-16 00:44:26.681  1279  1985 W NetworkPolicy: setRestrictBackgroundUL: already false
07-16 00:44:26.687  1279  1279 D SystemServerTiming: MakeVpnManagerServiceReady
07-16 00:44:26.693  1279  1279 D SystemServerTiming: MakeVcnManagementServiceReady
07-16 00:44:26.696  1279  1279 D SystemServerTiming: MakeNetworkPolicyServiceReady
07-16 00:44:26.697  1279  2018 I VcnManagementService: new snapshot: TelephonySubscriptionSnapshot{ mActiveDataSubId=-1, mSubIdToInfoMap={}, mSubIdToCarrierConfigMap={}, mPrivilegedPackages={} }
07-16 00:44:26.702  1279  1279 D SystemServerTiming: PhaseThirdPartyAppsCanStart
07-16 00:44:26.702  1279  1279 I SystemServiceManager: Starting phase 600
07-16 00:44:26.702  1279  1279 D SystemServerTiming: OnBootPhase_600
07-16 00:44:26.702  1279  1279 D SystemServerTiming: OnBootPhase_600_com.android.server.security.FileIntegrityService
07-16 00:44:26.702  1279  1279 D SystemServerTiming: OnBootPhase_600_com.android.server.pm.Installer
07-16 00:44:26.702  1279  1279 D SystemServerTiming: OnBootPhase_600_com.android.server.os.DeviceIdentifiersPolicyService
07-16 00:44:26.702  1279  1279 D SystemServerTiming: OnBootPhase_600_com.android.server.uri.UriGrantsManagerService$Lifecycle
07-16 00:44:26.702  1279  1279 D SystemServerTiming: OnBootPhase_600_com.android.server.powerstats.PowerStatsService
07-16 00:44:26.702  1279  1279 D SystemServerTiming: OnBootPhase_600_com.android.server.wm.ActivityTaskManagerService$Lifecycle
07-16 00:44:26.702  1279  1279 D SystemServerTiming: OnBootPhase_600_com.android.server.am.ActivityManagerService$Lifecycle
07-16 00:44:26.703  1279  1279 I ExplicitHealthCheckController: Explicit health checks enabled.
07-16 00:44:26.703  1279  1279 I PackageWatchdog: Syncing state, reason: health check state enabled
07-16 00:44:26.703  1279  1279 I PackageWatchdog: Discarding observer rollback-observer. All packages expired
07-16 00:44:26.703  1279  1617 I PackageWatchdog: Saving observer state to file
07-16 00:44:26.703  1279  1279 D SystemServerTiming: OnBootPhase_600_com.android.server.pm.DataLoaderManagerService
07-16 00:44:26.703  1279  1279 D SystemServerTiming: OnBootPhase_600_com.android.server.power.PowerManagerService
07-16 00:44:26.703  1279  1279 D SystemServerTiming: OnBootPhase_600_com.android.server.power.ThermalManagerService
07-16 00:44:26.704  1279  1279 D SystemServerTiming: OnBootPhase_600_com.android.server.power.hint.HintManagerService
07-16 00:44:26.704  1279  1279 D SystemServerTiming: OnBootPhase_600_com.android.server.recoverysystem.RecoverySystemService$Lifecycle
07-16 00:44:26.704  1279  1279 D SystemServerTiming: OnBootPhase_600_com.android.server.lights.LightsService
07-16 00:44:26.704  1279  1279 D SystemServerTiming: OnBootPhase_600_com.android.server.display.DisplayManagerService
07-16 00:44:26.704  1279  1279 D SystemServerTiming: OnBootPhase_600_com.android.server.pm.verify.domain.DomainVerificationService
07-16 00:44:26.704  1279  1279 D SystemServerTiming: OnBootPhase_600_com.android.server.pm.PackageInstallerService$Lifecycle
07-16 00:44:26.704  1279  1279 D SystemServerTiming: OnBootPhase_600_com.android.server.pm.UserManagerService$LifeCycle
07-16 00:44:26.704  1279  1279 D SystemServerTiming: OnBootPhase_600_com.android.server.om.OverlayManagerService
07-16 00:44:26.704  1279  1279 D SystemServerTiming: OnBootPhase_600_com.android.server.resources.ResourcesManagerService
07-16 00:44:26.704  1279  1279 D SystemServerTiming: OnBootPhase_600_com.android.server.sensorprivacy.SensorPrivacyService
07-16 00:44:26.704  1279  1279 D SystemServerTiming: OnBootPhase_600_com.android.server.sensors.SensorService
07-16 00:44:26.704  1279  1279 D SystemServerTiming: OnBootPhase_600_com.android.server.SystemConfigService
07-16 00:44:26.704  1279  1279 D SystemServerTiming: OnBootPhase_600_com.android.server.BatteryService
07-16 00:44:26.704  1279  1279 D SystemServerTiming: OnBootPhase_600_com.android.server.usage.UsageStatsService
07-16 00:44:26.704  1279  1279 D SystemServerTiming: OnBootPhase_600_com.android.server.webkit.WebViewUpdateService
07-16 00:44:26.704  1279  1279 D SystemServerTiming: OnBootPhase_600_com.android.server.CachedDeviceStateService
07-16 00:44:26.704  1279  1279 D SystemServerTiming: OnBootPhase_600_com.android.server.BinderCallsStatsService$LifeCycle
07-16 00:44:26.704  1279  1279 D SystemServerTiming: OnBootPhase_600_com.android.server.LooperStatsService$Lifecycle
07-16 00:44:26.704  1279  1279 D SystemServerTiming: OnBootPhase_600_com.android.server.rollback.RollbackManagerService
07-16 00:44:26.704  1279  1279 D SystemServerTiming: OnBootPhase_600_com.android.server.os.NativeTombstoneManagerService
07-16 00:44:26.704  1279  1279 D SystemServerTiming: OnBootPhase_600_com.android.server.os.BugreportManagerService
07-16 00:44:26.704  1279  1279 D SystemServerTiming: OnBootPhase_600_com.android.server.gpu.GpuService
07-16 00:44:26.704  1279  1279 D SystemServerTiming: OnBootPhase_600_com.android.server.security.KeyChainSystemService
07-16 00:44:26.704  1279  1279 D SystemServerTiming: OnBootPhase_600_com.android.server.BinaryTransparencyService
07-16 00:44:26.704  1279  1279 D SystemServerTiming: OnBootPhase_600_com.android.server.telecom.TelecomLoaderService
07-16 00:44:26.704  1279  1279 D SystemServerTiming: OnBootPhase_600_com.android.server.accounts.AccountManagerService$Lifecycle
07-16 00:44:26.704  1279  1279 D SystemServerTiming: OnBootPhase_600_com.android.server.content.ContentService$Lifecycle
07-16 00:44:26.704  1279  1279 D SystemServerTiming: OnBootPhase_600_com.android.server.DropBoxManagerService
07-16 00:44:26.704  1279  1279 D SystemServerTiming: OnBootPhase_600_com.android.role.RoleService
07-16 00:44:26.704  1279  1279 D SystemServerTiming: OnBootPhase_600_com.android.server.vibrator.VibratorManagerService$Lifecycle
07-16 00:44:26.704  1279  1279 D SystemServerTiming: OnBootPhase_600_com.android.server.tare.InternalResourceService
07-16 00:44:26.704  1279  1279 D SystemServerTiming: OnBootPhase_600_com.android.server.alarm.AlarmManagerService
07-16 00:44:26.704  1279  1279 D SystemServerTiming: OnBootPhase_600_com.android.server.devicestate.DeviceStateManagerService
07-16 00:44:26.704  1279  1279 D SystemServerTiming: OnBootPhase_600_com.android.server.camera.CameraServiceProxy
07-16 00:44:26.705  1279  1279 D SystemServerTiming: OnBootPhase_600_com.android.server.bluetooth.BluetoothService
07-16 00:44:26.705  1279  1279 D SystemServerTiming: OnBootPhase_600_com.android.server.connectivity.IpConnectivityMetrics
07-16 00:44:26.705  1279  1279 D SystemServerTiming: OnBootPhase_600_com.android.server.net.watchlist.NetworkWatchlistService$Lifecycle
07-16 00:44:26.705  1279  1279 D SystemServerTiming: OnBootPhase_600_com.android.server.PinnerService
07-16 00:44:26.705  1279  1279 D SystemServerTiming: OnBootPhase_600_com.android.server.integrity.AppIntegrityManagerService
07-16 00:44:26.705  1279  1279 D SystemServerTiming: OnBootPhase_600_com.android.server.logcat.LogcatManagerService
07-16 00:44:26.705  1279  1279 D SystemServerTiming: OnBootPhase_600_com.android.server.power.PowerOffAlarmService
07-16 00:44:26.705  1279  1279 D SystemServerTiming: OnBootPhase_600_com.android.server.inputmethod.InputMethodManagerService$Lifecycle
07-16 00:44:26.705  1279  1279 D SystemServerTiming: OnBootPhase_600_com.android.server.accessibility.AccessibilityManagerService$Lifecycle
07-16 00:44:26.706  1279  1978 W StorageManagerService: No primary storage defined yet; hacking together a stub
07-16 00:44:26.706  1279  1279 D SystemServerTiming: OnBootPhase_600_com.android.server.StorageManagerService$Lifecycle
07-16 00:44:26.706  1279  1279 D SystemServerTiming: OnBootPhase_600_com.android.server.usage.StorageStatsService$Lifecycle
07-16 00:44:26.706  1279  1279 D SystemServerTiming: OnBootPhase_600_com.android.server.UiModeManagerService
07-16 00:44:26.706  1279  1279 D SystemServerTiming: OnBootPhase_600_com.android.server.locales.LocaleManagerService
07-16 00:44:26.706  1279  1279 D SystemServerTiming: OnBootPhase_600_com.android.server.locksettings.LockSettingsService$Lifecycle
07-16 00:44:26.706  1279  1279 D SystemServerTiming: OnBootPhase_600_com.android.server.PersistentDataBlockService
07-16 00:44:26.706  1279  1279 D SystemServerTiming: OnBootPhase_600_com.android.server.testharness.TestHarnessModeService
07-16 00:44:26.706  1279  1279 D SystemServerTiming: OnBootPhase_600_com.android.server.oemlock.OemLockService
07-16 00:44:26.706  1279  1279 D SystemServerTiming: OnBootPhase_600_com.android.server.DeviceIdleController
07-16 00:44:26.706  1279  1279 D SystemServerTiming: OnBootPhase_600_com.android.server.devicepolicy.DevicePolicyManagerService$Lifecycle
07-16 00:44:26.706  1279  1279 D SystemServerTiming: OnBootPhase_600_com.android.server.musicrecognition.MusicRecognitionManagerService
07-16 00:44:26.706  1279  1279 D SystemServerTiming: OnBootPhase_600_com.android.server.contentcapture.ContentCaptureManagerService
07-16 00:44:26.707  1279  1279 D SystemServerTiming: OnBootPhase_600_com.android.server.attention.AttentionManagerService
07-16 00:44:26.707  1279  1279 D SystemServerTiming: OnBootPhase_600_com.android.server.rotationresolver.RotationResolverManagerService
07-16 00:44:26.707  1279  1279 D SystemServerTiming: OnBootPhase_600_com.android.server.systemcaptions.SystemCaptionsManagerService
07-16 00:44:26.707  1279  1279 D SystemServerTiming: OnBootPhase_600_com.android.server.texttospeech.TextToSpeechManagerService
07-16 00:44:26.707  1279  1279 D SystemServerTiming: OnBootPhase_600_com.android.server.ambientcontext.AmbientContextManagerService
07-16 00:44:26.707  1279  1279 D SystemServerTiming: OnBootPhase_600_com.android.server.speech.SpeechRecognitionManagerService
07-16 00:44:26.707  1279  1279 D SystemServerTiming: OnBootPhase_600_com.android.server.appprediction.AppPredictionManagerService
07-16 00:44:26.707  1279  1279 D SystemServerTiming: OnBootPhase_600_com.android.server.contentsuggestions.ContentSuggestionsManagerService
07-16 00:44:26.708  1279  1279 D SystemServerTiming: OnBootPhase_600_com.android.server.searchui.SearchUiManagerService
07-16 00:44:26.708  1279  1279 D SystemServerTiming: OnBootPhase_600_com.android.server.smartspace.SmartspaceManagerService
07-16 00:44:26.708  1279  1279 D SystemServerTiming: OnBootPhase_600_com.android.server.graphics.fonts.FontManagerService$Lifecycle
07-16 00:44:26.708  1279  1279 D SystemServerTiming: OnBootPhase_600_com.android.server.textservices.TextServicesManagerService$Lifecycle
07-16 00:44:26.708  1279  1279 D SystemServerTiming: OnBootPhase_600_com.android.server.textclassifier.TextClassificationManagerService$Lifecycle
07-16 00:44:26.708  1279  1279 D SystemServerTiming: OnBootPhase_600_com.android.server.NetworkScoreService$Lifecycle
07-16 00:44:26.708  1279  1279 D SystemServerTiming: OnBootPhase_600_com.android.server.NetworkStatsServiceInitializer
07-16 00:44:26.708  1279  1279 D SystemServerTiming: OnBootPhase_600_com.android.server.wifi.WifiService
07-16 00:44:26.708  1279  1279 D SystemServerTiming: OnBootPhase_600_com.android.server.wifi.scanner.WifiScanningService
07-16 00:44:26.708  1279  1279 D SystemServerTiming: OnBootPhase_600_com.android.server.wifi.p2p.WifiP2pService
07-16 00:44:26.708  1279  1279 D SystemServerTiming: OnBootPhase_600_com.android.server.ConnectivityServiceInitializer
07-16 00:44:26.710  1279  1279 D SystemServerTiming: OnBootPhase_600_com.android.server.notification.NotificationManagerService
07-16 00:44:26.711  1279  1279 D SystemServerTiming: OnBootPhase_600_com.android.server.storage.DeviceStorageMonitorService
07-16 00:44:26.711  1279  1279 D SystemServerTiming: OnBootPhase_600_com.android.server.location.LocationManagerService$Lifecycle
07-16 00:44:26.726  2197  2197 V WindowManagerShell: Adding init callback for DisplayChangeController
07-16 00:44:26.726  2197  2197 V WindowManagerShell: Adding init callback for DisplayController
07-16 00:44:26.726  2197  2197 V WindowManagerShell: Adding init callback for DisplayInsetsController
07-16 00:44:26.726  2197  2197 V WindowManagerShell: Adding init callback for DisplayImeController
07-16 00:44:26.727  2197  2197 V WindowManagerShell: Adding init callback for ShellController
07-16 00:44:26.728  2197  2197 V WindowManagerShell: Adding init callback for DragAndDropController
07-16 00:44:26.733  2197  2197 V WindowManagerShell: Adding init callback for CompatUIController
07-16 00:44:26.735  2197  2197 V WindowManagerShell: Adding init callback for RecentTasksController
07-16 00:44:26.736  2197  2197 V WindowManagerShell: Adding init callback for ShellTaskOrganizer
07-16 00:44:26.744  1279  1279 D SystemServerTiming: OnBootPhase_600_com.android.server.timedetector.TimeDetectorService$Lifecycle
07-16 00:44:26.744  1279  1279 D SystemServerTiming: OnBootPhase_600_com.android.server.timezonedetector.TimeZoneDetectorService$Lifecycle
07-16 00:44:26.744  1279  1279 D SystemServerTiming: OnBootPhase_600_com.android.server.timezonedetector.location.LocationTimeZoneManagerService$Lifecycle
07-16 00:44:26.744  1279  1279 D SystemServerTiming: OnBootPhase_600_com.android.server.search.SearchManagerService$Lifecycle
07-16 00:44:26.744  1279  1279 D SystemServerTiming: OnBootPhase_600_com.android.server.wallpaper.WallpaperManagerService$Lifecycle
07-16 00:44:26.744  1279  1279 D WallpaperManagerService: Wallpaper_switch-user-0
07-16 00:44:26.744  1279  1279 V WallpaperManagerService: bindWallpaperComponentLocked: componentName=ComponentInfo{com.android.systemui/com.android.systemui.wallpapers.ImageWallpaper}
07-16 00:44:26.744  1279  1279 D WallpaperManagerService: WPMS.bindWallpaperComponentLocked-ComponentInfo{com.android.systemui/com.android.systemui.wallpapers.ImageWallpaper}
07-16 00:44:26.745  1279  1279 D SystemServerTiming: OnBootPhase_600_com.android.server.wallpapereffectsgeneration.WallpaperEffectsGenerationManagerService
07-16 00:44:26.745  1279  1279 D SystemServerTiming: OnBootPhase_600_com.android.server.audio.AudioService$Lifecycle
07-16 00:44:26.745  1279  1279 D SystemServerTiming: OnBootPhase_600_com.android.server.soundtrigger_middleware.SoundTriggerMiddlewareService$Lifecycle
07-16 00:44:26.745  1279  1279 D SystemServerTiming: OnBootPhase_600_com.android.server.DockObserver
07-16 00:44:26.745  1279  1279 D SystemServerTiming: OnBootPhase_600_com.android.server.midi.MidiService$Lifecycle
07-16 00:44:26.745  1279  1279 D SystemServerTiming: OnBootPhase_600_com.android.server.adb.AdbService$Lifecycle
07-16 00:44:26.745  1279  1279 D SystemServerTiming: OnBootPhase_600_com.android.server.usb.UsbService$Lifecycle
07-16 00:44:26.745  1279  1279 D SystemServerTiming: OnBootPhase_600_com.android.server.twilight.TwilightService
07-16 00:44:26.745  1279  1279 D SystemServerTiming: OnBootPhase_600_com.android.server.display.color.ColorDisplayService
07-16 00:44:26.745  1279  1279 D SystemServerTiming: OnBootPhase_600_com.android.server.job.JobSchedulerService
07-16 00:44:26.747  2197  2197 V WindowManagerShell: Adding init callback for OneHandedController
07-16 00:44:26.751  2197  2197 V WindowManagerShell: Adding init callback for DefaultTransitionHandler
07-16 00:44:26.751  2197  2197 V WindowManagerShell: addHandler: Default
07-16 00:44:26.751  2197  2197 V WindowManagerShell: addHandler: Remote
07-16 00:44:26.751  2197  2197 V WindowManagerShell: Adding init callback for Transitions
07-16 00:44:26.754  1279  1279 D SystemServerTiming: OnBootPhase_600_com.android.server.soundtrigger.SoundTriggerService
07-16 00:44:26.754  1279  1279 D SoundTriggerService: onBootPhase: 600 : false
07-16 00:44:26.754  1279  1279 D SystemServerTiming: OnBootPhase_600_com.android.server.trust.TrustManagerService
07-16 00:44:26.760  2197  2197 V WindowManagerShell: Adding init callback for BubbleController
07-16 00:44:26.763  1279  1279 D SystemServerTiming: OnBootPhase_600_com.android.server.backup.BackupManagerService$Lifecycle
07-16 00:44:26.763  1279  1279 D SystemServerTiming: OnBootPhase_600_com.android.server.appwidget.AppWidgetService
07-16 00:44:26.763  1279  1279 D SystemServerTiming: OnBootPhase_600_com.android.server.voiceinteraction.VoiceInteractionManagerService
07-16 00:44:26.763  2197  2197 V WindowManagerShell: Adding init callback for SplitScreenController
07-16 00:44:26.764  1279  1279 D SystemServerTiming: OnBootPhase_600_com.android.server.apphibernation.AppHibernationService
07-16 00:44:26.764  1279  1279 D SystemServerTiming: OnBootPhase_600_com.android.server.GestureLauncherService
07-16 00:44:26.764  1279  1279 D SystemServerTiming: OnBootPhase_600_com.android.server.SensorNotificationService
07-16 00:44:26.765  1279  1279 D SystemServerTiming: OnBootPhase_600_com.android.server.emergency.EmergencyAffordanceService
07-16 00:44:26.766  1279  1279 D SystemServerTiming: OnBootPhase_600_com.android.server.blob.BlobStoreManagerService
07-16 00:44:26.769  2197  2197 V WindowManagerShell: Adding init callback for PipTouchHandler
07-16 00:44:26.769  2197  2197 V WindowManagerShell: Adding init callback for DevicePostureController
07-16 00:44:26.775  2197  2197 V WindowManagerShell: Adding init callback for TabletopModeController
07-16 00:44:26.775  2197  2197 V WindowManagerShell: Adding init callback for PipController
07-16 00:44:26.776  2197  2197 V WindowManagerShell: Adding init callback for FullscreenTaskListener
07-16 00:44:26.779  2197  2197 V WindowManagerShell: Adding init callback for StartingWindowController
07-16 00:44:26.779  2197  2197 V WindowManagerShell: Adding init callback for ProtoLogController
07-16 00:44:26.780  2197  2197 V WindowManagerShell: Adding init callback for KidsModeTaskOrganizer
07-16 00:44:26.782  2197  2197 V WindowManagerShell: Adding init callback for BackAnimationController
07-16 00:44:26.782  2197  2260 V WindowManagerShell: Initializing Shell Components: 23
07-16 00:44:26.787  2197  2260 V WindowManagerShell: 	DisplayChangeController init took 5ms
07-16 00:44:26.791  2197  2260 V WindowManagerShell: 	DisplayController init took 5ms
07-16 00:44:26.792  2197  2260 V WindowManagerShell: 	DisplayInsetsController init took 1ms
07-16 00:44:26.792  2197  2260 V WindowManagerShell: 	DisplayImeController init took 0ms
07-16 00:44:26.792  2197  2260 V WindowManagerShell: Adding dump callback for ShellController
07-16 00:44:26.792  2197  2260 V WindowManagerShell: 	ShellController init took 0ms
07-16 00:44:26.793  2197  2260 V WindowManagerShell: 	DragAndDropController init took 0ms
07-16 00:44:26.793  2197  2260 V WindowManagerShell: Adding command class compatui for CompatUIShellCommandHandler
07-16 00:44:26.793  2197  2260 V WindowManagerShell: 	CompatUIController init took 0ms
07-16 00:44:26.793  2197  2260 V WindowManagerShell: Adding external interface from RecentTasksController with key extra_shell_recent_tasks
07-16 00:44:26.793  2197  2260 V WindowManagerShell: Adding dump callback for RecentTasksController
07-16 00:44:26.793  2197  2260 V WindowManagerShell: 	RecentTasksController init took 1ms
07-16 00:44:26.794  2197  2260 V WindowManagerShell: Adding dump callback for ShellTaskOrganizer
07-16 00:44:26.795  2197  2260 V WindowManagerShell: 	ShellTaskOrganizer init took 1ms
07-16 00:44:26.795  2197  2260 V WindowManagerShell: Adding dump callback for OneHandedController
07-16 00:44:26.797  1279  1279 D SystemServerTiming: OnBootPhase_600_com.android.server.dreams.DreamManagerService
07-16 00:44:26.798  1279  1279 D SystemServerTiming: OnBootPhase_600_com.android.server.print.PrintManagerService
07-16 00:44:26.798  1279  1279 D SystemServerTiming: OnBootPhase_600_com.android.server.security.AttestationVerificationManagerService
07-16 00:44:26.798  1279  1279 D SystemServerTiming: OnBootPhase_600_com.android.server.companion.CompanionDeviceManagerService
07-16 00:44:26.798  1279  1279 D SystemServerTiming: OnBootPhase_600_com.android.server.companion.virtual.VirtualDeviceManagerService
07-16 00:44:26.798  1279  1279 D SystemServerTiming: OnBootPhase_600_com.android.server.restrictions.RestrictionsManagerService
07-16 00:44:26.798  1279  1279 D SystemServerTiming: OnBootPhase_600_com.android.server.media.MediaSessionService
07-16 00:44:26.798  1279  1279 D SystemServerTiming: OnBootPhase_600_com.android.server.media.MediaResourceMonitorService
07-16 00:44:26.798  1279  1279 D SystemServerTiming: OnBootPhase_600_com.android.server.biometrics.sensors.face.FaceService
07-16 00:44:26.798  1279  1279 D SystemServerTiming: OnBootPhase_600_com.android.server.biometrics.sensors.fingerprint.FingerprintService
07-16 00:44:26.798  1279  1279 D SystemServerTiming: OnBootPhase_600_com.android.server.biometrics.BiometricService
07-16 00:44:26.798  1279  1279 D SystemServerTiming: OnBootPhase_600_com.android.server.biometrics.AuthService
07-16 00:44:26.798  1279  1279 D SystemServerTiming: OnBootPhase_600_com.android.server.pm.ShortcutService$Lifecycle
07-16 00:44:26.798  1279  1279 D SystemServerTiming: OnBootPhase_600_com.android.server.pm.LauncherAppsService
07-16 00:44:26.798  1279  1279 D SystemServerTiming: OnBootPhase_600_com.android.server.pm.CrossProfileAppsService
07-16 00:44:26.798  1279  1279 D SystemServerTiming: OnBootPhase_600_com.android.server.people.PeopleService
07-16 00:44:26.798  1279  1279 D SystemServerTiming: OnBootPhase_600_com.android.server.media.metrics.MediaMetricsManagerService
07-16 00:44:26.798  1279  1279 D SystemServerTiming: OnBootPhase_600_com.android.server.vibrator.LinearmotorVibratorService
07-16 00:44:26.798  1279  1279 D SystemServerTiming: OnBootPhase_600_com.android.server.custom.LineageHardwareService
07-16 00:44:26.798  1279  1279 D SystemServerTiming: OnBootPhase_600_com.android.server.custom.globalactions.CustomGlobalActionsService
07-16 00:44:26.798  1279  1279 D SystemServerTiming: OnBootPhase_600_com.android.server.custom.display.LiveDisplayService
07-16 00:44:26.798  1279  1279 D SystemServerTiming: OnBootPhase_600_com.android.server.media.projection.MediaProjectionManagerService
07-16 00:44:26.798  1279  1279 D SystemServerTiming: OnBootPhase_600_com.android.server.slice.SliceManagerService$Lifecycle
07-16 00:44:26.798  1279  1279 D SystemServerTiming: OnBootPhase_600_com.android.server.stats.StatsCompanion$Lifecycle
07-16 00:44:26.805  2197  2260 V WindowManagerShell: Adding external interface from OneHandedController with key extra_shell_one_handed
07-16 00:44:26.805  2197  2260 V WindowManagerShell: 	OneHandedController init took 10ms
07-16 00:44:26.807  1279  1279 D SystemServerTiming: OnBootPhase_600_com.android.server.scheduling.RebootReadinessManagerService$Lifecycle
07-16 00:44:26.807  1279  1279 D SystemServerTiming: OnBootPhase_600_com.android.server.stats.pull.StatsPullAtomService
07-16 00:44:26.807  1279  1279 D SystemServerTiming: OnBootPhase_600_com.android.server.stats.bootstrap.StatsBootstrapAtomService$Lifecycle
07-16 00:44:26.807  1279  1279 D SystemServerTiming: OnBootPhase_600_com.android.server.incident.IncidentCompanionService
07-16 00:44:26.807  1279  1279 D SystemServerTiming: OnBootPhase_600_com.android.server.sdksandbox.SdkSandboxManagerService$Lifecycle
07-16 00:44:26.807  1279  1279 D SystemServerTiming: OnBootPhase_600_com.android.server.adservices.AdServicesManagerService$Lifecycle
07-16 00:44:26.807  1279  1279 D SystemServerTiming: OnBootPhase_600_com.android.server.MmsServiceBroker
07-16 00:44:26.807  1279  1279 D SystemServerTiming: OnBootPhase_600_com.android.server.autofill.AutofillManagerService
07-16 00:44:26.808  1279  1617 D StatsPullAtomService: Registering NetworkStats pullers with statsd
07-16 00:44:26.809  1279  1279 D SystemServerTiming: OnBootPhase_600_com.android.server.translation.TranslationManagerService
07-16 00:44:26.809  2197  2260 V WindowManagerShell: 	DefaultTransitionHandler init took 4ms
07-16 00:44:26.809  1279  1279 D SystemServerTiming: OnBootPhase_600_com.android.server.clipboard.ClipboardService
07-16 00:44:26.809  1279  1279 D SystemServerTiming: OnBootPhase_600_com.android.server.appbinding.AppBindingService$Lifecycle
07-16 00:44:26.809  2197  2260 V WindowManagerShell: Adding external interface from Transitions with key extra_shell_shell_transitions
07-16 00:44:26.809  1279  1279 D SystemServerTiming: OnBootPhase_600_com.android.server.tracing.TracingServiceProxy
07-16 00:44:26.809  1279  1279 D SystemServerTiming: OnBootPhase_600_com.android.server.policy.PermissionPolicyService
07-16 00:44:26.809  1279  1279 D SystemServerTiming: OnBootPhase_600_com.android.server.pm.StagingManager$Lifecycle
07-16 00:44:26.809  1279  1279 D SystemServerTiming: OnBootPhase_600_com.android.server.app.GameManagerService$Lifecycle
07-16 00:44:26.809  1279  1279 D SystemServerTiming: OnBootPhase_600_com.android.safetycenter.SafetyCenterService
07-16 00:44:26.809  1279  1279 D SystemServerTiming: OnBootPhase_600_com.android.server.appsearch.AppSearchModule$Lifecycle
07-16 00:44:26.809  1279  1279 D SystemServerTiming: OnBootPhase_600_com.android.server.media.MediaCommunicationService
07-16 00:44:26.809  1279  1279 D SystemServerTiming: OnBootPhase_600_com.android.server.compat.overrides.AppCompatOverridesService$Lifecycle
07-16 00:44:26.809  1279  1279 D SystemServerTiming: StartNetworkStack
07-16 00:44:26.809  1279  1279 D ConnectivityModuleConnector: Starting networking module android.net.INetworkStackConnector
07-16 00:44:26.810  1279  1279 D ConnectivityModuleConnector: Starting networking module in network_stack process
07-16 00:44:26.810  2197  2260 V WindowManagerShell: 	Transitions init took 1ms
07-16 00:44:26.812  1279  1279 D ConnectivityModuleConnector: Networking module service start requested
07-16 00:44:26.812  1279  1279 D SystemServerTiming: StartTethering
07-16 00:44:26.812  1279  1279 D ConnectivityModuleConnector: Starting networking module android.net.ITetheringConnector
07-16 00:44:26.813  1279  1279 D ConnectivityModuleConnector: Starting networking module in network_stack process
07-16 00:44:26.814  1279  1279 D ConnectivityModuleConnector: Networking module service start requested
07-16 00:44:26.814  1279  1279 D SystemServerTiming: MakeCountryDetectionServiceReady
07-16 00:44:26.814  1279  1279 D SystemServerTiming: MakeNetworkTimeUpdateReady
07-16 00:44:26.814  2197  2260 V WindowManagerShell: Adding dump callback for BubbleController
07-16 00:44:26.814  2197  2260 V WindowManagerShell: 	BubbleController init took 4ms
07-16 00:44:26.814  2197  2260 V WindowManagerShell: Adding dump callback for SplitScreenController
07-16 00:44:26.814  2197  2260 V WindowManagerShell: Adding command class splitscreen for SplitScreenController
07-16 00:44:26.814  2197  2260 V WindowManagerShell: Adding external interface from SplitScreenController with key extra_shell_split_screen
07-16 00:44:26.816  1279  1279 D SystemServerTiming: MakeInputManagerServiceReady
07-16 00:44:26.817  1279  1279 D SystemServerTiming: MakeTelephonyRegistryReady
07-16 00:44:26.817  1279  1279 D SystemServerTiming: MakeMediaRouterServiceReady
07-16 00:44:26.817  1279  1279 I MR2ServiceImpl: switchUser | user: 0
07-16 00:44:26.817  1279  1279 D SystemServerTiming: MakeMmsServiceReady
07-16 00:44:26.817  1279  1279 I MmsServiceBroker: Delay connecting to MmsService until an API is called
07-16 00:44:26.818  1279  1279 D SystemServerTiming: IncidentDaemonReady
07-16 00:44:26.819  1279  1279 D SystemServerTiming: OdsignStatsLogger
07-16 00:44:26.819  1279  1279 D SystemServerTiming: getCurrentUser
07-16 00:44:26.819  1279  1279 I ActivityManager: Current user:0
07-16 00:44:26.819  1279  1279 D SystemServerTiming: ActivityManagerStartApps
07-16 00:44:26.820  1279  1279 D SystemServerTiming: ssm.StartUser-0
07-16 00:44:26.820  1279  1279 I SystemServiceManager: Calling onStartUser 0
07-16 00:44:26.820  1279  1279 D SystemServerTiming: ssm.onStartUser-0_com.android.server.security.FileIntegrityService
07-16 00:44:26.820  1279  1279 D SystemServerTiming: ssm.onStartUser-0_com.android.server.pm.Installer
07-16 00:44:26.820  1279  1279 D SystemServerTiming: ssm.onStartUser-0_com.android.server.os.DeviceIdentifiersPolicyService
07-16 00:44:26.820  1279  1279 D SystemServerTiming: ssm.onStartUser-0_com.android.server.uri.UriGrantsManagerService$Lifecycle
07-16 00:44:26.820  1279  1279 D SystemServerTiming: ssm.onStartUser-0_com.android.server.powerstats.PowerStatsService
07-16 00:44:26.820  1279  1279 D SystemServerTiming: ssm.onStartUser-0_com.android.server.wm.ActivityTaskManagerService$Lifecycle
07-16 00:44:26.820  1279  1279 D SystemServerTiming: ssm.onStartUser-0_com.android.server.am.ActivityManagerService$Lifecycle
07-16 00:44:26.820  1279  1279 D SystemServerTiming: ssm.onStartUser-0_com.android.server.pm.DataLoaderManagerService
07-16 00:44:26.820  1279  1279 D SystemServerTiming: ssm.onStartUser-0_com.android.server.power.PowerManagerService
07-16 00:44:26.820  1279  1279 D SystemServerTiming: ssm.onStartUser-0_com.android.server.power.ThermalManagerService
07-16 00:44:26.820  1279  1279 D SystemServerTiming: ssm.onStartUser-0_com.android.server.power.hint.HintManagerService
07-16 00:44:26.820  1279  1279 D SystemServerTiming: ssm.onStartUser-0_com.android.server.recoverysystem.RecoverySystemService$Lifecycle
07-16 00:44:26.820  1279  1279 D SystemServerTiming: ssm.onStartUser-0_com.android.server.lights.LightsService
07-16 00:44:26.820  1279  1279 D SystemServerTiming: ssm.onStartUser-0_com.android.server.display.DisplayManagerService
07-16 00:44:26.820  1279  1279 D SystemServerTiming: ssm.onStartUser-0_com.android.server.pm.verify.domain.DomainVerificationService
07-16 00:44:26.820  1279  1279 D SystemServerTiming: ssm.onStartUser-0_com.android.server.pm.PackageInstallerService$Lifecycle
07-16 00:44:26.820  1279  1279 D SystemServerTiming: ssm.onStartUser-0_com.android.server.pm.UserManagerService$LifeCycle
07-16 00:44:26.820  1279  1279 D SystemServerTiming: ssm.onStartUser-0_com.android.server.om.OverlayManagerService
07-16 00:44:26.820  1279  1279 D SystemServerTiming: ssm.onStartUser-0_com.android.server.resources.ResourcesManagerService
07-16 00:44:26.820  1279  1279 D SystemServerTiming: ssm.onStartUser-0_com.android.server.sensorprivacy.SensorPrivacyService
07-16 00:44:26.820  2197  2260 V WindowManagerShell: addHandler: StageCoordinator
07-16 00:44:26.821  2197  2260 V WindowManagerShell: 	SplitScreenController init took 7ms
07-16 00:44:26.821  1279  1279 D SystemServerTiming: ssm.onStartUser-0_com.android.server.sensors.SensorService
07-16 00:44:26.821  1279  1279 D SystemServerTiming: ssm.onStartUser-0_com.android.server.SystemConfigService
07-16 00:44:26.821  1279  1279 D SystemServerTiming: ssm.onStartUser-0_com.android.server.BatteryService
07-16 00:44:26.821  1279  1279 D SystemServerTiming: ssm.onStartUser-0_com.android.server.usage.UsageStatsService
07-16 00:44:26.821  1279  1279 D SystemServerTiming: ssm.onStartUser-0_com.android.server.webkit.WebViewUpdateService
07-16 00:44:26.821  1279  1279 D SystemServerTiming: ssm.onStartUser-0_com.android.server.CachedDeviceStateService
07-16 00:44:26.821  1279  1279 D SystemServerTiming: ssm.onStartUser-0_com.android.server.BinderCallsStatsService$LifeCycle
07-16 00:44:26.821  1279  1279 D SystemServerTiming: ssm.onStartUser-0_com.android.server.LooperStatsService$Lifecycle
07-16 00:44:26.821  1279  1279 D SystemServerTiming: ssm.onStartUser-0_com.android.server.rollback.RollbackManagerService
07-16 00:44:26.821  1279  1279 D SystemServerTiming: ssm.onStartUser-0_com.android.server.os.NativeTombstoneManagerService
07-16 00:44:26.821  1279  1279 D SystemServerTiming: ssm.onStartUser-0_com.android.server.os.BugreportManagerService
07-16 00:44:26.821  1279  1279 D SystemServerTiming: ssm.onStartUser-0_com.android.server.gpu.GpuService
07-16 00:44:26.821  1279  1279 D SystemServerTiming: ssm.onStartUser-0_com.android.server.security.KeyChainSystemService
07-16 00:44:26.821  1279  1279 D SystemServerTiming: ssm.onStartUser-0_com.android.server.BinaryTransparencyService
07-16 00:44:26.821  1279  1279 D SystemServerTiming: ssm.onStartUser-0_com.android.server.telecom.TelecomLoaderService
07-16 00:44:26.821  1279  1279 D SystemServerTiming: ssm.onStartUser-0_com.android.server.accounts.AccountManagerService$Lifecycle
07-16 00:44:26.821  1279  1279 D SystemServerTiming: ssm.onStartUser-0_com.android.server.content.ContentService$Lifecycle
07-16 00:44:26.821  1279  1279 D SystemServerTiming: ssm.onStartUser-0_com.android.server.DropBoxManagerService
07-16 00:44:26.821  1279  1279 D SystemServerTiming: ssm.onStartUser-0_com.android.role.RoleService
07-16 00:44:26.828  2197  2260 V WindowManagerShell: 	PipTouchHandler init took 7ms
07-16 00:44:26.828  2197  2260 V WindowManagerShell: 	DevicePostureController init took 0ms
07-16 00:44:26.828  2197  2260 V WindowManagerShell: 	TabletopModeController init took 0ms
07-16 00:44:26.828  2197  2260 V WindowManagerShell: Adding dump callback for PipController
07-16 00:44:26.830  1279  1279 D SystemServerTiming: ssm.onStartUser-0_com.android.server.vibrator.VibratorManagerService$Lifecycle
07-16 00:44:26.830  1279  1279 D SystemServerTiming: ssm.onStartUser-0_com.android.server.tare.InternalResourceService
07-16 00:44:26.830  1279  1279 D SystemServerTiming: ssm.onStartUser-0_com.android.server.alarm.AlarmManagerService
07-16 00:44:26.830  1279  1279 D SystemServerTiming: ssm.onStartUser-0_com.android.server.devicestate.DeviceStateManagerService
07-16 00:44:26.830  1279  1279 D SystemServerTiming: ssm.onStartUser-0_com.android.server.camera.CameraServiceProxy
07-16 00:44:26.830  1279  1279 D SystemServerTiming: ssm.onStartUser-0_com.android.server.bluetooth.BluetoothService
07-16 00:44:26.830  2197  2260 V WindowManagerShell: Adding external interface from PipController with key extra_shell_pip
07-16 00:44:26.831  2197  2260 V WindowManagerShell: 	PipController init took 3ms
07-16 00:44:26.832  1279  1279 D SystemServerTiming: ssm.onStartUser-0_com.android.server.connectivity.IpConnectivityMetrics
07-16 00:44:26.832  1279  1279 D SystemServerTiming: ssm.onStartUser-0_com.android.server.net.watchlist.NetworkWatchlistService$Lifecycle
07-16 00:44:26.832  1279  1279 D SystemServerTiming: ssm.onStartUser-0_com.android.server.PinnerService
07-16 00:44:26.832  1279  1279 D SystemServerTiming: ssm.onStartUser-0_com.android.server.integrity.AppIntegrityManagerService
07-16 00:44:26.832  1279  1279 D SystemServerTiming: ssm.onStartUser-0_com.android.server.logcat.LogcatManagerService
07-16 00:44:26.832  1279  1279 D SystemServerTiming: ssm.onStartUser-0_com.android.server.power.PowerOffAlarmService
07-16 00:44:26.832  1279  1279 D SystemServerTiming: ssm.onStartUser-0_com.android.server.inputmethod.InputMethodManagerService$Lifecycle
07-16 00:44:26.832  1279  1279 D SystemServerTiming: ssm.onStartUser-0_com.android.server.accessibility.AccessibilityManagerService$Lifecycle
