07-16 00:44:27.045  1279  1620 W ActivityManager: Slow operation: 213ms so far, now at startProcess: asking zygote to start proc
07-16 00:44:27.049  1279  1279 I BrightnessSynchronizer: [1] New Update 0.0013828652(f) set brightness values:  1(i)
07-16 00:44:27.053  1279  1978 W PackageManager: Loading a package that does not exist for the calling user. package=null, user=0
07-16 00:44:27.064  1279  1620 W ActivityManager: Slow operation: 231ms so far, now at startProcess: returned from zygote!
07-16 00:44:27.065  1279  1620 W ActivityManager: Slow operation: 232ms so far, now at startProcess: done updating battery stats
07-16 00:44:27.065  1279  1620 W ActivityManager: Slow operation: 232ms so far, now at startProcess: building log message
07-16 00:44:27.065  1279  1620 I ActivityManager: Start proc 2378:com.android.bluetooth/1002 for service {com.android.bluetooth/com.android.bluetooth.btservice.AdapterService}
07-16 00:44:27.065  1279  1620 W ActivityManager: Slow operation: 232ms so far, now at startProcess: starting to update pids map
07-16 00:44:27.065  1279  1620 W ActivityManager: Slow operation: 233ms so far, now at startProcess: done updating pids map
07-16 00:44:27.065  1279  1620 W ActivityManager: Slow operation: 208ms so far, now at startProcess: asking zygote to start proc
07-16 00:44:27.082  1279  1279 I PackageWatchdog: Syncing health check requests for packages: {}
07-16 00:44:27.082  1279  1279 I ExplicitHealthCheckController: Service not ready to get health check supported packages. Binding...
07-16 00:44:27.083  1279  1279 I ExplicitHealthCheckController: Explicit health check service is bound
07-16 00:44:27.084  1279  1620 W ActivityManager: Slow operation: 226ms so far, now at startProcess: returned from zygote!
07-16 00:44:27.084  1279  1620 W ActivityManager: Slow operation: 227ms so far, now at startProcess: done updating battery stats
07-16 00:44:27.084  1279  1620 W ActivityManager: Slow operation: 227ms so far, now at startProcess: building log message
07-16 00:44:27.084  1279  1620 I ActivityManager: Start proc 2389:.dataservices/1001 for added application .dataservices
07-16 00:44:27.084  1279  1620 W ActivityManager: Slow operation: 227ms so far, now at startProcess: starting to update pids map
07-16 00:44:27.085  1279  1620 W ActivityManager: Slow operation: 227ms so far, now at startProcess: done updating pids map
07-16 00:44:27.085  1279  1620 W ActivityManager: Slow operation: 226ms so far, now at startProcess: asking zygote to start proc
07-16 00:44:27.089  1279  2123 W PackageManager: Loading a package that does not exist for the calling user. package=null, user=0
07-16 00:44:27.100  1279  1620 W ActivityManager: Slow operation: 241ms so far, now at startProcess: returned from zygote!
07-16 00:44:27.100  1279  1620 W ActivityManager: Slow operation: 241ms so far, now at startProcess: done updating battery stats
07-16 00:44:27.100  1279  1620 W ActivityManager: Slow operation: 241ms so far, now at startProcess: building log message
07-16 00:44:27.100  1279  1620 I ActivityManager: Start proc 2400:org.lineageos.dirac.gef/1000 for added application org.lineageos.dirac.gef
07-16 00:44:27.100  1279  1620 W ActivityManager: Slow operation: 241ms so far, now at startProcess: starting to update pids map
07-16 00:44:27.100  1279  1620 W ActivityManager: Slow operation: 242ms so far, now at startProcess: done updating pids map
07-16 00:44:27.100  1279  1620 W ActivityManager: Slow operation: 241ms so far, now at startProcess: asking zygote to start proc
07-16 00:44:27.114  1279  1620 W ActivityManager: Slow operation: 254ms so far, now at startProcess: returned from zygote!
07-16 00:44:27.114  1279  1620 W ActivityManager: Slow operation: 255ms so far, now at startProcess: done updating battery stats
07-16 00:44:27.115  1279  1620 W ActivityManager: Slow operation: 255ms so far, now at startProcess: building log message
07-16 00:44:27.115  1279  1620 I ActivityManager: Start proc 2413:com.qti.phone/u0a203 for added application com.qti.phone
07-16 00:44:27.115  1279  1620 W ActivityManager: Slow operation: 255ms so far, now at startProcess: starting to update pids map
07-16 00:44:27.115  1279  1620 W ActivityManager: Slow operation: 255ms so far, now at startProcess: done updating pids map
07-16 00:44:27.115  1279  1620 W ActivityManager: Slow operation: 255ms so far, now at startProcess: asking zygote to start proc
07-16 00:44:27.130  1279  1620 W ActivityManager: Slow operation: 271ms so far, now at startProcess: returned from zygote!
07-16 00:44:27.131  1279  1620 W ActivityManager: Slow operation: 271ms so far, now at startProcess: done updating battery stats
07-16 00:44:27.131  1279  1620 W ActivityManager: Slow operation: 271ms so far, now at startProcess: building log message
07-16 00:44:27.131  1279  1620 I ActivityManager: Start proc 2422:org.codeaurora.ims/u0a138 for added application org.codeaurora.ims
07-16 00:44:27.131  1279  1620 W ActivityManager: Slow operation: 271ms so far, now at startProcess: starting to update pids map
07-16 00:44:27.131  1279  1620 W ActivityManager: Slow operation: 271ms so far, now at startProcess: done updating pids map
07-16 00:44:27.131  1279  1620 W ActivityManager: Slow operation: 270ms so far, now at startProcess: asking zygote to start proc
07-16 00:44:27.141  1279  1978 D CustomFaceProvider: bindFaceAuthService 0
07-16 00:44:27.141  1279  1978 D CustomFaceProvider: FaceService disabled
07-16 00:44:27.143  1279  2123 D CustomFaceProvider: bindFaceAuthService 0
07-16 00:44:27.143  1279  2123 D CustomFaceProvider: FaceService disabled
07-16 00:44:27.147  1279  1620 W ActivityManager: Slow operation: 287ms so far, now at startProcess: returned from zygote!
07-16 00:44:27.151  1279  1998 I ActivityManager: Process WebViewLoader-armeabi-v7a (pid 2314) has died: psvc PER 
07-16 00:44:27.152  1279  1620 W ActivityManager: Slow operation: 291ms so far, now at startProcess: done updating battery stats
07-16 00:44:27.152  1279  1620 W ActivityManager: Slow operation: 292ms so far, now at startProcess: building log message
07-16 00:44:27.152  1279  1620 I ActivityManager: Start proc 2454:com.android.se/1068 for added application com.android.se
07-16 00:44:27.152  1279  1620 W ActivityManager: Slow operation: 292ms so far, now at startProcess: starting to update pids map
07-16 00:44:27.152  1279  1620 W ActivityManager: Slow operation: 292ms so far, now at startProcess: done updating pids map
07-16 00:44:27.152  1279  1620 W ActivityManager: Slow operation: 292ms so far, now at startProcess: asking zygote to start proc
07-16 00:44:27.179  1279  1620 W ActivityManager: Slow operation: 319ms so far, now at startProcess: returned from zygote!
07-16 00:44:27.183  1279  1620 W ActivityManager: Slow operation: 323ms so far, now at startProcess: done updating battery stats
07-16 00:44:27.183  1279  1620 W ActivityManager: Slow operation: 323ms so far, now at startProcess: building log message
07-16 00:44:27.183  1279  1620 I ActivityManager: Start proc 2482:.qtidataservices/u0a89 for added application .qtidataservices
07-16 00:44:27.183  1279  1620 W ActivityManager: Slow operation: 323ms so far, now at startProcess: starting to update pids map
07-16 00:44:27.184  1279  1620 W ActivityManager: Slow operation: 323ms so far, now at startProcess: done updating pids map
07-16 00:44:27.184  1279  1620 W ActivityManager: Slow operation: 323ms so far, now at startProcess: asking zygote to start proc
07-16 00:44:27.206  1279  1978 I ActivityManager: Process WebViewLoader-arm64-v8a (pid 2349) has died: psvc PER 
07-16 00:44:27.247  1279  1952 I MR2ServiceImpl: registerManager | uid: 10149, pid: 2197, package: com.android.systemui, user: 0
07-16 00:44:27.263  1279  1620 W ActivityManager: Slow operation: 402ms so far, now at startProcess: returned from zygote!
07-16 00:44:27.263  1279  1620 W ActivityManager: Slow operation: 402ms so far, now at startProcess: done updating battery stats
07-16 00:44:27.263  1279  1620 I Watchdog: Interesting Java process com.android.phone started. Pid 2563
07-16 00:44:27.263  1279  1620 W ActivityManager: Slow operation: 402ms so far, now at startProcess: building log message
07-16 00:44:27.263  1279  1620 I ActivityManager: Start proc 2563:com.android.phone/1001 for added application com.android.phone
07-16 00:44:27.263  1279  1620 W ActivityManager: Slow operation: 402ms so far, now at startProcess: starting to update pids map
07-16 00:44:27.265  1279  1620 W ActivityManager: Slow operation: 404ms so far, now at startProcess: done updating pids map
07-16 00:44:27.265  1279  1620 W ActivityManager: Slow operation: 258ms so far, now at startProcess: asking zygote to start proc
07-16 00:44:27.270  1279  1952 W ActivityManager: Unable to start service Intent { act=android.service.smartspace.SmartspaceService cmp=com.google.android.as/com.google.android.apps.miphone.aiai.app.AiAiSmartspaceService } U=0: not found
07-16 00:44:27.270  1279  1952 W RemoteSmartspaceService: could not bind to Intent { act=android.service.smartspace.SmartspaceService cmp=com.google.android.as/com.google.android.apps.miphone.aiai.app.AiAiSmartspaceService } using flags 67112961
07-16 00:44:27.275  1279  1978 W ActivityManager: Unable to start service Intent { act=android.service.smartspace.SmartspaceService cmp=com.google.android.as/com.google.android.apps.miphone.aiai.app.AiAiSmartspaceService } U=0: not found
07-16 00:44:27.275  1279  1978 W RemoteSmartspaceService: could not bind to Intent { act=android.service.smartspace.SmartspaceService cmp=com.google.android.as/com.google.android.apps.miphone.aiai.app.AiAiSmartspaceService } using flags 67112961
07-16 00:44:27.276  1279  1978 W ActivityManager: Unable to start service Intent { act=android.service.smartspace.SmartspaceService cmp=com.google.android.as/com.google.android.apps.miphone.aiai.app.AiAiSmartspaceService } U=0: not found
07-16 00:44:27.276  1279  1978 W RemoteSmartspaceService: could not bind to Intent { act=android.service.smartspace.SmartspaceService cmp=com.google.android.as/com.google.android.apps.miphone.aiai.app.AiAiSmartspaceService } using flags 67112961
07-16 00:44:27.277  1279  1978 W ActivityManager: Unable to start service Intent { act=android.service.smartspace.SmartspaceService cmp=com.google.android.as/com.google.android.apps.miphone.aiai.app.AiAiSmartspaceService } U=0: not found
07-16 00:44:27.277  1279  1978 W RemoteSmartspaceService: could not bind to Intent { act=android.service.smartspace.SmartspaceService cmp=com.google.android.as/com.google.android.apps.miphone.aiai.app.AiAiSmartspaceService } using flags 67112961
07-16 00:44:27.286  1279  1620 W ActivityManager: Slow operation: 278ms so far, now at startProcess: returned from zygote!
07-16 00:44:27.286  1279  1620 W ActivityManager: Slow operation: 279ms so far, now at startProcess: done updating battery stats
07-16 00:44:27.286  1279  1620 W ActivityManager: Slow operation: 279ms so far, now at startProcess: building log message
07-16 00:44:27.286  1279  1620 I ActivityManager: Start proc 2566:com.android.settings/1000 for top-activity {com.android.settings/com.android.settings.FallbackHome}
07-16 00:44:27.286  1279  1620 W ActivityManager: Slow operation: 279ms so far, now at startProcess: starting to update pids map
07-16 00:44:27.287  1279  1620 W ActivityManager: Slow operation: 279ms so far, now at startProcess: done updating pids map
07-16 00:44:27.287  1279  1620 W ActivityManager: Slow operation: 244ms so far, now at startProcess: asking zygote to start proc
07-16 00:44:27.307  1279  1620 W ActivityManager: Slow operation: 264ms so far, now at startProcess: returned from zygote!
07-16 00:44:27.308  1279  1620 W ActivityManager: Slow operation: 264ms so far, now at startProcess: done updating battery stats
07-16 00:44:27.308  1279  1620 W ActivityManager: Slow operation: 264ms so far, now at startProcess: building log message
07-16 00:44:27.308  1279  1620 I ActivityManager: Start proc 2579:android.ext.services/u0a156 for service {android.ext.services/android.ext.services.autofill.InlineSuggestionRenderServiceImpl}
07-16 00:44:27.308  1279  1620 W ActivityManager: Slow operation: 264ms so far, now at startProcess: starting to update pids map
07-16 00:44:27.308  1279  1620 W ActivityManager: Slow operation: 264ms so far, now at startProcess: done updating pids map
07-16 00:44:27.315  1279  1279 D AccessibilityManagerService: Ignoring non-encryption-aware service ComponentInfo{com.google.android.marvin.talkback/com.google.android.accessibility.accessibilitymenu.AccessibilityMenuService}
07-16 00:44:27.315  1279  1279 D AccessibilityManagerService: Ignoring non-encryption-aware service ComponentInfo{com.azure.authenticator/com.microsoft.brooklyn.module.accessibility.BrooklynAccessibilityService}
07-16 00:44:27.316  1279  1279 W WindowMagnificationMgr: requestConnection duplicated request: connect=false, mConnectionState=DISCONNECTED
07-16 00:44:27.317  1279  1279 W Looper  : Slow dispatch took 169ms main h=android.app.ActivityThread$H c=android.app.LoadedApk$ReceiverDispatcher$Args$$ExternalSyntheticLambda0@fb3ff95 m=0
07-16 00:44:27.317  1279  1279 D SystemServerTiming: ManagedServices.unbindOtherUserServices_current0
07-16 00:44:27.318  1279  1279 V ConditionProviders: enabling condition provider for 0: ComponentInfo{com.google.android.apps.wellbeing/com.google.android.apps.wellbeing.dnd.impl.DndConditionProviderService}
07-16 00:44:27.318  1279  1279 V ConditionProviders: Not registering ComponentInfo{com.google.android.apps.wellbeing/com.google.android.apps.wellbeing.dnd.impl.DndConditionProviderService} is already bound
07-16 00:44:27.318  1279  1279 D SystemServerTiming: ManagedServices.unbindOtherUserServices_current0
07-16 00:44:27.318  1279  1279 V NotificationListeners: enabling notification listener for 0: ComponentInfo{com.google.android.projection.gearhead/com.google.android.gearhead.notifications.SharedNotificationListenerManager$ListenerService}
07-16 00:44:27.318  1279  1279 V NotificationListeners: binding: Intent { act=android.service.notification.NotificationListenerService cmp=com.google.android.projection.gearhead/com.google.android.gearhead.notifications.SharedNotificationListenerManager$ListenerService (has extras) }
07-16 00:44:27.321  1279  1279 W ActivityManager: Unable to start service Intent { act=android.service.notification.NotificationListenerService cmp=com.google.android.projection.gearhead/com.google.android.gearhead.notifications.SharedNotificationListenerManager$ListenerService } U=0: not found
07-16 00:44:27.321  1279  1279 W NotificationListeners: Unable to bind notification listener service: Intent { act=android.service.notification.NotificationListenerService cmp=com.google.android.projection.gearhead/com.google.android.gearhead.notifications.SharedNotificationListenerManager$ListenerService (has extras) } in user 0
07-16 00:44:27.321  1279  1279 V NotificationListeners: enabling notification listener for 0: ComponentInfo{com.google.android.apps.nexuslauncher/com.android.launcher3.notification.NotificationListener}
07-16 00:44:27.321  1279  1279 V NotificationListeners: binding: Intent { act=android.service.notification.NotificationListenerService cmp=com.google.android.apps.nexuslauncher/com.android.launcher3.notification.NotificationListener (has extras) }
07-16 00:44:27.321  1279  1279 W ActivityManager: Unable to start service Intent { act=android.service.notification.NotificationListenerService cmp=com.google.android.apps.nexuslauncher/com.android.launcher3.notification.NotificationListener } U=0: not found
07-16 00:44:27.321  1279  1279 W NotificationListeners: Unable to bind notification listener service: Intent { act=android.service.notification.NotificationListenerService cmp=com.google.android.apps.nexuslauncher/com.android.launcher3.notification.NotificationListener (has extras) } in user 0
07-16 00:44:27.321  1279  1279 V NotificationListeners: enabling notification listener for 0: ComponentInfo{com.google.android.as/com.google.android.apps.miphone.aiai.common.notification.service.AiAiNotificationListenerService}
07-16 00:44:27.321  1279  1279 V NotificationListeners: binding: Intent { act=android.service.notification.NotificationListenerService cmp=com.google.android.as/com.google.android.apps.miphone.aiai.common.notification.service.AiAiNotificationListenerService (has extras) }
07-16 00:44:27.321  1279  1279 W ActivityManager: Unable to start service Intent { act=android.service.notification.NotificationListenerService cmp=com.google.android.as/com.google.android.apps.miphone.aiai.common.notification.service.AiAiNotificationListenerService } U=0: not found
07-16 00:44:27.321  1279  1279 W NotificationListeners: Unable to bind notification listener service: Intent { act=android.service.notification.NotificationListenerService cmp=com.google.android.as/com.google.android.apps.miphone.aiai.common.notification.service.AiAiNotificationListenerService (has extras) } in user 0
07-16 00:44:27.321  1279  1279 D SystemServerTiming: ManagedServices.unbindOtherUserServices_current0
07-16 00:44:27.322  1279  1279 V NotificationAssistants: enabling notification assistant for 0: ComponentInfo{android.ext.services/android.ext.services.notification.Assistant}
07-16 00:44:27.322  1279  1279 V NotificationAssistants: binding: Intent { act=android.service.notification.NotificationAssistantService cmp=android.ext.services/.notification.Assistant (has extras) }
07-16 00:44:27.409  1279  1279 W BroadcastQueue: Background execution not allowed: receiving Intent { act=android.intent.action.ACTION_POWER_DISCONNECTED flg=0x4000010 (has extras) } to com.google.android.gms/.chimera.GmsIntentOperationService$PersistentTrustedReceiver
07-16 00:44:27.410  1279  1279 D ConditionProviders.SCP: onSubscribe condition://android/schedule?days=1.2.3.4.5.6.7&start=22.0&end=7.0&exitAtAlarm=true
07-16 00:44:27.410  1279  1279 D ConditionProviders.SCP: setRegistered true
07-16 00:44:27.430  1279  1279 D ConditionProviders.SCP: evaluateSubscriptionLocked cal=ScheduleCalendar[mDays={1, 2, 3, 4, 5, 6, 7}, mSchedule=ScheduleInfo{days=[1, 2, 3, 4, 5, 6, 7], startHour=22, startMinute=0, endHour=7, endMinute=0, exitAtAlarm=true, nextAlarm=Wed Dec 31 18:00:00 CST 1969 (0)}], now=Sun Jul 16 00:44:27 CDT 2023 (1689486267410), nextUserAlarmTime=Wed Dec 31 18:00:00 CST 1969 (0)
07-16 00:44:27.430  1279  1279 D ConditionProviders.SCP: notifyCondition condition://android/schedule?days=1.2.3.4.5.6.7&start=22.0&end=7.0&exitAtAlarm=true STATE_TRUE reason=meetsSchedule
07-16 00:44:27.431  1279  1279 D ConditionProviders.SCP: Scheduling evaluate for Sun Jul 16 07:00:00 CDT 2023 (1689508800000), in +6h15m32s590ms, now=Sun Jul 16 00:44:27 CDT 2023 (1689486267410)
07-16 00:44:27.461  1279  2631 I Telecom : BluetoothRouteManager: getBluetoothAudioConnectedDevice: no service available.
07-16 00:44:27.466  1279  1279 I Telecom : SystemStateHelper: Registering broadcast receiver: android.content.IntentFilter@5410939: TS.init@AAA
07-16 00:44:27.466  1279  1279 I Telecom : SystemStateHelper: Registering broadcast receiver: android.content.IntentFilter@8967b7e: TS.init@AAA
07-16 00:44:27.473  1279  2632 I Telecom : Logging.Events: Non-call EVENT: AUDIO_ROUTE, Entering state QuiescentEarpieceRoute
07-16 00:44:27.473  1279  2632 I Telecom : BluetoothRouteManager: getBluetoothAudioConnectedDevice: no service available.
07-16 00:44:27.477  1279  2633 I Telecom : CallAudioModeStateMachine: Audio focus entering UNFOCUSED state
07-16 00:44:27.479  1279  2633 I Telecom : CallAudioModeStateMachine: Message received: null.: TS.init->CAMSM.pM_1@AAA
07-16 00:44:27.482  1279  1279 I Telecom : MissedCallNotifierImpl: reloadFromDatabase: Boot not yet complete -- call log db may not be available. Deferring loading until boot complete for user 0: TS.init@AAA
07-16 00:44:27.487  1279  1279 I Telecom : Class: TelecomSystem.INSTANCE being set
07-16 00:44:27.492  1279  1279 I ContentCaptureManagerService: Updating for user 0: disabled=false
07-16 00:44:27.494  1279  1279 E ContentCapturePerUserService: Bad service name: com.google.android.as/com.google.android.apps.miphone.aiai.app.AiAiContentCaptureService
07-16 00:44:27.494  1279  1279 E ContentCapturePerUserService: Bad service name: com.google.android.as/com.google.android.apps.miphone.aiai.app.AiAiContentCaptureService
07-16 00:44:27.494  1279  1279 E ContentCapturePerUserService: Bad service name: com.google.android.as/com.google.android.apps.miphone.aiai.app.AiAiContentCaptureService
07-16 00:44:27.494  1279  1279 I ContentSuggestionsManagerService: Updating for user 0: disabled=false
07-16 00:44:27.494  1279  1279 E ContentSuggestionsPerUserService: Bad service name: com.google.android.as/com.google.android.apps.miphone.aiai.app.AiAiContentSuggestionsService
07-16 00:44:27.494  1279  1279 I AutofillManagerService: Updating for user 0: disabled=false
07-16 00:44:27.494  1279  1279 E AutofillManagerServiceImpl: Bad service name: com.google.android.gms/.autofill.service.AutofillService
07-16 00:44:27.494  1279  1279 E RemoteAugmentedAutofillService: Bad service name for flags 1048704: com.google.android.as/com.google.android.apps.miphone.aiai.app.AiAiAugmentedAutofillService
07-16 00:44:27.495  1279  1279 I ConnectivityModuleConnector: Networking module service connected
07-16 00:44:27.497  1279  1279 I BrightnessSynchronizer: Completed Update: {[1] 0.0013828652(f), mUpdatedTypes=1, mConfirmedTypes=0, mTimeUpdated=13641}
07-16 00:44:27.497  1279  1279 I MR2ServiceImpl: addProviderRoutes | provider: com.android.server.media/.SystemMediaRoute2Provider, routes: [DEVICE_ROUTE | Phone]
07-16 00:44:27.499  1279  1279 W ActivityManager: Unbind failed: could not find connection for android.app.LoadedApk$ServiceDispatcher$InnerConnection@d8ed84e
07-16 00:44:27.499  1279  1279 W ActivityManager: Unbind failed: could not find connection for android.app.LoadedApk$ServiceDispatcher$InnerConnection@60e0d6f
07-16 00:44:27.500  1279  1279 W ActivityManager: Unbind failed: could not find connection for android.app.LoadedApk$ServiceDispatcher$InnerConnection@eedba7c
07-16 00:44:27.500  1279  1279 W ActivityManager: Unbind failed: could not find connection for android.app.LoadedApk$ServiceDispatcher$InnerConnection@1f25f05
07-16 00:44:27.501  1279  1279 I ConnectivityModuleConnector: Networking module service connected
07-16 00:44:27.506  1279  1279 I BrightnessSynchronizer: [2] New Update 1(i) set brightness values: 0.0(f) 
07-16 00:44:27.507  1279  1279 I ExplicitHealthCheckController: Explicit health check service is connected ComponentInfo{android.ext.services/android.ext.services.watchdog.ExplicitHealthCheckServiceImpl}
07-16 00:44:27.507  1279  1279 I ExplicitHealthCheckController: Service initialized, syncing requests
07-16 00:44:27.508  1279  1279 I Telecom : WiredHeadsetManager: ACTION_HEADSET_PLUG event, plugged in: false, : WHC.oADA@AAE
07-16 00:44:27.512  1279  1279 I MediaSessionStack: addSession to bottom of stack | record: com.android.server.telecom/HeadsetMediaButton (userId=0)
07-16 00:44:27.513  1279  1279 I MediaSessionStack: removeSession | record: com.android.server.telecom/HeadsetMediaButton (userId=0)
07-16 00:44:27.513  1279  1279 D WallpaperManagerService: WPMS.onServiceConnected-ComponentInfo{com.android.systemui/com.android.systemui.wallpapers.ImageWallpaper}
07-16 00:44:27.513  1279  1279 D WallpaperManagerService: WPMS.attachServiceLocked
07-16 00:44:27.513  1279  1279 D WallpaperManagerService: WPMS.onServiceConnected-ComponentInfo{com.android.systemui/com.android.systemui.wallpapers.ImageWallpaper}
07-16 00:44:27.513  1279  1279 D WallpaperManagerService: WPMS.attachServiceLocked
07-16 00:44:27.513  1279  1279 D WallpaperManagerService: WPMS.connectLocked-ComponentInfo{com.android.systemui/com.android.systemui.wallpapers.ImageWallpaper}
07-16 00:44:27.515  1279  1279 D WallpaperManagerService: WPMS.saveSettingsLocked-0
07-16 00:44:27.525  1279  1279 V NotificationAssistants: 0 notification assistant service connected: ComponentInfo{android.ext.services/android.ext.services.notification.Assistant}
07-16 00:44:27.525  1279  1620 I ActivityManager: Start proc 2642:com.google.android.apps.nexuslauncher/u0a147 for service {com.google.android.apps.nexuslauncher/com.android.quickstep.TouchInteractionService}
07-16 00:44:27.527  1279  1279 W ActivityManager: Unable to start service Intent { act=android.service.contentcapture.ContentCaptureService cmp=com.google.android.as/com.google.android.apps.miphone.aiai.app.AiAiContentCaptureService } U=0: not found
07-16 00:44:27.527  1279  1279 W RemoteContentCaptureService: could not bind to Intent { act=android.service.contentcapture.ContentCaptureService cmp=com.google.android.as/com.google.android.apps.miphone.aiai.app.AiAiContentCaptureService } using flags 67112961
07-16 00:44:27.527  1279  1279 W ContentCapturePerUserService: remote service died: RemoteContentCaptureService[ComponentInfo{com.google.android.as/com.google.android.apps.miphone.aiai.app.AiAiContentCaptureService} 144798944 (unbound)]
07-16 00:44:27.528  1279  1279 W ActivityManager: Unbind failed: could not find connection for android.app.LoadedApk$ServiceDispatcher$InnerConnection@39b3399
07-16 00:44:27.528  1279  1279 W ActivityManager: Unable to start service Intent { act=android.service.contentcapture.ContentCaptureService cmp=com.google.android.as/com.google.android.apps.miphone.aiai.app.AiAiContentCaptureService } U=0: not found
07-16 00:44:27.528  1279  1279 W RemoteContentCaptureService: could not bind to Intent { act=android.service.contentcapture.ContentCaptureService cmp=com.google.android.as/com.google.android.apps.miphone.aiai.app.AiAiContentCaptureService } using flags 67112961
07-16 00:44:27.528  1279  1279 W ContentCapturePerUserService: remote service died: RemoteContentCaptureService[ComponentInfo{com.google.android.as/com.google.android.apps.miphone.aiai.app.AiAiContentCaptureService} 73419327 (unbound)]
07-16 00:44:27.529  1279  1279 W ActivityManager: Unbind failed: could not find connection for android.app.LoadedApk$ServiceDispatcher$InnerConnection@661ea6a
07-16 00:44:27.532  1279  1952 D CoreBackPreview: Window{41cfff8 u0 ScreenDecorOverlay}: Setting back callback OnBackInvokedCallbackInfo{mCallback=android.window.IOnBackInvokedCallback$Stub$Proxy@f1e23a4, mPriority=0}
07-16 00:44:27.537  1279  1279 I PackageWatchdog: Syncing health check requests for packages: {}
07-16 00:44:27.537  1279  1279 D ExplicitHealthCheckController: Getting health check supported packages
07-16 00:44:27.538  1279  1686 I DisplayPowerController[0]: BrightnessEvent: disp=0, physDisp=local:4630946253560767361, brt=0.72047246(user_set), initBrt=0.72047246, rcmdBrt=NaN, preBrt=NaN, lux=0.0, preLux=0.0, hbmMax=1.0, hbmMode=off, rbcStrength=0, powerFactor=1.0, thrmMax=1.0, wasShortTermModelActive=false, flags=user_set , reason=override, autoBrightness=true
07-16 00:44:27.539  1279  1279 W Looper  : Drained
07-16 00:44:27.540  1279  2134 I ExplicitHealthCheckController: Explicit health check supported packages [PackageConfig{com.android.networkstack, 86400000}]
07-16 00:44:27.540  1279  2134 D PackageWatchdog: Received supported packages [PackageConfig{com.android.networkstack, 86400000}]
07-16 00:44:27.540  1279  2134 D ExplicitHealthCheckController: Getting health check requested packages
07-16 00:44:27.540  1279  1279 I BrightnessSynchronizer: Swallowing update of 0.0(f) by update: {[2] 1(i), mUpdatedTypes=2, mConfirmedTypes=2, mTimeUpdated=14098}
07-16 00:44:27.541  1279  1279 I BrightnessSynchronizer: Completed Update: {[2] 1(i), mUpdatedTypes=2, mConfirmedTypes=2, mTimeUpdated=14098}
07-16 00:44:27.541  1279  2134 I ExplicitHealthCheckController: Explicit health check requested packages []
07-16 00:44:27.541  1279  2134 I ExplicitHealthCheckController: No more health check requests, unbinding...
07-16 00:44:27.544  1279  2134 I ExplicitHealthCheckController: Explicit health check service is unbound
07-16 00:44:27.544  1279  1952 D CoreBackPreview: Window{ae8e340 u0 ScreenDecorOverlayBottom}: Setting back callback OnBackInvokedCallbackInfo{mCallback=android.window.IOnBackInvokedCallback$Stub$Proxy@edee5ca, mPriority=0}
07-16 00:44:27.606  1279  1978 D WallpaperManagerService: WPMS.saveSettingsLocked-0
07-16 00:44:27.628  1279  1417 D CoreBackPreview: Window{47d310b u0 com.android.settings/com.android.settings.FallbackHome}: Setting back callback OnBackInvokedCallbackInfo{mCallback=android.window.IOnBackInvokedCallback$Stub$Proxy@25c667e, mPriority=-1}
07-16 00:44:27.661  1279  1608 D ActivityManagerTiming: FinishBooting
07-16 00:44:27.665  1279  1608 W KeyguardServiceDelegate: onScreenTurningOn(): no keyguard service!
07-16 00:44:27.842  1279  1998 D WallpaperManagerService: WPMS.saveSettingsLocked-0
07-16 00:44:27.885  1279  1620 I ActivityManager: Start proc 2770:com.android.smspush/u0a150 for service {com.android.smspush/com.android.smspush.WapPushManager}
07-16 00:44:27.905  1279  2045 D ActivityTaskManager: Top Process State changed to PROCESS_STATE_TOP_SLEEPING
07-16 00:44:27.912  2771  2771 I imsrcsd : Uce Service HAL  is starting up...
07-16 00:44:27.912  2771  2771 I imsrcsd : getAndroidPropValue : vendor.ims.DATA_DAEMON_STATUS[1]
07-16 00:44:28.046  1044  1044 I android.hardware.wifi@1.0-service: Wifi HAL started
07-16 00:44:28.053  1044  1044 W android.hardware.wifi@1.0-service: No active wlan interfaces in use! Using default
07-16 00:44:28.053  1044  1044 E android.hardware.wifi@1.0-service: Unknown iface name: wlan0
07-16 00:44:28.053  1044  1044 E android.hardware.wifi@1.0-service: Unknown iface name: wlan0
07-16 00:44:28.059  1044  1044 W android.hardware.wifi@1.0-service: No active wlan interfaces in use! Using default
07-16 00:44:28.059  1044  1044 E android.hardware.wifi@1.0-service: Unknown iface name: wlan0
07-16 00:44:28.059  1044  1044 E android.hardware.wifi@1.0-service: Unknown iface name: wlan0
07-16 00:44:28.061  1279  1998 I StatusBarManagerService: registerStatusBar bar=com.android.internal.statusbar.IStatusBar$Stub$Proxy@d0fa477
07-16 00:44:28.067  1044  1044 W android.hardware.wifi@1.0-service: No active wlan interfaces in use! Using default
07-16 00:44:28.067  1044  1044 E android.hardware.wifi@1.0-service: Unknown iface name: wlan0
07-16 00:44:28.067  1044  1044 E android.hardware.wifi@1.0-service: Unknown iface name: wlan0
07-16 00:44:28.077  1044  1044 I android.hardware.wifi@1.0-service: Adding interface handle for p2p0
07-16 00:44:28.077  1044  1044 I android.hardware.wifi@1.0-service: Adding interface handle for wlan0
07-16 00:44:28.077  1044  1044 W android.hardware.wifi@1.0-service: No active wlan interfaces in use! Using default
07-16 00:44:28.077  1044  1044 W android.hardware.wifi@1.0-service: No active wlan interfaces in use! Using default
07-16 00:44:28.079  1044  1044 I android.hardware.wifi@1.0-service: Configured chip in mode 3
07-16 00:44:28.079  1044  1044 W android.hardware.wifi@1.0-service: No active wlan interfaces in use! Using default
07-16 00:44:28.117  1279  1619 I DropBoxManagerService: add tag=system_server_wtf isTagEnabled=true flags=0x2
07-16 00:44:28.347  1279  2018 I VcnManagementService: new snapshot: TelephonySubscriptionSnapshot{ mActiveDataSubId=1, mSubIdToInfoMap={}, mSubIdToCarrierConfigMap={}, mPrivilegedPackages={} }
07-16 00:44:28.397  1279  2123 I ActivityTaskManager: Config changes=20004500 {1.0 ?mcc?mnc [en_US] ldltr sw428dp w428dp h871dp 404dpi nrml long hdr widecg port night finger -keyb/v/h -nav/h winConfig={ mBounds=Rect(0, 0 - 1080, 2340) mAppBounds=Rect(0, 79 - 1080, 2279) mMaxBounds=Rect(0, 0 - 1080, 2340) mDisplayRotation=ROTATION_0 mWindowingMode=fullscreen mDisplayWindowingMode=fullscreen mActivityType=undefined mAlwaysOnTop=undefined mRotation=ROTATION_0} s.12 fontWeightAdjustment=0}
07-16 00:44:28.404  1279  2123 I WindowManager: Override config changes=20004500 {1.0 ?mcc?mnc [en_US] ldltr sw428dp w428dp h871dp 404dpi nrml long hdr widecg port night finger -keyb/v/h -nav/h winConfig={ mBounds=Rect(0, 0 - 1080, 2340) mAppBounds=Rect(0, 79 - 1080, 2279) mMaxBounds=Rect(0, 0 - 1080, 2340) mDisplayRotation=ROTATION_0 mWindowingMode=fullscreen mDisplayWindowingMode=fullscreen mActivityType=undefined mAlwaysOnTop=undefined mRotation=ROTATION_0} s.12 fontWeightAdjustment=0} for displayId=0
07-16 00:44:28.411  2197  2260 V WindowManagerShell: Display changed: 0
07-16 00:44:28.411  1279  2045 D CoreBackPreview: Window{815707d u0 NavigationBar0}: Setting back callback OnBackInvokedCallbackInfo{mCallback=android.window.IOnBackInvokedCallback$Stub$Proxy@c1b0b42, mPriority=0}
07-16 00:44:28.429  1279  1952 D CoreBackPreview: Window{6f0181e u0 EdgeBackGestureHandler0}: Setting back callback OnBackInvokedCallbackInfo{mCallback=android.window.IOnBackInvokedCallback$Stub$Proxy@7ccbafc, mPriority=0}
07-16 00:44:28.454  1279  2123 D CoreBackPreview: Window{ed488b5 u0 NotificationShade}: Setting back callback OnBackInvokedCallbackInfo{mCallback=android.window.IOnBackInvokedCallback$Stub$Proxy@c91fb31, mPriority=0}
07-16 00:44:28.461  1279  2123 D CoreBackPreview: Window{9a9f84b u0 StatusBar}: Setting back callback OnBackInvokedCallbackInfo{mCallback=android.window.IOnBackInvokedCallback$Stub$Proxy@f660b41, mPriority=0}
07-16 00:44:28.528  1279  1998 D CoreBackPreview: Window{a6f7488 u0 com.android.systemui}: Setting back callback OnBackInvokedCallbackInfo{mCallback=android.window.IOnBackInvokedCallback$Stub$Proxy@5bcb246, mPriority=0}
07-16 00:44:28.599  1279  2123 D CustomFaceProvider: bindFaceAuthService 0
07-16 00:44:28.599  1279  2123 D CustomFaceProvider: FaceService disabled
07-16 00:44:28.600  1279  2123 D CustomFaceProvider: bindFaceAuthService 0
07-16 00:44:28.600  1279  2123 D CustomFaceProvider: FaceService disabled
07-16 00:44:28.634  1279  2133 D SystemServerTiming: getUserSwitchability-0
07-16 00:44:28.634  1279  2133 D SystemServerTiming: TM.isInCall
07-16 00:44:28.635  1279  2133 D SystemServerTiming: hasUserRestriction-DISALLOW_USER_SWITCH
07-16 00:44:28.635  1279  2133 D SystemServerTiming: getInt-ALLOW_USER_SWITCHING_WHEN_SYSTEM_USER_LOCKED
07-16 00:44:28.635  1279  2133 D SystemServerTiming: isUserUnlocked-USER_SYSTEM
07-16 00:44:28.718  1279  2123 D CoreBackPreview: Window{3790e75 u0 SecondaryHomeHandle0}: Setting back callback OnBackInvokedCallbackInfo{mCallback=android.window.IOnBackInvokedCallback$Stub$Proxy@33f667b, mPriority=0}
07-16 00:44:28.775  1279  2133 W ActivityManager: Unable to start service Intent { act=android.service.smartspace.SmartspaceService cmp=com.google.android.as/com.google.android.apps.miphone.aiai.app.AiAiSmartspaceService } U=0: not found
07-16 00:44:28.775  1279  2133 W RemoteSmartspaceService: could not bind to Intent { act=android.service.smartspace.SmartspaceService cmp=com.google.android.as/com.google.android.apps.miphone.aiai.app.AiAiSmartspaceService } using flags 67112961
07-16 00:44:28.775  1279  1279 W ActivityManager: Unbind failed: could not find connection for android.app.LoadedApk$ServiceDispatcher$InnerConnection@bd3b86
07-16 00:44:28.776  1279  2133 W ActivityManager: Unable to start service Intent { act=android.service.smartspace.SmartspaceService cmp=com.google.android.as/com.google.android.apps.miphone.aiai.app.AiAiSmartspaceService } U=0: not found
07-16 00:44:28.776  1279  2133 W RemoteSmartspaceService: could not bind to Intent { act=android.service.smartspace.SmartspaceService cmp=com.google.android.as/com.google.android.apps.miphone.aiai.app.AiAiSmartspaceService } using flags 67112961
07-16 00:44:28.776  1279  1279 W ActivityManager: Unbind failed: could not find connection for android.app.LoadedApk$ServiceDispatcher$InnerConnection@e141c74
07-16 00:44:28.776  1279  1998 W ActivityManager: Unable to start service Intent { act=android.service.smartspace.SmartspaceService cmp=com.google.android.as/com.google.android.apps.miphone.aiai.app.AiAiSmartspaceService } U=0: not found
07-16 00:44:28.776  1279  1998 W RemoteSmartspaceService: could not bind to Intent { act=android.service.smartspace.SmartspaceService cmp=com.google.android.as/com.google.android.apps.miphone.aiai.app.AiAiSmartspaceService } using flags 67112961
07-16 00:44:28.777  1279  1998 W ActivityManager: Unable to start service Intent { act=android.service.smartspace.SmartspaceService cmp=com.google.android.as/com.google.android.apps.miphone.aiai.app.AiAiSmartspaceService } U=0: not found
07-16 00:44:28.777  1279  1998 W RemoteSmartspaceService: could not bind to Intent { act=android.service.smartspace.SmartspaceService cmp=com.google.android.as/com.google.android.apps.miphone.aiai.app.AiAiSmartspaceService } using flags 67112961
07-16 00:44:28.778  1279  1279 W ActivityManager: Unbind failed: could not find connection for android.app.LoadedApk$ServiceDispatcher$InnerConnection@a4f8d3f
07-16 00:44:28.778  1279  1279 W ActivityManager: Unbind failed: could not find connection for android.app.LoadedApk$ServiceDispatcher$InnerConnection@ea2860c
07-16 00:44:28.877  1279  1998 I Telecom : PhoneAccountRegistrar: Modify account: [ComponentInfo{com.android.phone/com.android.services.telephony.TelephonyConnectionService}, E, UserHandle{0}]: TSI.rPA@AAo
07-16 00:44:28.878  1279  1998 I Telecom : CallsManager: handlePhoneAccountChanged: phoneAccount=[[X] PhoneAccount: ComponentInfo{com.android.phone/com.android.services.telephony.TelephonyConnectionService}, E, UserHandle{0} Capabilities: SuppVideo CallProvider MultiUser PlaceEmerg SimSub  Audio Routes: BESW Schemes: tel voicemail  Extras: Bundle[{android.telecom.extra.SUPPORTS_VIDEO_CALLING_FALLBACK=true}] GroupId: ***]: TSI.rPA@AAo
07-16 00:44:28.881  1279  1998 I Telecom : PhoneAccountRegistrar: getSimCallManager: SimCallManager for subId -1 queried, returning: null: TSI.rPA@AAo
07-16 00:44:28.881  1279  1998 I Telecom : PhoneAccountRegistrar: Notifying telephony of voice service override change for 1 SIMs, hasService = false: TSI.rPA@AAo
07-16 00:44:28.904  1279  2045 W ContextImpl: Calling a method in the system process without a qualified user: android.app.ContextImpl.sendBroadcastMultiplePermissions:1228 com.android.server.TelephonyRegistry.broadcastServiceStateChanged:3085 com.android.server.TelephonyRegistry.notifyServiceStateForPhoneId:1616 com.android.internal.telephony.ITelephonyRegistry$Stub.onTransact:492 android.os.Binder.execTransactInternal:1280 
07-16 00:44:28.905  1279  2045 W ContextImpl: Calling a method in the system process without a qualified user: android.app.ContextImpl.sendBroadcastMultiplePermissions:1278 android.content.Context.sendBroadcastMultiplePermissions:2272 com.android.server.TelephonyRegistry.broadcastServiceStateChanged:3089 com.android.server.TelephonyRegistry.notifyServiceStateForPhoneId:1616 com.android.internal.telephony.ITelephonyRegistry$Stub.onTransact:492 
07-16 00:44:28.905  1279  1619 W BroadcastQueue: Permission Denial: receiving Intent { act=android.intent.action.SERVICE_STATE flg=0x1000010 (has extras) } to ProcessRecord{89e55ea 2197:com.android.systemui/u0a149} (pid=2197, uid=10149) requires android.permission.ACCESS_FINE_LOCATION due to sender android (uid 1001)
07-16 00:44:28.905  1279  1619 W BroadcastQueue: Permission Denial: receiving Intent { act=android.intent.action.SERVICE_STATE flg=0x1000010 (has extras) } to com.android.cellbroadcastreceiver.module/com.android.cellbroadcastreceiver.CellBroadcastReceiver requires android.permission.READ_PHONE_STATE due to sender android (uid 1001)
07-16 00:44:28.906  1279  1619 W BroadcastQueue: Permission Denial: receiving Intent { act=android.intent.action.SERVICE_STATE flg=0x1000010 (has extras) } to ProcessRecord{89e55ea 2197:com.android.systemui/u0a149} (pid=2197, uid=10149) requires android.permission.ACCESS_FINE_LOCATION due to sender android (uid 1001)
07-16 00:44:28.906  1279  1619 W BroadcastQueue: Permission Denial: receiving Intent { act=android.intent.action.SERVICE_STATE flg=0x1000010 (has extras) } to com.android.cellbroadcastreceiver.module/com.android.cellbroadcastreceiver.CellBroadcastReceiver requires android.permission.ACCESS_FINE_LOCATION due to sender android (uid 1001)
07-16 00:44:28.907  1279  2045 W ContextImpl: Calling a method in the system process without a qualified user: android.app.ContextImpl.sendBroadcastMultiplePermissions:1278 android.content.Context.sendBroadcastMultiplePermissions:2272 com.android.server.TelephonyRegistry.broadcastServiceStateChanged:3096 com.android.server.TelephonyRegistry.notifyServiceStateForPhoneId:1616 com.android.internal.telephony.ITelephonyRegistry$Stub.onTransact:492 
07-16 00:44:28.907  1279  2045 W ContextImpl: Calling a method in the system process without a qualified user: android.app.ContextImpl.sendBroadcastMultiplePermissions:1278 android.content.Context.sendBroadcastMultiplePermissions:2272 com.android.server.TelephonyRegistry.broadcastServiceStateChanged:3100 com.android.server.TelephonyRegistry.notifyServiceStateForPhoneId:1616 com.android.internal.telephony.ITelephonyRegistry$Stub.onTransact:492 
07-16 00:44:28.907  1279  1619 W BroadcastQueue: Permission Denial: receiving Intent { act=android.intent.action.SERVICE_STATE flg=0x1000010 (has extras) } to com.android.cellbroadcastreceiver.module/com.android.cellbroadcastreceiver.CellBroadcastReceiver requires android.permission.READ_PHONE_STATE due to sender android (uid 1001)
07-16 00:44:28.908  1279  1619 W BroadcastQueue: Appop Denial: receiving Intent { act=android.intent.action.SERVICE_STATE flg=0x1000010 (has extras) } to ProcessRecord{89e55ea 2197:com.android.systemui/u0a149} (pid=2197, uid=10149) excludes appop android:read_phone_state due to sender android (uid 1001)
07-16 00:44:28.924  1279  1620 I ActivityManager: Start proc 2931:com.android.cellbroadcastreceiver.module/u0a155 for broadcast {com.android.cellbroadcastreceiver.module/com.android.cellbroadcastreceiver.CellBroadcastReceiver}
07-16 00:44:28.984  1279  1998 D CustomFaceProvider: bindFaceAuthService 0
07-16 00:44:28.984  1279  1998 D CustomFaceProvider: FaceService disabled
07-16 00:44:28.984  1279  1952 I Telecom : PhoneAccountRegistrar: Modify account: [ComponentInfo{com.android.phone/com.android.services.telephony.TelephonyConnectionService}, E, UserHandle{0}]: TSI.rPA@AA0
07-16 00:44:28.986  1279  1952 I Telecom : CallsManager: handlePhoneAccountChanged: phoneAccount=[[X] PhoneAccount: ComponentInfo{com.android.phone/com.android.services.telephony.TelephonyConnectionService}, E, UserHandle{0} Capabilities: SuppVideo CallProvider MultiUser PlaceEmerg SimSub  Audio Routes: BESW Schemes: tel voicemail  Extras: Bundle[{android.telecom.extra.SUPPORTS_VIDEO_CALLING_FALLBACK=true}] GroupId: ***]: TSI.rPA@AA0
07-16 00:44:28.987  1279  1998 W ActivityManager: Unable to start service Intent { act=android.service.smartspace.SmartspaceService cmp=com.google.android.as/com.google.android.apps.miphone.aiai.app.AiAiSmartspaceService } U=0: not found
07-16 00:44:28.987  1279  1998 W RemoteSmartspaceService: could not bind to Intent { act=android.service.smartspace.SmartspaceService cmp=com.google.android.as/com.google.android.apps.miphone.aiai.app.AiAiSmartspaceService } using flags 67112961
07-16 00:44:28.988  1279  1279 W ActivityManager: Unbind failed: could not find connection for android.app.LoadedApk$ServiceDispatcher$InnerConnection@7e30b39
07-16 00:44:28.990  1279  1952 I Telecom : PhoneAccountRegistrar: getSimCallManager: SimCallManager for subId -1 queried, returning: null: TSI.rPA@AA0
07-16 00:44:28.990  1279  1952 I Telecom : PhoneAccountRegistrar: Notifying telephony of voice service override change for 1 SIMs, hasService = false: TSI.rPA@AA0
07-16 00:44:29.000  1279  1417 W ActivityManager: Unable to start service Intent { act=android.service.smartspace.SmartspaceService cmp=com.google.android.as/com.google.android.apps.miphone.aiai.app.AiAiSmartspaceService } U=0: not found
07-16 00:44:29.000  1279  1417 W RemoteSmartspaceService: could not bind to Intent { act=android.service.smartspace.SmartspaceService cmp=com.google.android.as/com.google.android.apps.miphone.aiai.app.AiAiSmartspaceService } using flags 67112961
07-16 00:44:29.000  1279  1279 W ActivityManager: Unbind failed: could not find connection for android.app.LoadedApk$ServiceDispatcher$InnerConnection@19df32c
07-16 00:44:29.007  1279  2045 D CustomFaceProvider: bindFaceAuthService 0
07-16 00:44:29.007  1279  2045 D CustomFaceProvider: FaceService disabled
07-16 00:44:29.009  1279  2045 D CustomFaceProvider: bindFaceAuthService 0
07-16 00:44:29.009  1279  2045 D CustomFaceProvider: FaceService disabled
07-16 00:44:29.013  1279  1417 W ActivityManager: Unable to start service Intent { act=android.service.smartspace.SmartspaceService cmp=com.google.android.as/com.google.android.apps.miphone.aiai.app.AiAiSmartspaceService } U=0: not found
07-16 00:44:29.013  1279  1417 W RemoteSmartspaceService: could not bind to Intent { act=android.service.smartspace.SmartspaceService cmp=com.google.android.as/com.google.android.apps.miphone.aiai.app.AiAiSmartspaceService } using flags 67112961
07-16 00:44:29.014  1279  1279 W ActivityManager: Unbind failed: could not find connection for android.app.LoadedApk$ServiceDispatcher$InnerConnection@a497bc4
07-16 00:44:29.027  1279  1417 W ContextImpl: Calling a method in the system process without a qualified user: android.app.ContextImpl.sendBroadcastMultiplePermissions:1228 com.android.server.TelephonyRegistry.broadcastServiceStateChanged:3085 com.android.server.TelephonyRegistry.notifyServiceStateForPhoneId:1616 com.android.internal.telephony.ITelephonyRegistry$Stub.onTransact:492 android.os.Binder.execTransactInternal:1280 
07-16 00:44:29.027  1279  1417 W ContextImpl: Calling a method in the system process without a qualified user: android.app.ContextImpl.sendBroadcastMultiplePermissions:1278 android.content.Context.sendBroadcastMultiplePermissions:2272 com.android.server.TelephonyRegistry.broadcastServiceStateChanged:3089 com.android.server.TelephonyRegistry.notifyServiceStateForPhoneId:1616 com.android.internal.telephony.ITelephonyRegistry$Stub.onTransact:492 
07-16 00:44:29.028  1279  1619 W BroadcastQueue: Permission Denial: receiving Intent { act=android.intent.action.SERVICE_STATE flg=0x1000010 (has extras) } to ProcessRecord{89e55ea 2197:com.android.systemui/u0a149} (pid=2197, uid=10149) requires android.permission.ACCESS_FINE_LOCATION due to sender android (uid 1001)
07-16 00:44:29.028  1279  1619 W BroadcastQueue: Permission Denial: receiving Intent { act=android.intent.action.SERVICE_STATE flg=0x1000010 (has extras) } to ProcessRecord{89e55ea 2197:com.android.systemui/u0a149} (pid=2197, uid=10149) requires android.permission.ACCESS_FINE_LOCATION due to sender android (uid 1001)
07-16 00:44:29.028  1279  1417 W ContextImpl: Calling a method in the system process without a qualified user: android.app.ContextImpl.sendBroadcastMultiplePermissions:1278 android.content.Context.sendBroadcastMultiplePermissions:2272 com.android.server.TelephonyRegistry.broadcastServiceStateChanged:3096 com.android.server.TelephonyRegistry.notifyServiceStateForPhoneId:1616 com.android.internal.telephony.ITelephonyRegistry$Stub.onTransact:492 
07-16 00:44:29.029  1279  1417 W ContextImpl: Calling a method in the system process without a qualified user: android.app.ContextImpl.sendBroadcastMultiplePermissions:1278 android.content.Context.sendBroadcastMultiplePermissions:2272 com.android.server.TelephonyRegistry.broadcastServiceStateChanged:3100 com.android.server.TelephonyRegistry.notifyServiceStateForPhoneId:1616 com.android.internal.telephony.ITelephonyRegistry$Stub.onTransact:492 
07-16 00:44:29.029  1279  1998 D SystemServerTiming: getUserSwitchability-0
07-16 00:44:29.029  1279  1998 D SystemServerTiming: TM.isInCall
07-16 00:44:29.030  1279  1998 D SystemServerTiming: hasUserRestriction-DISALLOW_USER_SWITCH
07-16 00:44:29.030  1279  1998 D SystemServerTiming: getInt-ALLOW_USER_SWITCHING_WHEN_SYSTEM_USER_LOCKED
07-16 00:44:29.030  1279  1998 D SystemServerTiming: isUserUnlocked-USER_SYSTEM
07-16 00:44:29.030  1279  1619 W BroadcastQueue: Appop Denial: receiving Intent { act=android.intent.action.SERVICE_STATE flg=0x1000010 (has extras) } to ProcessRecord{89e55ea 2197:com.android.systemui/u0a149} (pid=2197, uid=10149) excludes appop android:read_phone_state due to sender android (uid 1001)
07-16 00:44:29.068  1279  2133 W BroadcastQueue: Permission Denial: receiving Intent { act=android.intent.action.SERVICE_STATE flg=0x1000010 (has extras) } to com.android.cellbroadcastreceiver.module/com.android.cellbroadcastreceiver.CellBroadcastReceiver requires android.permission.READ_PHONE_STATE due to sender android (uid 1001)
07-16 00:44:29.068  1279  2133 D OomAdjuster: Not killing cached processes
07-16 00:44:29.068  1279  1619 W BroadcastQueue: Permission Denial: receiving Intent { act=android.intent.action.SERVICE_STATE flg=0x1000010 (has extras) } to com.android.cellbroadcastreceiver.module/com.android.cellbroadcastreceiver.CellBroadcastReceiver requires android.permission.ACCESS_FINE_LOCATION due to sender android (uid 1001)
07-16 00:44:29.069  1279  1619 W BroadcastQueue: Permission Denial: receiving Intent { act=android.intent.action.SERVICE_STATE flg=0x1000010 (has extras) } to com.android.cellbroadcastreceiver.module/com.android.cellbroadcastreceiver.CellBroadcastReceiver requires android.permission.READ_PHONE_STATE due to sender android (uid 1001)
07-16 00:44:29.107  1279  1617 E StatsPullAtomService: subInfo of subId 1 is invalid, ignored.
07-16 00:44:29.107  1279  1985 E NetworkPolicy: Missing subscriberId for subId 1
07-16 00:44:29.109  1279  1619 I DropBoxManagerService: add tag=system_server_wtf isTagEnabled=true flags=0x2
07-16 00:44:29.163  1279  2133 D CoreBackPreview: Window{a6f7488 u0 com.android.systemui}: Setting back callback null
