07-16 00:44:26.832  1279  1279 D SystemServerTiming: ssm.onStartUser-0_com.android.server.StorageManagerService$Lifecycle
07-16 00:44:26.834  2197  2260 V WindowManagerShell: 	FullscreenTaskListener init took 3ms
07-16 00:44:26.834  2197  2260 V WindowManagerShell: Adding external interface from StartingWindowController with key extra_shell_starting_window
07-16 00:44:26.834  2197  2260 V WindowManagerShell: 	StartingWindowController init took 0ms
07-16 00:44:26.834  2197  2260 V WindowManagerShell: Adding command class protolog for ProtoLogController
07-16 00:44:26.834  1279  1279 V StorageManagerService: Package com.amazon.mShop.android.shopping does not have legacy storage
07-16 00:44:26.834  2197  2260 V WindowManagerShell: 	ProtoLogController init took 0ms
07-16 00:44:26.834  2197  2260 V WindowManagerShell: Adding dump callback for KidsModeTaskOrganizer
07-16 00:44:26.834  1279  1279 V StorageManagerService: Package com.android.cts.priv.ctsshim does not have legacy storage
07-16 00:44:26.834  1279  1279 V StorageManagerService: Package com.google.android.youtube does not have legacy storage
07-16 00:44:26.834  1279  1279 V StorageManagerService: Package com.android.uwb.resources does not have legacy storage
07-16 00:44:26.834  1279  1279 V StorageManagerService: Package com.android.internal.display.cutout.emulation.corner does not have legacy storage
07-16 00:44:26.834  1279  1279 V StorageManagerService: Package com.android.settings.overlay.pixel2021 does not have legacy storage
07-16 00:44:26.834  1279  1279 V StorageManagerService: Package com.android.adservices.api does not have legacy storage
07-16 00:44:26.834  1279  1279 V StorageManagerService: Package com.android.internal.display.cutout.emulation.double does not have legacy storage
07-16 00:44:26.834  1279  1279 V StorageManagerService: Package com.google.android.overlay.pixelconfig2018 does not have legacy storage
07-16 00:44:26.835  1279  1279 V StorageManagerService: Package com.google.android.overlay.pixelconfig2019 does not have legacy storage
07-16 00:44:26.835  1279  1279 V StorageManagerService: Package com.google.android.overlay.pixelconfig2021 does not have legacy storage
07-16 00:44:26.835  1279  1279 V StorageManagerService: Package com.android.providers.telephony does not have legacy storage
07-16 00:44:26.835  1279  1279 V StorageManagerService: Package com.mcdonalds.app does not have legacy storage
07-16 00:44:26.835  1279  1279 V StorageManagerService: Package com.android.dynsystem does not have legacy storage
07-16 00:44:26.835  1279  1279 V StorageManagerService: Package com.google.android.googlequicksearchbox does not have legacy storage
07-16 00:44:26.835  1279  1279 V StorageManagerService: Package com.android.providers.calendar does not have legacy storage
07-16 00:44:26.835  1279  1279 V StorageManagerService: Package com.android.providers.media does not have legacy storage
07-16 00:44:26.835  1279  1279 V StorageManagerService: Package com.google.pixel.livewallpaper does not have legacy storage
07-16 00:44:26.835  1279  1279 V StorageManagerService: Package com.google.android.onetimeinitializer does not have legacy storage
07-16 00:44:26.835  1279  1279 V StorageManagerService: Package com.google.android.ext.shared does not have legacy storage
07-16 00:44:26.835  1279  1279 V StorageManagerService: Package com.android.internal.systemui.navbar.gestural_wide_back does not have legacy storage
07-16 00:44:26.835  1279  1279 V StorageManagerService: Package com.klovercredit.android_app does not have legacy storage
07-16 00:44:26.835  1279  1279 V StorageManagerService: Package com.google.android.flipendo does not have legacy storage
07-16 00:44:26.835  1279  1279 V StorageManagerService: Package com.android.settings.overlay.pixel does not have legacy storage
07-16 00:44:26.835  1279  1279 V StorageManagerService: Package com.android.bips.overlay.pixel does not have legacy storage
07-16 00:44:26.835  1279  1279 V StorageManagerService: Package com.android.externalstorage does not have legacy storage
07-16 00:44:26.835  1279  1279 V StorageManagerService: Package com.android.htmlviewer does not have legacy storage
07-16 00:44:26.835  1279  1279 V StorageManagerService: Package com.qualcomm.qti.uceShimService does not have legacy storage
07-16 00:44:26.835  1279  1279 V StorageManagerService: Package com.android.bluetooth.bthelper does not have legacy storage
07-16 00:44:26.835  1279  1279 V StorageManagerService: Package com.android.companiondevicemanager does not have legacy storage
07-16 00:44:26.835  1279  1279 V StorageManagerService: Package com.android.mms.service does not have legacy storage
07-16 00:44:26.835  1279  1279 V StorageManagerService: Package com.meetcleo.cleo does not have legacy storage
07-16 00:44:26.835  1279  1279 V StorageManagerService: Package com.android.providers.downloads does not have legacy storage
07-16 00:44:26.835  1279  1279 V StorageManagerService: Package com.google.android.apps.messaging does not have legacy storage
07-16 00:44:26.835  1279  1279 V StorageManagerService: Package com.google.android.soundpicker does not have legacy storage
07-16 00:44:26.835  1279  1279 V StorageManagerService: Package com.google.android.apps.nexuslauncher.overlay does not have legacy storage
07-16 00:44:26.835  1279  1279 V StorageManagerService: Package com.discord does not have legacy storage
07-16 00:44:26.835  1279  1279 V StorageManagerService: Package org.lineageos.dirac.gef does not have legacy storage
07-16 00:44:26.835  1279  1279 V StorageManagerService: Package com.qualcomm.qti.telephonyservice does not have legacy storage
07-16 00:44:26.835  1279  1279 V StorageManagerService: Package com.android.wifi.resources.oneplus_sdm845 does not have legacy storage
07-16 00:44:26.835  1279  1279 V StorageManagerService: Package vendor.qti.iwlan does not have legacy storage
07-16 00:44:26.835  1279  1279 V StorageManagerService: Package com.google.android.configupdater does not have legacy storage
07-16 00:44:26.835  1279  1279 V StorageManagerService: Package com.android.providers.contacts.overlay.pixel does not have legacy storage
07-16 00:44:26.835  1279  1279 V StorageManagerService: Package com.google.android.overlay.googlewebview does not have legacy storage
07-16 00:44:26.835  1279  1279 V StorageManagerService: Package com.sonic.sonicdrivein does not have legacy storage
07-16 00:44:26.835  1279  1279 V StorageManagerService: Package com.walmart.android does not have legacy storage
07-16 00:44:26.835  1279  1279 V StorageManagerService: Package com.google.android.apps.safetyhub does not have legacy storage
07-16 00:44:26.835  1279  1279 V StorageManagerService: Package com.android.systemui.plugin.globalactions.wallet does not have legacy storage
07-16 00:44:26.835  1279  1279 V StorageManagerService: Package com.google.ar.core does not have legacy storage
07-16 00:44:26.836  1279  1279 V StorageManagerService: Package com.google.android.apps.emojiwallpaper does not have legacy storage
07-16 00:44:26.836  1279  1279 V StorageManagerService: Package com.android.safetycenter.resources does not have legacy storage
07-16 00:44:26.836  1279  1279 V StorageManagerService: Package com.android.providers.downloads.ui does not have legacy storage
07-16 00:44:26.836  1279  1279 V StorageManagerService: Package com.android.vending does not have legacy storage
07-16 00:44:26.836  1279  1279 V StorageManagerService: Package com.android.pacprocessor does not have legacy storage
07-16 00:44:26.836  1279  1279 V StorageManagerService: Package com.android.simappdialog does not have legacy storage
07-16 00:44:26.836  1279  1279 V StorageManagerService: Package com.android.networkstack does not have legacy storage
07-16 00:44:26.836  1279  1279 V StorageManagerService: Package com.google.android.overlay.pixelconfig2019midyear does not have legacy storage
07-16 00:44:26.836  1279  1279 V StorageManagerService: Package com.android.connectivity.resources does not have legacy storage
07-16 00:44:26.836  1279  1279 V StorageManagerService: Package com.android.internal.display.cutout.emulation.hole does not have legacy storage
07-16 00:44:26.836  1279  1279 V StorageManagerService: Package com.android.internal.display.cutout.emulation.tall does not have legacy storage
07-16 00:44:26.836  1279  1279 V StorageManagerService: Package com.android.networkstack.overlay does not have legacy storage
07-16 00:44:26.836  1279  1279 V StorageManagerService: Package com.android.modulemetadata does not have legacy storage
07-16 00:44:26.836  1279  1279 V StorageManagerService: Package com.android.certinstaller does not have legacy storage
07-16 00:44:26.836  1279  1279 V StorageManagerService: Package com.android.carrierconfig does not have legacy storage
07-16 00:44:26.836  1279  1279 V StorageManagerService: Package com.google.android.marvin.talkback does not have legacy storage
07-16 00:44:26.836  1279  1279 V StorageManagerService: Package com.reddit.frontpage does not have legacy storage
07-16 00:44:26.836  1279  1279 V StorageManagerService: Package com.android.internal.systemui.navbar.threebutton does not have legacy storage
07-16 00:44:26.836  1279  1279 V StorageManagerService: Package com.android.wifi.dialog does not have legacy storage
07-16 00:44:26.836  1279  1279 V StorageManagerService: Package android does not have legacy storage
07-16 00:44:26.836  1279  1279 V StorageManagerService: Package com.android.hotwordenrollment.xgoogle does not have legacy storage
07-16 00:44:26.836  1279  1279 V StorageManagerService: Package com.qualcomm.wfd.service does not have legacy storage
07-16 00:44:26.836  1279  1279 V StorageManagerService: Package com.google.android.pixel.setupwizard does not have legacy storage
07-16 00:44:26.836  1279  1279 V StorageManagerService: Package com.qti.qualcomm.deviceinfo does not have legacy storage
07-16 00:44:26.836  1279  1279 V StorageManagerService: Package org.pixelexperience.overlay.navbar.nohint does not have legacy storage
07-16 00:44:26.836  1279  1279 V StorageManagerService: Package com.android.egg does not have legacy storage
07-16 00:44:26.836  1279  1279 V StorageManagerService: Package com.android.mtp does not have legacy storage
07-16 00:44:26.836  1279  1279 V StorageManagerService: Package com.android.nfc does not have legacy storage
07-16 00:44:26.836  1279  1279 V StorageManagerService: Package com.android.ons does not have legacy storage
07-16 00:44:26.836  1279  1279 V StorageManagerService: Package com.android.stk does not have legacy storage
07-16 00:44:26.836  1279  1279 V StorageManagerService: Package com.aspiration.app does not have legacy storage
07-16 00:44:26.836  1279  1279 V StorageManagerService: Package com.google.android.overlay.flipendo does not have legacy storage
07-16 00:44:26.836  1279  1279 V StorageManagerService: Package com.android.carrierconfig.oneplus_sdm845 does not have legacy storage
07-16 00:44:26.836  1279  1279 V StorageManagerService: Package com.android.backupconfirm does not have legacy storage
07-16 00:44:26.836  1279  1279 V StorageManagerService: Package org.lineageos.settings.doze.auto_generated_rro_vendor__ does not have legacy storage
07-16 00:44:26.836  1279  1279 V StorageManagerService: Package com.dave does not have legacy storage
07-16 00:44:26.836  1279  1279 V StorageManagerService: Package com.android.settings.auto_generated_rro_vendor__ does not have legacy storage
07-16 00:44:26.836  1279  1279 V StorageManagerService: Package com.pandaexpress.app does not have legacy storage
07-16 00:44:26.836  1279  1279 V StorageManagerService: Package com.android.systemui.auto_generated_rro_vendor__ does not have legacy storage
07-16 00:44:26.836  1279  1279 V StorageManagerService: Package com.google.android.deskclock does not have legacy storage
07-16 00:44:26.836  1279  1279 V StorageManagerService: Package org.lineageos.settings.doze does not have legacy storage
07-16 00:44:26.837  1279  1279 V StorageManagerService: Package org.protonaosp.deviceconfig does not have legacy storage
07-16 00:44:26.837  1279  1279 V StorageManagerService: Package org.codeaurora.ims does not have legacy storage
07-16 00:44:26.837  1279  1279 V StorageManagerService: Package com.android.statementservice does not have legacy storage
07-16 00:44:26.837  1279  1279 V StorageManagerService: Package com.google.android.as does not have legacy storage
07-16 00:44:26.837  1279  1279 V StorageManagerService: Package com.google.android.gm does not have legacy storage
07-16 00:44:26.837  1279  1279 V StorageManagerService: Package com.google.android.launcher.resources.overlay does not have legacy storage
07-16 00:44:26.837  1279  1279 V StorageManagerService: Package com.nianticlabs.pokemongo does not have legacy storage
07-16 00:44:26.837  1279  1279 V StorageManagerService: Package com.google.android.apps.security.securityhub does not have legacy storage
07-16 00:44:26.837  1279  1279 V StorageManagerService: Package com.android.touch.gestures does not have legacy storage
07-16 00:44:26.837  1279  1279 V StorageManagerService: Package com.google.android.turboadapter does not have legacy storage
07-16 00:44:26.837  1279  1279 V StorageManagerService: Package com.android.internal.systemui.navbar.gestural_extra_wide_back does not have legacy storage
07-16 00:44:26.837  1279  1279 V StorageManagerService: Package com.google.android.setupwizard does not have legacy storage
07-16 00:44:26.837  1279  1279 V StorageManagerService: Package com.qualcomm.qcrilmsgtunnel does not have legacy storage
07-16 00:44:26.837  1279  1279 V StorageManagerService: Package com.android.providers.settings does not have legacy storage
07-16 00:44:26.837  1279  1279 V StorageManagerService: Package com.android.sharedstoragebackup does not have legacy storage
07-16 00:44:26.837  1279  1279 V StorageManagerService: Package com.android.printspooler does not have legacy storage
07-16 00:44:26.837  1279  1279 V StorageManagerService: Package com.squareup.cash does not have legacy storage
07-16 00:44:26.837  1279  1279 V StorageManagerService: Package com.android.hotwordenrollment.okgoogle does not have legacy storage
07-16 00:44:26.837  1279  1279 V StorageManagerService: Package org.ifaa.aidl.manager does not have legacy storage
07-16 00:44:26.837  1279  1279 V StorageManagerService: Package dev.kdrag0n.dyntheme.privileged.sys does not have legacy storage
07-16 00:44:26.837  1279  1279 V StorageManagerService: Package com.google.android.as.oss does not have legacy storage
07-16 00:44:26.837  1279  1279 V StorageManagerService: Package com.android.se does not have legacy storage
07-16 00:44:26.837  1279  1279 V StorageManagerService: Package com.android.inputdevices does not have legacy storage
07-16 00:44:26.837  1279  1279 V StorageManagerService: Package com.google.android.apps.wellbeing does not have legacy storage
07-16 00:44:26.837  1279  1279 V StorageManagerService: Package com.android.traceur.overlay.pixel does not have legacy storage
07-16 00:44:26.837  1279  1279 V StorageManagerService: Package com.google.android.dialer does not have legacy storage
07-16 00:44:26.837  1279  1279 V StorageManagerService: Package org.pixelexperience.overlay.dummycutout does not have legacy storage
07-16 00:44:26.837  1279  1279 V StorageManagerService: Package com.android.bips does not have legacy storage
07-16 00:44:26.837  1279  1279 V StorageManagerService: Package com.google.audio.hearing.visualization.accessibility.scribe does not have legacy storage
07-16 00:44:26.837  1279  1279 V StorageManagerService: Package com.qti.dpmserviceapp does not have legacy storage
07-16 00:44:26.837  1279  1279 V StorageManagerService: Package com.google.android.apps.nbu.files does not have legacy storage
07-16 00:44:26.837  1279  1279 V StorageManagerService: Package com.google.android.accessibility.soundamplifier does not have legacy storage
07-16 00:44:26.837  1279  1279 V StorageManagerService: Package com.android.musicfx does not have legacy storage
07-16 00:44:26.837  1279  1279 V StorageManagerService: Package com.android.phone.overlay.pixel does not have legacy storage
07-16 00:44:26.837  1279  1279 V StorageManagerService: Package org.lineageos.aperture.auto_generated_rro_vendor__ does not have legacy storage
07-16 00:44:26.837  1279  1279 V StorageManagerService: Package com.google.android.documentsui.theme.pixel does not have legacy storage
07-16 00:44:26.837  1279  1279 V StorageManagerService: Package com.google.android.markup does not have legacy storage
07-16 00:44:26.837  1279  1279 V StorageManagerService: Package com.android.providers.settings.auto_generated_rro_vendor__ does not have legacy storage
07-16 00:44:26.837  1279  1279 V StorageManagerService: Package com.android.cellbroadcastreceiver does not have legacy storage
07-16 00:44:26.837  1279  1279 V StorageManagerService: Package com.google.android.webview does not have legacy storage
07-16 00:44:26.837  1279  1279 V StorageManagerService: Package com.google.android.contacts does not have legacy storage
07-16 00:44:26.838  1279  1279 V StorageManagerService: Package com.android.server.telecom does not have legacy storage
07-16 00:44:26.838  1279  1279 V StorageManagerService: Package com.android.cellbroadcastservice does not have legacy storage
07-16 00:44:26.838  1279  1279 V StorageManagerService: Package com.android.keychain does not have legacy storage
07-16 00:44:26.838  1279  1279 V StorageManagerService: Package com.google.android.overlay.googleconfig does not have legacy storage
07-16 00:44:26.838  1279  1279 V StorageManagerService: Package com.google.android.calculator does not have legacy storage
07-16 00:44:26.838  1279  1279 V StorageManagerService: Package com.android.chrome does not have legacy storage
07-16 00:44:26.838  1279  1279 V StorageManagerService: Package com.emn8.mobilem8.nativeapp.bk does not have legacy storage
07-16 00:44:26.838  1279  1279 V StorageManagerService: Package com.stash.stashinvest does not have legacy storage
07-16 00:44:26.838  1279  1279 V StorageManagerService: Package com.google.android.packageinstaller does not have legacy storage
07-16 00:44:26.838  1279  1279 V StorageManagerService: Package com.google.android.apps.customization.pixel does not have legacy storage
07-16 00:44:26.838  1279  1279 V StorageManagerService: Package finance.empower does not have legacy storage
07-16 00:44:26.838  1279  1279 V StorageManagerService: Package com.google.android.gms does not have legacy storage
07-16 00:44:26.838  1279  1279 V StorageManagerService: Package com.google.android.gsf does not have legacy storage
07-16 00:44:26.838  1279  1279 V StorageManagerService: Package com.google.android.tag does not have legacy storage
07-16 00:44:26.838  1279  1279 V StorageManagerService: Package com.google.android.tts does not have legacy storage
07-16 00:44:26.838  1279  1279 V StorageManagerService: Package android.ext.services does not have legacy storage
07-16 00:44:26.838  1279  1279 V StorageManagerService: Package com.android.wifi.resources does not have legacy storage
07-16 00:44:26.838  1279  1279 V StorageManagerService: Package com.google.android.overlay.permissioncontroller does not have legacy storage
07-16 00:44:26.838  1279  1279 V StorageManagerService: Package com.android.calllogbackup does not have legacy storage
07-16 00:44:26.838  1279  1279 V StorageManagerService: Package com.google.android.partnersetup does not have legacy storage
07-16 00:44:26.838  1279  1279 V StorageManagerService: Package com.android.cameraextensions does not have legacy storage
07-16 00:44:26.838  1279  1279 V StorageManagerService: Package com.google.android.pixel.setupwizard.overlay does not have legacy storage
07-16 00:44:26.838  1279  1279 V StorageManagerService: Package com.android.localtransport does not have legacy storage
07-16 00:44:26.838  1279  1279 V StorageManagerService: Package android.overlay.pixel does not have legacy storage
07-16 00:44:26.838  1279  1279 V StorageManagerService: Package com.google.android.wallpaper.effects does not have legacy storage
07-16 00:44:26.838  1279  1279 V StorageManagerService: Package com.google.android.apps.nexuslauncher does not have legacy storage
07-16 00:44:26.839  1279  1279 V StorageManagerService: Package org.pixelexperience.overlay.hidecutout does not have legacy storage
07-16 00:44:26.839  1279  1279 V StorageManagerService: Package org.pixelexperience.ota does not have legacy storage
07-16 00:44:26.839  1279  1279 V StorageManagerService: Package com.android.carrierdefaultapp does not have legacy storage
07-16 00:44:26.839  1279  1279 V StorageManagerService: Package com.dsi.ant.server does not have legacy storage
07-16 00:44:26.839  1279  1279 V StorageManagerService: Package com.android.theme.font.notoserifsource does not have legacy storage
07-16 00:44:26.839  1279  1279 V StorageManagerService: Package com.android.proxyhandler does not have legacy storage
07-16 00:44:26.839  1279  1279 V StorageManagerService: Package com.android.internal.display.cutout.emulation.waterfall does not have legacy storage
07-16 00:44:26.839  1279  1279 V StorageManagerService: Package com.android.intentresolver does not have legacy storage
07-16 00:44:26.839  1279  1279 V StorageManagerService: Package com.android.nearby.halfsheet does not have legacy storage
07-16 00:44:26.839  1279  1279 V StorageManagerService: Package com.google.android.printservice.recommendation does not have legacy storage
07-16 00:44:26.839  1279  1279 V StorageManagerService: Package com.google.android.apps.photos does not have legacy storage
07-16 00:44:26.839  1279  1279 V StorageManagerService: Package com.android.systemui.overlay.pixel does not have legacy storage
07-16 00:44:26.839  1279  1279 V StorageManagerService: Package com.google.android.calendar does not have legacy storage
07-16 00:44:26.839  1279  1279 V StorageManagerService: Package com.android.managedprovisioning does not have legacy storage
07-16 00:44:26.839  1279  1279 V StorageManagerService: Package com.spotify.music does not have legacy storage
07-16 00:44:26.839  1279  1279 V StorageManagerService: Package com.android.networkstack.tethering does not have legacy storage
07-16 00:44:26.839  1279  1279 V StorageManagerService: Package com.android.soundpicker does not have legacy storage
07-16 00:44:26.839  1279  1279 V StorageManagerService: Package com.tencent.soter.soterserver does not have legacy storage
07-16 00:44:26.839  1279  1279 V StorageManagerService: Package com.google.android.documentsui does not have legacy storage
07-16 00:44:26.839  1279  1279 V StorageManagerService: Package com.facebook.katana does not have legacy storage
07-16 00:44:26.839  1279  1279 V StorageManagerService: Package com.android.cellbroadcastservice.overlay.pixel does not have legacy storage
07-16 00:44:26.839  1279  1279 V StorageManagerService: Package com.android.smspush does not have legacy storage
07-16 00:44:26.839  1279  1279 V StorageManagerService: Package com.valvesoftware.android.steam.community does not have legacy storage
07-16 00:44:26.839  1279  1279 V StorageManagerService: Package com.android.wallpaper.livepicker does not have legacy storage
07-16 00:44:26.839  1279  1279 V StorageManagerService: Package org.lineageos.aperture does not have legacy storage
07-16 00:44:26.839  1279  1279 V StorageManagerService: Package com.android.cellbroadcastreceiver.module does not have legacy storage
07-16 00:44:26.839  1279  1279 V StorageManagerService: Package com.android.phone.auto_generated_rro_vendor__ does not have legacy storage
07-16 00:44:26.839  1279  1279 V StorageManagerService: Package com.facebook.orca does not have legacy storage
07-16 00:44:26.839  1279  1279 V StorageManagerService: Package com.android.imsserviceentitlement does not have legacy storage
07-16 00:44:26.839  1279  1279 V StorageManagerService: Package io.floatme.floatmeapp does not have legacy storage
07-16 00:44:26.839  1279  1279 V StorageManagerService: Package com.android.providers.settings.overlay.pixel does not have legacy storage
07-16 00:44:26.839  1279  1279 V StorageManagerService: Package com.google.android.gms.policy_sidecar_aps does not have legacy storage
07-16 00:44:26.839  1279  1279 V StorageManagerService: Package org.mozilla.firefox does not have legacy storage
07-16 00:44:26.839  1279  1279 V StorageManagerService: Package com.google.android.apps.photosgo does not have legacy storage
07-16 00:44:26.839  1279  1279 V StorageManagerService: Package com.android.bookmarkprovider does not have legacy storage
07-16 00:44:26.839  1279  1279 V StorageManagerService: Package com.google.android.overlay.pixelconfigcommon does not have legacy storage
07-16 00:44:26.839  1279  1279 V StorageManagerService: Package com.android.settings does not have legacy storage
07-16 00:44:26.839  1279  1279 V StorageManagerService: Package com.qualcomm.qti.cne does not have legacy storage
07-16 00:44:26.839  1279  1279 V StorageManagerService: Package com.android.wifi.resources.fajita does not have legacy storage
07-16 00:44:26.839  1279  1279 V StorageManagerService: Package com.google.android.apps.googlecamera.fishfood does not have legacy storage
07-16 00:44:26.839  1279  1279 V StorageManagerService: Package com.google.android.settings.intelligence does not have legacy storage
07-16 00:44:26.840  1279  1279 V StorageManagerService: Package com.google.android.projection.gearhead does not have legacy storage
07-16 00:44:26.840  1279  1279 V StorageManagerService: Package com.google.android.apps.turbo does not have legacy storage
07-16 00:44:26.840  1279  1279 V StorageManagerService: Package com.android.providers.telephony.overlay.pixel does not have legacy storage
07-16 00:44:26.840  1279  1279 V StorageManagerService: Package com.android.cts.ctsshim does not have legacy storage
07-16 00:44:26.840  1279  1279 V StorageManagerService: Package org.lineageos.settings.device does not have legacy storage
07-16 00:44:26.840  1279  1279 V StorageManagerService: Package com.android.vpndialogs does not have legacy storage
07-16 00:44:26.840  1279  1279 V StorageManagerService: Package com.google.android.apps.wallpaper does not have legacy storage
07-16 00:44:26.840  1279  1279 V StorageManagerService: Package com.infonow.bofa does not have legacy storage
07-16 00:44:26.840  1279  1279 V StorageManagerService: Package com.android.phone does not have legacy storage
07-16 00:44:26.840  1279  1279 V StorageManagerService: Package com.android.shell does not have legacy storage
07-16 00:44:26.840  1279  1279 V StorageManagerService: Package com.android.sdksandbox does not have legacy storage
07-16 00:44:26.840  1279  1279 V StorageManagerService: Package com.android.wallpaperbackup does not have legacy storage
07-16 00:44:26.840  1279  1279 V StorageManagerService: Package com.android.providers.blockednumber does not have legacy storage
07-16 00:44:26.840  1279  1279 V StorageManagerService: Package com.android.providers.userdictionary does not have legacy storage
07-16 00:44:26.840  1279  1279 V StorageManagerService: Package com.android.providers.media.module does not have legacy storage
07-16 00:44:26.840  1279  1279 V StorageManagerService: Package com.android.emergency does not have legacy storage
07-16 00:44:26.840  1279  1279 V StorageManagerService: Package com.activehours does not have legacy storage
07-16 00:44:26.840  1279  1279 V StorageManagerService: Package com.android.captiveportallogin.overlay does not have legacy storage
07-16 00:44:26.840  1279  1279 V StorageManagerService: Package com.android.hotspot2.osulogin does not have legacy storage
07-16 00:44:26.840  1279  1279 V StorageManagerService: Package com.azure.authenticator does not have legacy storage
07-16 00:44:26.840  1279  1279 V StorageManagerService: Package com.google.android.gms.location.history does not have legacy storage
07-16 00:44:26.840  1279  1279 V StorageManagerService: Package com.android.internal.systemui.navbar.gestural does not have legacy storage
07-16 00:44:26.840  1279  1279 V StorageManagerService: Package com.android.storagemanager.overlay does not have legacy storage
07-16 00:44:26.840  1279  1279 V StorageManagerService: Package com.android.location.fused does not have legacy storage
07-16 00:44:26.840  1279  1279 V StorageManagerService: Package com.android.systemui does not have legacy storage
07-16 00:44:26.840  1279  1279 V StorageManagerService: Package com.android.bluetoothmidiservice does not have legacy storage
07-16 00:44:26.840  1279  1279 V StorageManagerService: Package com.qualcomm.qti.poweroffalarm does not have legacy storage
07-16 00:44:26.840  1279  1279 V StorageManagerService: Package com.android.permissioncontroller does not have legacy storage
07-16 00:44:26.840  1279  1279 V StorageManagerService: Package com.ebay.mobile does not have legacy storage
07-16 00:44:26.840  1279  1279 V StorageManagerService: Package com.google.android.apps.nexuslauncher.custom.overlay does not have legacy storage
07-16 00:44:26.840  1279  1279 V StorageManagerService: Package com.android.traceur does not have legacy storage
07-16 00:44:26.840  1279  1279 V StorageManagerService: Package com.android.ondevicepersonalization.services does not have legacy storage
07-16 00:44:26.840  1279  1279 V StorageManagerService: Package com.android.bluetooth does not have legacy storage
07-16 00:44:26.840  1279  1279 V StorageManagerService: Package com.qualcomm.timeservice does not have legacy storage
07-16 00:44:26.840  1279  1279 V StorageManagerService: Package com.android.server.telecom.overlay.pixel does not have legacy storage
07-16 00:44:26.840  1279  1279 V StorageManagerService: Package com.android.providers.contacts does not have legacy storage
07-16 00:44:26.840  1279  1279 V StorageManagerService: Package vendor.qti.imsrcs does not have legacy storage
07-16 00:44:26.840  1279  1279 V StorageManagerService: Package com.android.captiveportallogin does not have legacy storage
07-16 00:44:26.840  1279  1279 V StorageManagerService: Package org.pixelexperience.faceunlock does not have legacy storage
07-16 00:44:26.840  1279  1279 V StorageManagerService: Package com.android.internal.systemui.navbar.gestural_narrow_back does not have legacy storage
07-16 00:44:26.840  1279  1279 V StorageManagerService: Package com.snapchat.android does not have legacy storage
07-16 00:44:26.841  1279  1279 V StorageManagerService: Package com.google.android.inputmethod.latin does not have legacy storage
07-16 00:44:26.841  1279  1279 V StorageManagerService: Package com.google.android.storagemanager does not have legacy storage
07-16 00:44:26.841  1279  1279 V StorageManagerService: Package android.auto_generated_rro_vendor__ does not have legacy storage
07-16 00:44:26.841  1279  1279 V StorageManagerService: Package com.google.android.apps.restore does not have legacy storage
07-16 00:44:26.841  1279  1279 D SystemServerTiming: ssm.onStartUser-0_com.android.server.usage.StorageStatsService$Lifecycle
07-16 00:44:26.841  1279  1279 D SystemServerTiming: ssm.onStartUser-0_com.android.server.UiModeManagerService
07-16 00:44:26.841  1279  1279 D SystemServerTiming: ssm.onStartUser-0_com.android.server.locales.LocaleManagerService
07-16 00:44:26.841  1279  1279 D SystemServerTiming: ssm.onStartUser-0_com.android.server.locksettings.LockSettingsService$Lifecycle
07-16 00:44:26.841  1279  1279 D SystemServerTiming: ssm.onStartUser-0_com.android.server.PersistentDataBlockService
07-16 00:44:26.841  1279  1279 D SystemServerTiming: ssm.onStartUser-0_com.android.server.testharness.TestHarnessModeService
07-16 00:44:26.841  1279  1279 D SystemServerTiming: ssm.onStartUser-0_com.android.server.oemlock.OemLockService
07-16 00:44:26.841  1279  1279 D SystemServerTiming: ssm.onStartUser-0_com.android.server.DeviceIdleController
07-16 00:44:26.841  1279  1279 D SystemServerTiming: ssm.onStartUser-0_com.android.server.devicepolicy.DevicePolicyManagerService$Lifecycle
07-16 00:44:26.841  1279  1279 D SystemServerTiming: ssm.onStartUser-0_com.android.server.musicrecognition.MusicRecognitionManagerService
07-16 00:44:26.841  1279  1279 D SystemServerTiming: ssm.onStartUser-0_com.android.server.contentcapture.ContentCaptureManagerService
07-16 00:44:26.841  1279  1279 D SystemServerTiming: ssm.onStartUser-0_com.android.server.attention.AttentionManagerService
07-16 00:44:26.841  1279  1279 D SystemServerTiming: ssm.onStartUser-0_com.android.server.rotationresolver.RotationResolverManagerService
07-16 00:44:26.841  1279  1279 D SystemServerTiming: ssm.onStartUser-0_com.android.server.systemcaptions.SystemCaptionsManagerService
07-16 00:44:26.841  1279  1279 D SystemServerTiming: ssm.onStartUser-0_com.android.server.texttospeech.TextToSpeechManagerService
07-16 00:44:26.841  1279  1279 D SystemServerTiming: ssm.onStartUser-0_com.android.server.ambientcontext.AmbientContextManagerService
07-16 00:44:26.841  1279  1279 D SystemServerTiming: ssm.onStartUser-0_com.android.server.speech.SpeechRecognitionManagerService
07-16 00:44:26.841  1279  1279 D SystemServerTiming: ssm.onStartUser-0_com.android.server.appprediction.AppPredictionManagerService
07-16 00:44:26.841  1279  1279 D SystemServerTiming: ssm.onStartUser-0_com.android.server.contentsuggestions.ContentSuggestionsManagerService
07-16 00:44:26.841  1279  1279 D SystemServerTiming: ssm.onStartUser-0_com.android.server.searchui.SearchUiManagerService
07-16 00:44:26.841  1279  1279 D SystemServerTiming: ssm.onStartUser-0_com.android.server.smartspace.SmartspaceManagerService
07-16 00:44:26.841  1279  1279 D SystemServerTiming: ssm.onStartUser-0_com.android.server.graphics.fonts.FontManagerService$Lifecycle
07-16 00:44:26.841  1279  1279 D SystemServerTiming: ssm.onStartUser-0_com.android.server.textservices.TextServicesManagerService$Lifecycle
07-16 00:44:26.841  1279  1279 D SystemServerTiming: ssm.onStartUser-0_com.android.server.textclassifier.TextClassificationManagerService$Lifecycle
07-16 00:44:26.842  1279  1279 D SystemServerTiming: ssm.onStartUser-0_com.android.server.NetworkScoreService$Lifecycle
07-16 00:44:26.842  1279  1279 D SystemServerTiming: ssm.onStartUser-0_com.android.server.NetworkStatsServiceInitializer
07-16 00:44:26.842  1279  1279 D SystemServerTiming: ssm.onStartUser-0_com.android.server.wifi.WifiService
07-16 00:44:26.842  1279  1279 D SystemServerTiming: ssm.onStartUser-0_com.android.server.wifi.scanner.WifiScanningService
07-16 00:44:26.842  1279  1279 D SystemServerTiming: ssm.onStartUser-0_com.android.server.wifi.p2p.WifiP2pService
07-16 00:44:26.842  1279  1279 D SystemServerTiming: ssm.onStartUser-0_com.android.server.ConnectivityServiceInitializer
07-16 00:44:26.842  1279  1279 D SystemServerTiming: ssm.onStartUser-0_com.android.server.notification.NotificationManagerService
07-16 00:44:26.842  1279  1279 D SystemServerTiming: ssm.onStartUser-0_com.android.server.storage.DeviceStorageMonitorService
07-16 00:44:26.842  1279  1279 D SystemServerTiming: ssm.onStartUser-0_com.android.server.location.LocationManagerService$Lifecycle
07-16 00:44:26.842  1279  1279 D SystemServerTiming: ssm.onStartUser-0_com.android.server.timedetector.TimeDetectorService$Lifecycle
07-16 00:44:26.842  1279  1279 D SystemServerTiming: ssm.onStartUser-0_com.android.server.timezonedetector.TimeZoneDetectorService$Lifecycle
07-16 00:44:26.842  1279  1279 D SystemServerTiming: ssm.onStartUser-0_com.android.server.timezonedetector.location.LocationTimeZoneManagerService$Lifecycle
07-16 00:44:26.842  1279  1279 D SystemServerTiming: ssm.onStartUser-0_com.android.server.search.SearchManagerService$Lifecycle
07-16 00:44:26.842  1279  1279 D SystemServerTiming: ssm.onStartUser-0_com.android.server.wallpaper.WallpaperManagerService$Lifecycle
07-16 00:44:26.842  1279  1279 D SystemServerTiming: ssm.onStartUser-0_com.android.server.wallpapereffectsgeneration.WallpaperEffectsGenerationManagerService
07-16 00:44:26.842  1279  1279 D SystemServerTiming: ssm.onStartUser-0_com.android.server.audio.AudioService$Lifecycle
07-16 00:44:26.842  1279  1279 D SystemServerTiming: ssm.onStartUser-0_com.android.server.soundtrigger_middleware.SoundTriggerMiddlewareService$Lifecycle
07-16 00:44:26.842  1279  1279 D SystemServerTiming: ssm.onStartUser-0_com.android.server.DockObserver
07-16 00:44:26.842  1279  1279 D SystemServerTiming: ssm.onStartUser-0_com.android.server.midi.MidiService$Lifecycle
07-16 00:44:26.842  1279  1279 D SystemServerTiming: ssm.onStartUser-0_com.android.server.adb.AdbService$Lifecycle
07-16 00:44:26.842  1279  1279 D SystemServerTiming: ssm.onStartUser-0_com.android.server.usb.UsbService$Lifecycle
07-16 00:44:26.842  1279  1279 D SystemServerTiming: ssm.onStartUser-0_com.android.server.twilight.TwilightService
07-16 00:44:26.842  1279  1279 D SystemServerTiming: ssm.onStartUser-0_com.android.server.display.color.ColorDisplayService
07-16 00:44:26.842  1279  1279 D SystemServerTiming: ssm.onStartUser-0_com.android.server.job.JobSchedulerService
07-16 00:44:26.842  1279  1279 D SystemServerTiming: ssm.onStartUser-0_com.android.server.soundtrigger.SoundTriggerService
07-16 00:44:26.842  1279  1279 D SystemServerTiming: ssm.onStartUser-0_com.android.server.trust.TrustManagerService
07-16 00:44:26.843  1279  1279 D SystemServerTiming: ssm.onStartUser-0_com.android.server.backup.BackupManagerService$Lifecycle
07-16 00:44:26.843  1279  1279 D SystemServerTiming: ssm.onStartUser-0_com.android.server.appwidget.AppWidgetService
07-16 00:44:26.843  1279  1279 D SystemServerTiming: ssm.onStartUser-0_com.android.server.voiceinteraction.VoiceInteractionManagerService
07-16 00:44:26.843  2197  2260 V WindowManagerShell: 	KidsModeTaskOrganizer init took 9ms
07-16 00:44:26.844  2197  2260 D ShellBackPreview: Back animation enabled=false
07-16 00:44:26.844  2197  2260 V WindowManagerShell: Adding external interface from BackAnimationController with key extra_shell_back_animation
07-16 00:44:26.844  2197  2260 V WindowManagerShell: 	BackAnimationController init took 1ms
07-16 00:44:26.844  2197  2260 V WindowManagerShell: Display added: 0
07-16 00:44:26.853  1279  1279 D SystemServerTiming: ssm.onStartUser-0_com.android.server.apphibernation.AppHibernationService
07-16 00:44:26.853  1279  1279 D SystemServerTiming: ssm.onStartUser-0_com.android.server.GestureLauncherService
07-16 00:44:26.853  1279  1279 D SystemServerTiming: ssm.onStartUser-0_com.android.server.SensorNotificationService
07-16 00:44:26.853  1279  1279 D SystemServerTiming: ssm.onStartUser-0_com.android.server.emergency.EmergencyAffordanceService
07-16 00:44:26.853  1279  1279 D SystemServerTiming: ssm.onStartUser-0_com.android.server.blob.BlobStoreManagerService
07-16 00:44:26.853  1279  1279 D SystemServerTiming: ssm.onStartUser-0_com.android.server.dreams.DreamManagerService
07-16 00:44:26.853  1279  1279 D SystemServerTiming: ssm.onStartUser-0_com.android.server.print.PrintManagerService
07-16 00:44:26.853  1279  1279 D SystemServerTiming: ssm.onStartUser-0_com.android.server.security.AttestationVerificationManagerService
07-16 00:44:26.853  1279  1279 D SystemServerTiming: ssm.onStartUser-0_com.android.server.companion.CompanionDeviceManagerService
07-16 00:44:26.853  1279  1279 D SystemServerTiming: ssm.onStartUser-0_com.android.server.companion.virtual.VirtualDeviceManagerService
07-16 00:44:26.855  1279  1279 D SystemServerTiming: ssm.onStartUser-0_com.android.server.restrictions.RestrictionsManagerService
07-16 00:44:26.855  1279  1279 D SystemServerTiming: ssm.onStartUser-0_com.android.server.media.MediaSessionService
07-16 00:44:26.855  1279  1279 D SystemServerTiming: ssm.onStartUser-0_com.android.server.media.MediaResourceMonitorService
07-16 00:44:26.855  1279  1279 D SystemServerTiming: ssm.onStartUser-0_com.android.server.biometrics.sensors.face.FaceService
07-16 00:44:26.855  1279  1279 D SystemServerTiming: ssm.onStartUser-0_com.android.server.biometrics.sensors.fingerprint.FingerprintService
07-16 00:44:26.856  1279  1279 D SystemServerTiming: ssm.onStartUser-0_com.android.server.biometrics.BiometricService
07-16 00:44:26.856  1279  1279 D SystemServerTiming: ssm.onStartUser-0_com.android.server.biometrics.AuthService
07-16 00:44:26.856  1279  1279 D SystemServerTiming: ssm.onStartUser-0_com.android.server.pm.ShortcutService$Lifecycle
07-16 00:44:26.856  1279  1279 D SystemServerTiming: ssm.onStartUser-0_com.android.server.pm.LauncherAppsService
07-16 00:44:26.856  1279  1279 D SystemServerTiming: ssm.onStartUser-0_com.android.server.pm.CrossProfileAppsService
07-16 00:44:26.856  1279  1279 D SystemServerTiming: ssm.onStartUser-0_com.android.server.people.PeopleService
07-16 00:44:26.856  1279  1279 D SystemServerTiming: ssm.onStartUser-0_com.android.server.media.metrics.MediaMetricsManagerService
07-16 00:44:26.856  1279  1279 D SystemServerTiming: ssm.onStartUser-0_com.android.server.vibrator.LinearmotorVibratorService
07-16 00:44:26.856  1279  1279 D SystemServerTiming: ssm.onStartUser-0_com.android.server.custom.LineageHardwareService
07-16 00:44:26.856  1279  1279 D SystemServerTiming: ssm.onStartUser-0_com.android.server.custom.globalactions.CustomGlobalActionsService
07-16 00:44:26.856  1279  1279 D SystemServerTiming: ssm.onStartUser-0_com.android.server.custom.display.LiveDisplayService
07-16 00:44:26.856  1279  1279 D SystemServerTiming: ssm.onStartUser-0_com.android.server.media.projection.MediaProjectionManagerService
07-16 00:44:26.856  1279  1279 D SystemServerTiming: ssm.onStartUser-0_com.android.server.slice.SliceManagerService$Lifecycle
07-16 00:44:26.856  1279  1279 D SystemServerTiming: ssm.onStartUser-0_com.android.server.stats.StatsCompanion$Lifecycle
07-16 00:44:26.856  1279  1279 D SystemServerTiming: ssm.onStartUser-0_com.android.server.scheduling.RebootReadinessManagerService$Lifecycle
07-16 00:44:26.856  1279  1279 D SystemServerTiming: ssm.onStartUser-0_com.android.server.stats.pull.StatsPullAtomService
07-16 00:44:26.856  1279  1279 D SystemServerTiming: ssm.onStartUser-0_com.android.server.stats.bootstrap.StatsBootstrapAtomService$Lifecycle
07-16 00:44:26.856  1279  1279 D SystemServerTiming: ssm.onStartUser-0_com.android.server.incident.IncidentCompanionService
07-16 00:44:26.856  1279  1279 D SystemServerTiming: ssm.onStartUser-0_com.android.server.sdksandbox.SdkSandboxManagerService$Lifecycle
07-16 00:44:26.856  1279  1279 D SystemServerTiming: ssm.onStartUser-0_com.android.server.adservices.AdServicesManagerService$Lifecycle
07-16 00:44:26.856  1279  1279 D SystemServerTiming: ssm.onStartUser-0_com.android.server.MmsServiceBroker
07-16 00:44:26.856  1279  1279 D SystemServerTiming: ssm.onStartUser-0_com.android.server.autofill.AutofillManagerService
07-16 00:44:26.856  1279  1279 D SystemServerTiming: ssm.onStartUser-0_com.android.server.translation.TranslationManagerService
07-16 00:44:26.856  1279  1279 D SystemServerTiming: ssm.onStartUser-0_com.android.server.clipboard.ClipboardService
07-16 00:44:26.856  1279  1279 D SystemServerTiming: ssm.onStartUser-0_com.android.server.appbinding.AppBindingService$Lifecycle
07-16 00:44:26.856  1279  1279 D SystemServerTiming: ssm.onStartUser-0_com.android.server.tracing.TracingServiceProxy
07-16 00:44:26.856  1279  1279 D SystemServerTiming: ssm.onStartUser-0_com.android.server.policy.PermissionPolicyService
07-16 00:44:26.856  1279  1279 D SystemServerTiming: ssm.onStartUser-0_com.android.server.pm.StagingManager$Lifecycle
07-16 00:44:26.856  1279  1279 D SystemServerTiming: ssm.onStartUser-0_com.android.server.app.GameManagerService$Lifecycle
07-16 00:44:26.857  1279  1279 V GameManagerService: Settings file doesn't exists, skip reading
07-16 00:44:26.858  1279  1279 D SystemServerTiming: ssm.onStartUser-0_com.android.safetycenter.SafetyCenterService
07-16 00:44:26.858  1279  1279 D SystemServerTiming: ssm.onStartUser-0_com.android.server.appsearch.AppSearchModule$Lifecycle
07-16 00:44:26.858  1279  1279 D SystemServerTiming: ssm.onStartUser-0_com.android.server.media.MediaCommunicationService
07-16 00:44:26.858  1279  1279 D SystemServerTiming: ssm.onStartUser-0_com.android.server.compat.overrides.AppCompatOverridesService$Lifecycle
07-16 00:44:26.858  1279  1279 D SystemServerTiming: startPersistentApps
07-16 00:44:26.861  1279  1279 D SystemServerTiming: startHomeOnAllDisplays
07-16 00:44:26.863  1279  1279 I ActivityTaskManager: START u0 {act=android.intent.action.MAIN cat=[android.intent.category.HOME] flg=0x10000100 cmp=com.android.settings/.FallbackHome (has extras)} from uid 0
07-16 00:44:26.863  1279  2112 V GameManagerService_GamePackageConfiguration: No android.game_mode_config meta-data found for package com.nianticlabs.pokemongo
07-16 00:44:26.864  1279  2112 I GameManagerService: Disabling downscale for com.nianticlabs.pokemongo
07-16 00:44:26.869  1279  2112 V GameManagerService: Package configuration not found for com.nianticlabs.pokemongo
07-16 00:44:26.913  1279  1617 D CountryDetector: Using custom country detector class: com.android.server.location.ComprehensiveCountryDetector
07-16 00:44:26.914  1279  1617 E CountryDetector: Could not instantiate the custom country detector class
07-16 00:44:26.914  1279  1617 D CountryDetector: Using default country detector
07-16 00:44:26.952  1279  1620 W ActivityManager: Slow operation: 284ms so far, now at startProcess: returned from zygote!
07-16 00:44:26.968  1279  1279 D SystemServerTiming: showSystemReadyErrorDialogs
07-16 00:44:27.005  1279  1279 D SystemServerTiming: sendUserStartBroadcast
07-16 00:44:27.005  1279  1952 D CoreBackPreview: Window{c8bca6c u0 ShellDropTarget}: Setting back callback OnBackInvokedCallbackInfo{mCallback=android.window.IOnBackInvokedCallback$Stub$Proxy@dd432b1, mPriority=0}
07-16 00:44:27.005  1279  1279 D SystemServerTiming: resumeTopActivities
07-16 00:44:27.006  1279  1279 D SystemServerTiming: sendUserSwitchBroadcasts
07-16 00:44:27.006  1279  1279 D SystemServerTiming: setBinderProxies
07-16 00:44:27.006  1279  1279 D SystemServerTiming: componentAlias
07-16 00:44:27.007  1279  1279 D ComponentAliasResolver: Compat listener set.
07-16 00:44:27.007  1279  1279 D SystemServerTiming: StartSystemUI
07-16 00:44:27.007  1279  1620 W ActivityManager: Slow operation: 340ms so far, now at startProcess: done updating battery stats
07-16 00:44:27.007  1279  1620 W ActivityManager: Slow operation: 340ms so far, now at startProcess: building log message
07-16 00:44:27.007  1279  1620 I ActivityManager: Start proc 2314:WebViewLoader-armeabi-v7a/1037 [android.webkit.WebViewLibraryLoader$RelroFileCreator] for 
07-16 00:44:27.008  1279  1620 W ActivityManager: Slow operation: 340ms so far, now at startProcess: starting to update pids map
07-16 00:44:27.008  1279  1620 W ActivityManager: Slow operation: 340ms so far, now at startProcess: done updating pids map
07-16 00:44:27.008  1279  1620 W ActivityManager: Slow operation: 340ms so far, now at startProcess: asking zygote to start proc
07-16 00:44:27.018  1279  1620 W ActivityManager: Slow operation: 351ms so far, now at startProcess: returned from zygote!
07-16 00:44:27.022  1279  1279 D SystemServerTiming: startApexServices
07-16 00:44:27.022  1279  1279 D SystemServerTiming: starting com.android.server.scheduling.RebootReadinessManagerService$Lifecycle
07-16 00:44:27.022  1279  1620 W ActivityManager: Slow operation: 354ms so far, now at startProcess: done updating battery stats
07-16 00:44:27.022  1279  1279 I SystemServiceManager: Starting com.android.server.scheduling.RebootReadinessManagerService$Lifecycle
07-16 00:44:27.022  1279  1620 W ActivityManager: Slow operation: 354ms so far, now at startProcess: building log message
07-16 00:44:27.022  1279  1279 I SystemServiceManager: Not starting an already started service com.android.server.scheduling.RebootReadinessManagerService$Lifecycle
07-16 00:44:27.022  1279  1620 I ActivityManager: Start proc 2349:WebViewLoader-arm64-v8a/1037 [android.webkit.WebViewLibraryLoader$RelroFileCreator] for 
07-16 00:44:27.022  1279  1620 W ActivityManager: Slow operation: 354ms so far, now at startProcess: starting to update pids map
07-16 00:44:27.022  1279  1620 W ActivityManager: Slow operation: 354ms so far, now at startProcess: done updating pids map
07-16 00:44:27.022  1279  1620 W ActivityManager: Slow operation: 210ms so far, now at startProcess: asking zygote to start proc
07-16 00:44:27.024  1279  1279 W Looper  : Slow delivery took 2902ms main h=android.app.PropertyInvalidatedCache$AutoCorker$1 c=null m=0
07-16 00:44:27.034  1279  1279 D ConditionProviders.SCP: onConnected
07-16 00:44:27.035  1279  1279 D ConditionProviders: Subscribing to condition://android/event?userId=-10000&calendar=&reply=1 with ComponentInfo{android/com.android.server.notification.EventConditionProvider}
07-16 00:44:27.035  1279  1279 D ConditionProviders: Subscribing to condition://android/schedule?days=1.2.3.4.5.6.7&start=22.0&end=7.0&exitAtAlarm=true with ComponentInfo{android/com.android.server.notification.ScheduleConditionProvider}
07-16 00:44:27.038  1279  1620 W ActivityManager: Slow operation: 227ms so far, now at startProcess: returned from zygote!
07-16 00:44:27.045  1279  1620 W ActivityManager: Slow operation: 233ms so far, now at startProcess: done updating battery stats
07-16 00:44:27.045  1279  1620 W ActivityManager: Slow operation: 233ms so far, now at startProcess: building log message
07-16 00:44:27.045  1279  1620 I ActivityManager: Start proc 2360:com.android.networkstack.process/1073 for service {com.android.networkstack/com.android.server.NetworkStackService}
07-16 00:44:27.045  1279  1620 W ActivityManager: Slow operation: 233ms so far, now at startProcess: starting to update pids map
07-16 00:44:27.045  1279  1620 W ActivityManager: Slow operation: 233ms so far, now at startProcess: done updating pids map
