07-16 00:44:29.178  1279  1985 E NetworkPolicy: Missing subscriberId for subId 1
07-16 00:44:29.179  1279  1619 I DropBoxManagerService: add tag=system_server_wtf isTagEnabled=true flags=0x2
07-16 00:44:29.184  1279  1617 E StatsPullAtomService: subInfo of subId 1 is invalid, ignored.
07-16 00:44:29.212  1279  1985 E NetworkPolicy: Missing subscriberId for subId 1
07-16 00:44:29.213  1279  1619 I DropBoxManagerService: add tag=system_server_wtf isTagEnabled=true flags=0x2
07-16 00:44:29.214  1279  1617 E StatsPullAtomService: subInfo of subId 1 is invalid, ignored.
07-16 00:44:29.224  1279  1608 I WindowManager: ******* TELLING SURFACE FLINGER WE ARE BOOTED!
07-16 00:44:29.228  1279  1608 D ActivityManagerTiming: FinishBooting
07-16 00:44:29.236  1279  1608 I ActivityManager: About to commit checkpoint
07-16 00:44:29.238  1279  1608 I SystemServiceManager: Starting phase 1000
07-16 00:44:29.238  1279  1608 D ActivityManagerTiming: OnBootPhase_1000
07-16 00:44:29.238  1279  1608 D ActivityManagerTiming: OnBootPhase_1000_com.android.server.security.FileIntegrityService
07-16 00:44:29.239  1279  1608 D ActivityManagerTiming: OnBootPhase_1000_com.android.server.pm.Installer
07-16 00:44:29.239  1279  1608 D ActivityManagerTiming: OnBootPhase_1000_com.android.server.os.DeviceIdentifiersPolicyService
07-16 00:44:29.239  1279  1608 D ActivityManagerTiming: OnBootPhase_1000_com.android.server.uri.UriGrantsManagerService$Lifecycle
07-16 00:44:29.239  1279  1608 D ActivityManagerTiming: OnBootPhase_1000_com.android.server.powerstats.PowerStatsService
07-16 00:44:29.245  1279  1608 D ActivityManagerTiming: OnBootPhase_1000_com.android.server.wm.ActivityTaskManagerService$Lifecycle
07-16 00:44:29.245  1279  1608 D ActivityManagerTiming: OnBootPhase_1000_com.android.server.am.ActivityManagerService$Lifecycle
07-16 00:44:29.245  1279  1608 D ActivityManagerTiming: OnBootPhase_1000_com.android.server.pm.DataLoaderManagerService
07-16 00:44:29.245  1279  1608 D ActivityManagerTiming: OnBootPhase_1000_com.android.server.power.PowerManagerService
07-16 00:44:29.246  1279  1608 D ActivityManagerTiming: OnBootPhase_1000_com.android.server.power.ThermalManagerService
07-16 00:44:29.246  1279  1608 D ActivityManagerTiming: OnBootPhase_1000_com.android.server.power.hint.HintManagerService
07-16 00:44:29.247  1279  1608 D ActivityManagerTiming: OnBootPhase_1000_com.android.server.recoverysystem.RecoverySystemService$Lifecycle
07-16 00:44:29.247  1279  1608 D ActivityManagerTiming: OnBootPhase_1000_com.android.server.lights.LightsService
07-16 00:44:29.247  1279  1608 D ActivityManagerTiming: OnBootPhase_1000_com.android.server.display.DisplayManagerService
07-16 00:44:29.247  1279  1608 I LogicalDisplayMapper: Requesting Transition to state: 0, from state=-1, interactive=true, mBootCompleted=true
07-16 00:44:29.247  1279  1608 I LogicalDisplayMapper: Applying layout: [{addr: {port=129, model=0x40446d14f16a63}, dispId: 0(ON)}], Previous layout: [{addr: {port=129, model=0x40446d14f16a63}, dispId: 0(ON)}]
07-16 00:44:29.247  1279  1608 D ActivityManagerTiming: OnBootPhase_1000_com.android.server.pm.verify.domain.DomainVerificationService
07-16 00:44:29.247  1279  1608 D ActivityManagerTiming: OnBootPhase_1000_com.android.server.pm.PackageInstallerService$Lifecycle
07-16 00:44:29.247  1279  1608 D ActivityManagerTiming: OnBootPhase_1000_com.android.server.pm.UserManagerService$LifeCycle
07-16 00:44:29.247  1279  1608 D ActivityManagerTiming: OnBootPhase_1000_com.android.server.om.OverlayManagerService
07-16 00:44:29.247  1279  1608 D ActivityManagerTiming: OnBootPhase_1000_com.android.server.resources.ResourcesManagerService
07-16 00:44:29.247  1279  1608 D ActivityManagerTiming: OnBootPhase_1000_com.android.server.sensorprivacy.SensorPrivacyService
07-16 00:44:29.247  1279  1608 D ActivityManagerTiming: OnBootPhase_1000_com.android.server.sensors.SensorService
07-16 00:44:29.247  1279  1608 D ActivityManagerTiming: OnBootPhase_1000_com.android.server.SystemConfigService
07-16 00:44:29.247  1279  1608 D ActivityManagerTiming: OnBootPhase_1000_com.android.server.BatteryService
07-16 00:44:29.248  1279  1608 D ActivityManagerTiming: OnBootPhase_1000_com.android.server.usage.UsageStatsService
07-16 00:44:29.248  1279  1608 D ActivityManagerTiming: OnBootPhase_1000_com.android.server.webkit.WebViewUpdateService
07-16 00:44:29.248  1279  1608 D ActivityManagerTiming: OnBootPhase_1000_com.android.server.CachedDeviceStateService
07-16 00:44:29.248  1279  1608 D ActivityManagerTiming: OnBootPhase_1000_com.android.server.BinderCallsStatsService$LifeCycle
07-16 00:44:29.248  1279  1608 D ActivityManagerTiming: OnBootPhase_1000_com.android.server.LooperStatsService$Lifecycle
07-16 00:44:29.248  1279  1608 D ActivityManagerTiming: OnBootPhase_1000_com.android.server.rollback.RollbackManagerService
07-16 00:44:29.249  1279  1608 D ActivityManagerTiming: OnBootPhase_1000_com.android.server.os.NativeTombstoneManagerService
07-16 00:44:29.249  1279  1608 D ActivityManagerTiming: OnBootPhase_1000_com.android.server.os.BugreportManagerService
07-16 00:44:29.249  1279  1608 D ActivityManagerTiming: OnBootPhase_1000_com.android.server.gpu.GpuService
07-16 00:44:29.249  1279  1608 D ActivityManagerTiming: OnBootPhase_1000_com.android.server.security.KeyChainSystemService
07-16 00:44:29.249  1279  1608 D ActivityManagerTiming: OnBootPhase_1000_com.android.server.BinaryTransparencyService
07-16 00:44:29.249  1279  1608 I TransparencyService: Boot completed. Getting VBMeta Digest.
07-16 00:44:29.249  1279  1608 D TransparencyService: VBMeta Digest: vbmeta-digest-unavailable
07-16 00:44:29.249  1279  1868 D RollbackManager: mRollbackLifetimeDurationInMillis=1209600000
07-16 00:44:29.249  1279  1608 I TransparencyService: Scheduling APEX and Module measurements to be updated.
07-16 00:44:29.249  1279  1686 V DisplayPowerController[0]: Brightness [0.0] reason changing to: 'manual', previous reason: 'override'.
07-16 00:44:29.249  1279  1608 I TransparencyService: Scheduling APEX & Module SHA256 digest computation job
07-16 00:44:29.249  1279  1686 I DisplayPowerController[0]: BrightnessEvent: disp=0, physDisp=local:4630946253560767361, brt=0.0, initBrt=0.72047246, rcmdBrt=NaN, preBrt=0.0, lux=NaN, preLux=0.0, hbmMax=1.0, hbmMode=off, rbcStrength=0, powerFactor=1.0, thrmMax=1.0, wasShortTermModelActive=false, flags=invalid_lux , reason=manual, autoBrightness=true
07-16 00:44:29.250  1279  1686 I DisplayPowerController[0]: BrightnessEvent: disp=0, physDisp=local:4630946253560767361, brt=0.0, initBrt=0.0, rcmdBrt=NaN, preBrt=0.0, lux=NaN, preLux=0.0, hbmMax=1.0, hbmMode=off, rbcStrength=0, powerFactor=1.0, thrmMax=1.0, wasShortTermModelActive=false, flags=invalid_lux , reason=manual, autoBrightness=true
07-16 00:44:29.250  1279  1608 D TransparencyService: Job 21644562 to update binary measurements scheduled successfully.
07-16 00:44:29.250  1279  1608 D ActivityManagerTiming: OnBootPhase_1000_com.android.server.telecom.TelecomLoaderService
07-16 00:44:29.250  1279  1608 D ActivityManagerTiming: OnBootPhase_1000_com.android.server.accounts.AccountManagerService$Lifecycle
07-16 00:44:29.250  1279  1608 D ActivityManagerTiming: OnBootPhase_1000_com.android.server.content.ContentService$Lifecycle
07-16 00:44:29.250  1279  1608 D ActivityManagerTiming: OnBootPhase_1000_com.android.server.DropBoxManagerService
07-16 00:44:29.250  1279  1608 D ActivityManagerTiming: OnBootPhase_1000_com.android.role.RoleService
07-16 00:44:29.250  1279  1608 D ActivityManagerTiming: OnBootPhase_1000_com.android.server.vibrator.VibratorManagerService$Lifecycle
07-16 00:44:29.250  1279  1608 D ActivityManagerTiming: OnBootPhase_1000_com.android.server.tare.InternalResourceService
07-16 00:44:29.251  1279  1608 D ActivityManagerTiming: OnBootPhase_1000_com.android.server.alarm.AlarmManagerService
07-16 00:44:29.251  1279  1608 D ActivityManagerTiming: OnBootPhase_1000_com.android.server.devicestate.DeviceStateManagerService
07-16 00:44:29.251  1279  1608 D ActivityManagerTiming: OnBootPhase_1000_com.android.server.camera.CameraServiceProxy
07-16 00:44:29.251  1279  1608 D ActivityManagerTiming: OnBootPhase_1000_com.android.server.bluetooth.BluetoothService
07-16 00:44:29.251  1279  1608 D ActivityManagerTiming: OnBootPhase_1000_com.android.server.connectivity.IpConnectivityMetrics
07-16 00:44:29.251  1279  1608 D ActivityManagerTiming: OnBootPhase_1000_com.android.server.net.watchlist.NetworkWatchlistService$Lifecycle
07-16 00:44:29.251  1279  1608 D ActivityManagerTiming: OnBootPhase_1000_com.android.server.PinnerService
07-16 00:44:29.251  1279  1608 D ActivityManagerTiming: OnBootPhase_1000_com.android.server.integrity.AppIntegrityManagerService
07-16 00:44:29.251  1279  1608 D ActivityManagerTiming: OnBootPhase_1000_com.android.server.logcat.LogcatManagerService
07-16 00:44:29.251  1279  1608 D ActivityManagerTiming: OnBootPhase_1000_com.android.server.power.PowerOffAlarmService
07-16 00:44:29.251  1279  1608 V PowerOffAlarmService: onBootPhase PHASE_BOOT_COMPLETED
07-16 00:44:29.257  1279  1864 D AppStandbyController: Loaded headless system app cache in 8 ms: appIdleEnabled=false
07-16 00:44:29.258  1279  1608 I PowerOffAlarmService: Cancel power off alarm, Time: 1689526800000
07-16 00:44:29.261  1279  1608 D ActivityManagerTiming: OnBootPhase_1000_com.android.server.inputmethod.InputMethodManagerService$Lifecycle
07-16 00:44:29.262  1279  1608 D ActivityManagerTiming: OnBootPhase_1000_com.android.server.accessibility.AccessibilityManagerService$Lifecycle
07-16 00:44:29.262  1279  1608 D ActivityManagerTiming: OnBootPhase_1000_com.android.server.StorageManagerService$Lifecycle
07-16 00:44:29.262  1279  1608 D ActivityManagerTiming: OnBootPhase_1000_com.android.server.usage.StorageStatsService$Lifecycle
07-16 00:44:29.262  1279  1608 D ActivityManagerTiming: OnBootPhase_1000_com.android.server.UiModeManagerService
07-16 00:44:29.262  1279  1608 D ActivityManagerTiming: OnBootPhase_1000_com.android.server.locales.LocaleManagerService
07-16 00:44:29.262  1279  1608 D ActivityManagerTiming: OnBootPhase_1000_com.android.server.locksettings.LockSettingsService$Lifecycle
07-16 00:44:29.262  1279  1608 D ActivityManagerTiming: OnBootPhase_1000_com.android.server.PersistentDataBlockService
07-16 00:44:29.262  1279  1608 D ActivityManagerTiming: OnBootPhase_1000_com.android.server.testharness.TestHarnessModeService
07-16 00:44:29.262  1279  1608 D TestHarnessModeService: Completing Test Harness Mode setup.
07-16 00:44:29.264  1279  1951 D StorageManagerService: Thinking about init, mBootCompleted=true, mDaemonConnected=true
07-16 00:44:29.264  1279  1951 D StorageManagerService: Thinking about reset, mBootCompleted=true, mDaemonConnected=true
07-16 00:44:29.264  1279  1951 I StorageSessionController: Started resetting external storage service...
07-16 00:44:29.264  1279  1951 I StorageSessionController: Finished resetting external storage service
07-16 00:44:29.264  1279  1951 I StorageManagerService: Resetting vold...
07-16 00:44:29.265  1279  1951 I StorageManagerService: Reset vold
07-16 00:44:29.265  1279  1608 D ActivityManagerTiming: OnBootPhase_1000_com.android.server.oemlock.OemLockService
07-16 00:44:29.265  1279  1608 D ActivityManagerTiming: OnBootPhase_1000_com.android.server.DeviceIdleController
07-16 00:44:29.265  1279  1608 D ActivityManagerTiming: OnBootPhase_1000_com.android.server.devicepolicy.DevicePolicyManagerService$Lifecycle
07-16 00:44:29.265  1279  1608 D ActivityManagerTiming: OnBootPhase_1000_com.android.server.musicrecognition.MusicRecognitionManagerService
07-16 00:44:29.265  1279  1608 D ActivityManagerTiming: OnBootPhase_1000_com.android.server.contentcapture.ContentCaptureManagerService
07-16 00:44:29.265  1279  1608 D ActivityManagerTiming: OnBootPhase_1000_com.android.server.attention.AttentionManagerService
07-16 00:44:29.265  1279  1608 D ActivityManagerTiming: OnBootPhase_1000_com.android.server.rotationresolver.RotationResolverManagerService
07-16 00:44:29.265  1279  1608 D ActivityManagerTiming: OnBootPhase_1000_com.android.server.systemcaptions.SystemCaptionsManagerService
07-16 00:44:29.265  1279  1608 D ActivityManagerTiming: OnBootPhase_1000_com.android.server.texttospeech.TextToSpeechManagerService
07-16 00:44:29.265  1279  1608 D ActivityManagerTiming: OnBootPhase_1000_com.android.server.ambientcontext.AmbientContextManagerService
07-16 00:44:29.265  1279  1608 D ActivityManagerTiming: OnBootPhase_1000_com.android.server.speech.SpeechRecognitionManagerService
07-16 00:44:29.265  1279  1608 D ActivityManagerTiming: OnBootPhase_1000_com.android.server.appprediction.AppPredictionManagerService
07-16 00:44:29.265   676   676 I vold    : onUserAdded: 0
07-16 00:44:29.265  1279  1608 D ActivityManagerTiming: OnBootPhase_1000_com.android.server.contentsuggestions.ContentSuggestionsManagerService
07-16 00:44:29.265  1279  1608 D ActivityManagerTiming: OnBootPhase_1000_com.android.server.searchui.SearchUiManagerService
07-16 00:44:29.265  1279  1608 D ActivityManagerTiming: OnBootPhase_1000_com.android.server.smartspace.SmartspaceManagerService
07-16 00:44:29.265  1279  1608 D ActivityManagerTiming: OnBootPhase_1000_com.android.server.graphics.fonts.FontManagerService$Lifecycle
07-16 00:44:29.265  1279  1608 D ActivityManagerTiming: OnBootPhase_1000_com.android.server.textservices.TextServicesManagerService$Lifecycle
07-16 00:44:29.265  1279  1608 D ActivityManagerTiming: OnBootPhase_1000_com.android.server.textclassifier.TextClassificationManagerService$Lifecycle
07-16 00:44:29.265  1279  1608 D ActivityManagerTiming: OnBootPhase_1000_com.android.server.NetworkScoreService$Lifecycle
07-16 00:44:29.265  1279  1608 D ActivityManagerTiming: OnBootPhase_1000_com.android.server.NetworkStatsServiceInitializer
07-16 00:44:29.265  1279  1608 D ActivityManagerTiming: OnBootPhase_1000_com.android.server.wifi.WifiService
07-16 00:44:29.265  1279  1608 D ActivityManagerTiming: OnBootPhase_1000_com.android.server.wifi.scanner.WifiScanningService
07-16 00:44:29.265  1279  1608 D ActivityManagerTiming: OnBootPhase_1000_com.android.server.wifi.p2p.WifiP2pService
07-16 00:44:29.265  1279  1608 D ActivityManagerTiming: OnBootPhase_1000_com.android.server.ConnectivityServiceInitializer
07-16 00:44:29.268  1279  1608 E SystemServiceRegistry: Manager wrapper not available: contexthub
07-16 00:44:29.269  1279  1608 D ActivityManagerTiming: OnBootPhase_1000_com.android.server.notification.NotificationManagerService
07-16 00:44:29.269  1279  1608 D ActivityManagerTiming: OnBootPhase_1000_com.android.server.storage.DeviceStorageMonitorService
07-16 00:44:29.269  1279  1608 D ActivityManagerTiming: OnBootPhase_1000_com.android.server.location.LocationManagerService$Lifecycle
07-16 00:44:29.269  1279  1608 D ActivityManagerTiming: OnBootPhase_1000_com.android.server.timedetector.TimeDetectorService$Lifecycle
07-16 00:44:29.269  1279  1608 D ActivityManagerTiming: OnBootPhase_1000_com.android.server.timezonedetector.TimeZoneDetectorService$Lifecycle
07-16 00:44:29.269  1279  1608 D ActivityManagerTiming: OnBootPhase_1000_com.android.server.timezonedetector.location.LocationTimeZoneManagerService$Lifecycle
07-16 00:44:29.269  1279  1608 D ActivityManagerTiming: OnBootPhase_1000_com.android.server.search.SearchManagerService$Lifecycle
07-16 00:44:29.269  1279  1608 D ActivityManagerTiming: OnBootPhase_1000_com.android.server.wallpaper.WallpaperManagerService$Lifecycle
07-16 00:44:29.270  1279  1608 D ActivityManagerTiming: OnBootPhase_1000_com.android.server.wallpapereffectsgeneration.WallpaperEffectsGenerationManagerService
07-16 00:44:29.270  1279  1608 D ActivityManagerTiming: OnBootPhase_1000_com.android.server.audio.AudioService$Lifecycle
07-16 00:44:29.270  1279  1608 D ActivityManagerTiming: OnBootPhase_1000_com.android.server.soundtrigger_middleware.SoundTriggerMiddlewareService$Lifecycle
07-16 00:44:29.270  1279  1608 D ActivityManagerTiming: OnBootPhase_1000_com.android.server.DockObserver
07-16 00:44:29.270  1279  1608 D ActivityManagerTiming: OnBootPhase_1000_com.android.server.midi.MidiService$Lifecycle
07-16 00:44:29.270  1279  1608 D ActivityManagerTiming: OnBootPhase_1000_com.android.server.adb.AdbService$Lifecycle
07-16 00:44:29.270  1279  1608 D ActivityManagerTiming: OnBootPhase_1000_com.android.server.usb.UsbService$Lifecycle
07-16 00:44:29.270  1279  1608 D ActivityManagerTiming: OnBootPhase_1000_com.android.server.twilight.TwilightService
07-16 00:44:29.271  1279  1605 I UsbDeviceManager: Setting USB config to mtp
07-16 00:44:29.274  1279  2123 D SystemServerTiming: getUserSwitchability-0
07-16 00:44:29.274  1279  2123 D SystemServerTiming: TM.isInCall
07-16 00:44:29.275  1279  2123 D SystemServerTiming: hasUserRestriction-DISALLOW_USER_SWITCH
07-16 00:44:29.275  1279  2123 D SystemServerTiming: getInt-ALLOW_USER_SWITCHING_WHEN_SYSTEM_USER_LOCKED
07-16 00:44:29.275  1279  2123 D SystemServerTiming: isUserUnlocked-USER_SYSTEM
07-16 00:44:29.275  1279  1608 D ActivityManagerTiming: OnBootPhase_1000_com.android.server.display.color.ColorDisplayService
07-16 00:44:29.275  1279  1608 D ActivityManagerTiming: OnBootPhase_1000_com.android.server.job.JobSchedulerService
07-16 00:44:29.275  1279  1608 D ActivityManagerTiming: OnBootPhase_1000_com.android.server.soundtrigger.SoundTriggerService
07-16 00:44:29.275  1279  1608 D SoundTriggerService: onBootPhase: 1000 : false
07-16 00:44:29.275  1279  1608 D ActivityManagerTiming: OnBootPhase_1000_com.android.server.trust.TrustManagerService
07-16 00:44:29.276  1279  1608 D ActivityManagerTiming: OnBootPhase_1000_com.android.server.backup.BackupManagerService$Lifecycle
07-16 00:44:29.276  1279  1608 D ActivityManagerTiming: OnBootPhase_1000_com.android.server.appwidget.AppWidgetService
07-16 00:44:29.276  1279  1608 D ActivityManagerTiming: OnBootPhase_1000_com.android.server.voiceinteraction.VoiceInteractionManagerService
07-16 00:44:29.276  1279  1608 D ActivityManagerTiming: OnBootPhase_1000_com.android.server.apphibernation.AppHibernationService
07-16 00:44:29.276  1279  1608 D ActivityManagerTiming: OnBootPhase_1000_com.android.server.GestureLauncherService
07-16 00:44:29.276  1279  1608 D ActivityManagerTiming: OnBootPhase_1000_com.android.server.SensorNotificationService
07-16 00:44:29.277  1279  2972 I HibernationStateDiskStore: No hibernation file on disk for file /data/system/hibernation/states
07-16 00:44:29.279  1279  1608 D ActivityManagerTiming: OnBootPhase_1000_com.android.server.emergency.EmergencyAffordanceService
07-16 00:44:29.279  1279  1608 D ActivityManagerTiming: OnBootPhase_1000_com.android.server.blob.BlobStoreManagerService
07-16 00:44:29.280  1279  1608 D ActivityManagerTiming: OnBootPhase_1000_com.android.server.dreams.DreamManagerService
07-16 00:44:29.280  1279  1608 D ActivityManagerTiming: OnBootPhase_1000_com.android.server.print.PrintManagerService
07-16 00:44:29.280  1279  1608 D ActivityManagerTiming: OnBootPhase_1000_com.android.server.security.AttestationVerificationManagerService
07-16 00:44:29.280  1279  1608 D ActivityManagerTiming: OnBootPhase_1000_com.android.server.companion.CompanionDeviceManagerService
07-16 00:44:29.280  1279  1608 I CompanionDeviceManagerService: Scheduling the Association Removal job
07-16 00:44:29.280  1279  1608 D ActivityManagerTiming: OnBootPhase_1000_com.android.server.companion.virtual.VirtualDeviceManagerService
07-16 00:44:29.280  1279  1608 D ActivityManagerTiming: OnBootPhase_1000_com.android.server.restrictions.RestrictionsManagerService
07-16 00:44:29.280  1279  1608 D ActivityManagerTiming: OnBootPhase_1000_com.android.server.media.MediaSessionService
07-16 00:44:29.282  1279  1608 D ActivityManagerTiming: OnBootPhase_1000_com.android.server.media.MediaResourceMonitorService
07-16 00:44:29.282  1279  1608 D ActivityManagerTiming: OnBootPhase_1000_com.android.server.biometrics.sensors.face.FaceService
07-16 00:44:29.282  1279  1608 D ActivityManagerTiming: OnBootPhase_1000_com.android.server.biometrics.sensors.fingerprint.FingerprintService
07-16 00:44:29.282  1279  1608 D ActivityManagerTiming: OnBootPhase_1000_com.android.server.biometrics.BiometricService
07-16 00:44:29.282  1279  1608 D ActivityManagerTiming: OnBootPhase_1000_com.android.server.biometrics.AuthService
07-16 00:44:29.282  1279  1608 D ActivityManagerTiming: OnBootPhase_1000_com.android.server.pm.ShortcutService$Lifecycle
07-16 00:44:29.282  1279  1608 D ActivityManagerTiming: OnBootPhase_1000_com.android.server.pm.LauncherAppsService
07-16 00:44:29.282  1279  1608 D ActivityManagerTiming: OnBootPhase_1000_com.android.server.pm.CrossProfileAppsService
07-16 00:44:29.282  1279  1608 D ActivityManagerTiming: OnBootPhase_1000_com.android.server.people.PeopleService
07-16 00:44:29.282  1279  1608 D ActivityManagerTiming: OnBootPhase_1000_com.android.server.media.metrics.MediaMetricsManagerService
07-16 00:44:29.282  1279  1608 D ActivityManagerTiming: OnBootPhase_1000_com.android.server.vibrator.LinearmotorVibratorService
07-16 00:44:29.282  1279  1608 D ActivityManagerTiming: OnBootPhase_1000_com.android.server.custom.LineageHardwareService
07-16 00:44:29.283  1279  1608 D ActivityManagerTiming: OnBootPhase_1000_com.android.server.custom.globalactions.CustomGlobalActionsService
07-16 00:44:29.283  1279  1608 D ActivityManagerTiming: OnBootPhase_1000_com.android.server.custom.display.LiveDisplayService
07-16 00:44:29.289  1279  2123 I Telecom : PhoneAccountRegistrar: Modify account: [ComponentInfo{com.android.phone/com.android.services.telephony.TelephonyConnectionService}, E, UserHandle{0}]: TSI.rPA@ABI
07-16 00:44:29.290  1279  2123 I Telecom : CallsManager: handlePhoneAccountChanged: phoneAccount=[[X] PhoneAccount: ComponentInfo{com.android.phone/com.android.services.telephony.TelephonyConnectionService}, E, UserHandle{0} Capabilities: SuppVideo CallProvider MultiUser PlaceEmerg SimSub  Audio Routes: BESW Schemes: tel voicemail  Extras: Bundle[{android.telecom.extra.SUPPORTS_VIDEO_CALLING_FALLBACK=true}] GroupId: ***]: TSI.rPA@ABI
07-16 00:44:29.291  1279  1620 I ActivityManager: Start proc 2973:com.qualcomm.qti.poweroffalarm/u0a123 for broadcast {com.qualcomm.qti.poweroffalarm/com.qualcomm.qti.poweroffalarm.PowerOffAlarmBroadcastReceiver}
07-16 00:44:29.300  1279  2123 I Telecom : PhoneAccountRegistrar: getSimCallManager: SimCallManager for subId 1 queried, returning: null: TSI.rPA@ABI
07-16 00:44:29.300  1279  2123 I Telecom : PhoneAccountRegistrar: Notifying telephony of voice service override change for 1 SIMs, hasService = false: TSI.rPA@ABI
07-16 00:44:29.314  1279  1279 E AppOps  : attributionTag twilight not declared in manifest of android
07-16 00:44:29.315  1279  1608 D ActivityManagerTiming: OnBootPhase_1000_com.android.server.media.projection.MediaProjectionManagerService
07-16 00:44:29.316  1279  1608 D ActivityManagerTiming: OnBootPhase_1000_com.android.server.slice.SliceManagerService$Lifecycle
07-16 00:44:29.316  1279  1608 D ActivityManagerTiming: OnBootPhase_1000_com.android.server.stats.StatsCompanion$Lifecycle
07-16 00:44:29.320  1279  1608 D ActivityManagerTiming: OnBootPhase_1000_com.android.server.scheduling.RebootReadinessManagerService$Lifecycle
07-16 00:44:29.321  1279  1608 D ActivityManagerTiming: OnBootPhase_1000_com.android.server.stats.pull.StatsPullAtomService
07-16 00:44:29.321  1279  1608 D ActivityManagerTiming: OnBootPhase_1000_com.android.server.stats.bootstrap.StatsBootstrapAtomService$Lifecycle
07-16 00:44:29.321  1279  1608 D ActivityManagerTiming: OnBootPhase_1000_com.android.server.incident.IncidentCompanionService
07-16 00:44:29.321  1279  1608 D ActivityManagerTiming: OnBootPhase_1000_com.android.server.sdksandbox.SdkSandboxManagerService$Lifecycle
07-16 00:44:29.321  1279  1608 D ActivityManagerTiming: OnBootPhase_1000_com.android.server.adservices.AdServicesManagerService$Lifecycle
07-16 00:44:29.321  1279  1608 D ActivityManagerTiming: OnBootPhase_1000_com.android.server.MmsServiceBroker
07-16 00:44:29.321  1279  1608 D ActivityManagerTiming: OnBootPhase_1000_com.android.server.autofill.AutofillManagerService
07-16 00:44:29.321  1279  1608 D ActivityManagerTiming: OnBootPhase_1000_com.android.server.translation.TranslationManagerService
07-16 00:44:29.321  1279  1608 D ActivityManagerTiming: OnBootPhase_1000_com.android.server.clipboard.ClipboardService
07-16 00:44:29.321  1279  1608 D ActivityManagerTiming: OnBootPhase_1000_com.android.server.appbinding.AppBindingService$Lifecycle
07-16 00:44:29.321  1279  1608 D ActivityManagerTiming: OnBootPhase_1000_com.android.server.tracing.TracingServiceProxy
07-16 00:44:29.321  1279  1608 D ActivityManagerTiming: OnBootPhase_1000_com.android.server.policy.PermissionPolicyService
07-16 00:44:29.321  1279  1608 D ActivityManagerTiming: OnBootPhase_1000_com.android.server.pm.StagingManager$Lifecycle
07-16 00:44:29.324  1279  1608 D ActivityManagerTiming: OnBootPhase_1000_com.android.server.app.GameManagerService$Lifecycle
07-16 00:44:29.324  1279  1608 D GameManagerService: onBootCompleted
07-16 00:44:29.324  1279  1608 D ActivityManagerTiming: OnBootPhase_1000_com.android.safetycenter.SafetyCenterService
07-16 00:44:29.324  1279  1608 D ActivityManagerTiming: OnBootPhase_1000_com.android.server.appsearch.AppSearchModule$Lifecycle
07-16 00:44:29.325  1279  1608 D ActivityManagerTiming: OnBootPhase_1000_com.android.server.media.MediaCommunicationService
07-16 00:44:29.325  1279  1608 D ActivityManagerTiming: OnBootPhase_1000_com.android.server.compat.overrides.AppCompatOverridesService$Lifecycle
07-16 00:44:29.325  1279  1608 V ActivityManagerTiming: TotalBootTime took to complete: 6687ms
07-16 00:44:29.325  1279  2123 W ContextImpl: Calling a method in the system process without a qualified user: android.app.ContextImpl.sendBroadcastMultiplePermissions:1228 com.android.server.TelephonyRegistry.broadcastServiceStateChanged:3085 com.android.server.TelephonyRegistry.notifyServiceStateForPhoneId:1616 com.android.internal.telephony.ITelephonyRegistry$Stub.onTransact:492 android.os.Binder.execTransactInternal:1280 
07-16 00:44:29.325  1279  1608 D SystemServerInitThreadPool: Shutdown requested
07-16 00:44:29.325  1279  1608 D SystemServerTiming: WaitInitThreadPoolShutdown
07-16 00:44:29.327  1279  1608 D SystemServerInitThreadPool: Shutdown successful
07-16 00:44:29.327  1279  1619 W BroadcastQueue: Permission Denial: receiving Intent { act=android.intent.action.SERVICE_STATE flg=0x1000010 (has extras) } to ProcessRecord{89e55ea 2197:com.android.systemui/u0a149} (pid=2197, uid=10149) requires android.permission.ACCESS_FINE_LOCATION due to sender android (uid 1001)
07-16 00:44:29.327  1279  2123 W ContextImpl: Calling a method in the system process without a qualified user: android.app.ContextImpl.sendBroadcastMultiplePermissions:1278 android.content.Context.sendBroadcastMultiplePermissions:2272 com.android.server.TelephonyRegistry.broadcastServiceStateChanged:3089 com.android.server.TelephonyRegistry.notifyServiceStateForPhoneId:1616 com.android.internal.telephony.ITelephonyRegistry$Stub.onTransact:492 
07-16 00:44:29.330  1279  1608 I ActivityManager: User 0 state changed from BOOTING to RUNNING_LOCKED
07-16 00:44:29.330  1279  1608 W ActivityManager: UserLifecycleEvent 4 received without an active userJourneySession.
07-16 00:44:29.333  1279  1608 D StorageManagerService: unlockUserKey: 0 isFileEncryptedNativeOrEmulated: true hasSecret: false
07-16 00:44:29.333  1279  1608 D StorageManagerService: Not unlocking user 0's CE storage yet because a secret is needed
07-16 00:44:29.333  1279  1608 D SystemServerTiming: finishUserUnlocking-0
07-16 00:44:29.333  1279  1608 W ActivityManager: UserLifecycleEvent 5 received without an active userJourneySession.
07-16 00:44:29.334  1279  2123 W ContextImpl: Calling a method in the system process without a qualified user: android.app.ContextImpl.sendBroadcastMultiplePermissions:1278 android.content.Context.sendBroadcastMultiplePermissions:2272 com.android.server.TelephonyRegistry.broadcastServiceStateChanged:3096 com.android.server.TelephonyRegistry.notifyServiceStateForPhoneId:1616 com.android.internal.telephony.ITelephonyRegistry$Stub.onTransact:492 
07-16 00:44:29.335  1279  1619 W BroadcastQueue: Permission Denial: receiving Intent { act=android.intent.action.SERVICE_STATE flg=0x1000010 (has extras) } to ProcessRecord{89e55ea 2197:com.android.systemui/u0a149} (pid=2197, uid=10149) requires android.permission.ACCESS_FINE_LOCATION due to sender android (uid 1001)
07-16 00:44:29.336  1279  2123 W ContextImpl: Calling a method in the system process without a qualified user: android.app.ContextImpl.sendBroadcastMultiplePermissions:1278 android.content.Context.sendBroadcastMultiplePermissions:2272 com.android.server.TelephonyRegistry.broadcastServiceStateChanged:3100 com.android.server.TelephonyRegistry.notifyServiceStateForPhoneId:1616 com.android.internal.telephony.ITelephonyRegistry$Stub.onTransact:492 
07-16 00:44:29.337  1279  1619 W BroadcastQueue: Appop Denial: receiving Intent { act=android.intent.action.SERVICE_STATE flg=0x1000010 (has extras) } to ProcessRecord{89e55ea 2197:com.android.systemui/u0a149} (pid=2197, uid=10149) excludes appop android:read_phone_state due to sender android (uid 1001)
07-16 00:44:29.337  1279  1608 D ColorDisplayService: setUp: currentUser=0
07-16 00:44:29.360  1279  1620 I ActivityManager: Start proc 2997:com.google.android.apps.wellbeing/u0a92 for on-hold
07-16 00:44:29.360  1279  1985 E NetworkPolicy: Missing subscriberId for subId 1
07-16 00:44:29.363  1279  1608 D ColorDisplayService: onNightDisplayAutoModeChanged: autoMode=0
07-16 00:44:29.363  1279  1608 I ColorDisplayService: Turning off night display
07-16 00:44:29.363  1279  1608 D ColorDisplayService: Setting bright color reduction level: 50
07-16 00:44:29.363  1279  1608 I ColorDisplayService: Turning off reduce bright colors
07-16 00:44:29.364  1279  1686 I DisplayPowerController[0]: BrightnessEvent: disp=0, physDisp=local:4630946253560767361, brt=0.0, initBrt=0.0, rcmdBrt=NaN, preBrt=0.0, lux=NaN, preLux=0.0, hbmMax=1.0, hbmMode=off, rbcStrength=50, powerFactor=1.0, thrmMax=1.0, wasShortTermModelActive=false, flags=invalid_lux , reason=manual, autoBrightness=true
07-16 00:44:29.383  1279  1617 W GameServiceProviderSelector: No available game service found for user id: 0
07-16 00:44:29.391  1279  1617 E StatsPullAtomService: subInfo of subId 1 is invalid, ignored.
07-16 00:44:29.392  1279  1998 D SystemServerTiming: getUserSwitchability-0
07-16 00:44:29.392  1279  1998 D SystemServerTiming: TM.isInCall
07-16 00:44:29.393  1279  1417 D SystemServerTiming: getUserSwitchability-0
07-16 00:44:29.393  1279  1417 D SystemServerTiming: TM.isInCall
07-16 00:44:29.393  1279  1998 D SystemServerTiming: hasUserRestriction-DISALLOW_USER_SWITCH
07-16 00:44:29.393  1279  1998 D SystemServerTiming: getInt-ALLOW_USER_SWITCHING_WHEN_SYSTEM_USER_LOCKED
07-16 00:44:29.393  1279  1998 D SystemServerTiming: isUserUnlocked-USER_SYSTEM
07-16 00:44:29.393  1279  1417 D SystemServerTiming: hasUserRestriction-DISALLOW_USER_SWITCH
07-16 00:44:29.393  1279  1417 D SystemServerTiming: getInt-ALLOW_USER_SWITCHING_WHEN_SYSTEM_USER_LOCKED
07-16 00:44:29.393  1279  1417 D SystemServerTiming: isUserUnlocked-USER_SYSTEM
07-16 00:44:29.393  1279  1417 D SystemServerTiming: getUserSwitchability-0
07-16 00:44:29.393  1279  1417 D SystemServerTiming: TM.isInCall
07-16 00:44:29.394  1279  1417 D SystemServerTiming: hasUserRestriction-DISALLOW_USER_SWITCH
07-16 00:44:29.394  1279  1417 D SystemServerTiming: getInt-ALLOW_USER_SWITCHING_WHEN_SYSTEM_USER_LOCKED
07-16 00:44:29.394  1279  1417 D SystemServerTiming: isUserUnlocked-USER_SYSTEM
07-16 00:44:29.394  1279  1998 D SystemServerTiming: getUserSwitchability-0
07-16 00:44:29.394  1279  1998 D SystemServerTiming: TM.isInCall
07-16 00:44:29.394  1279  1998 D SystemServerTiming: hasUserRestriction-DISALLOW_USER_SWITCH
07-16 00:44:29.394  1279  1998 D SystemServerTiming: getInt-ALLOW_USER_SWITCHING_WHEN_SYSTEM_USER_LOCKED
07-16 00:44:29.394  1279  1998 D SystemServerTiming: isUserUnlocked-USER_SYSTEM
07-16 00:44:29.404  1279  1985 E NetworkPolicy: Missing subscriberId for subId 1
07-16 00:44:29.408  1279  1617 E StatsPullAtomService: subInfo of subId 1 is invalid, ignored.
07-16 00:44:29.414  1279  2134 W ContextImpl: Calling a method in the system process without a qualified user: android.app.ContextImpl.sendBroadcastMultiplePermissions:1228 com.android.server.TelephonyRegistry.broadcastServiceStateChanged:3085 com.android.server.TelephonyRegistry.notifyServiceStateForPhoneId:1616 com.android.internal.telephony.ITelephonyRegistry$Stub.onTransact:492 android.os.Binder.execTransactInternal:1280 
07-16 00:44:29.415  1279  2134 W ContextImpl: Calling a method in the system process without a qualified user: android.app.ContextImpl.sendBroadcastMultiplePermissions:1278 android.content.Context.sendBroadcastMultiplePermissions:2272 com.android.server.TelephonyRegistry.broadcastServiceStateChanged:3089 com.android.server.TelephonyRegistry.notifyServiceStateForPhoneId:1616 com.android.internal.telephony.ITelephonyRegistry$Stub.onTransact:492 
07-16 00:44:29.415  1279  1619 W BroadcastQueue: Permission Denial: receiving Intent { act=android.intent.action.SERVICE_STATE flg=0x1000010 (has extras) } to ProcessRecord{89e55ea 2197:com.android.systemui/u0a149} (pid=2197, uid=10149) requires android.permission.ACCESS_FINE_LOCATION due to sender android (uid 1001)
07-16 00:44:29.415  1279  1619 W BroadcastQueue: Permission Denial: receiving Intent { act=android.intent.action.SERVICE_STATE flg=0x1000010 (has extras) } to ProcessRecord{89e55ea 2197:com.android.systemui/u0a149} (pid=2197, uid=10149) requires android.permission.ACCESS_FINE_LOCATION due to sender android (uid 1001)
07-16 00:44:29.416  1279  2134 W ContextImpl: Calling a method in the system process without a qualified user: android.app.ContextImpl.sendBroadcastMultiplePermissions:1278 android.content.Context.sendBroadcastMultiplePermissions:2272 com.android.server.TelephonyRegistry.broadcastServiceStateChanged:3096 com.android.server.TelephonyRegistry.notifyServiceStateForPhoneId:1616 com.android.internal.telephony.ITelephonyRegistry$Stub.onTransact:492 
07-16 00:44:29.416  1279  2134 W ContextImpl: Calling a method in the system process without a qualified user: android.app.ContextImpl.sendBroadcastMultiplePermissions:1278 android.content.Context.sendBroadcastMultiplePermissions:2272 com.android.server.TelephonyRegistry.broadcastServiceStateChanged:3100 com.android.server.TelephonyRegistry.notifyServiceStateForPhoneId:1616 com.android.internal.telephony.ITelephonyRegistry$Stub.onTransact:492 
07-16 00:44:29.417  1279  1619 W BroadcastQueue: Appop Denial: receiving Intent { act=android.intent.action.SERVICE_STATE flg=0x1000010 (has extras) } to ProcessRecord{89e55ea 2197:com.android.systemui/u0a149} (pid=2197, uid=10149) excludes appop android:read_phone_state due to sender android (uid 1001)
07-16 00:44:29.435   730   730 E keystore2: keystore2::error: In read_keystore_crash_count: Property not set.
07-16 00:44:29.436  1279  2045 E StatsPullAtomService: pulling keystore metrics failed
07-16 00:44:29.436  1279  2045 E StatsPullAtomService: android.os.ServiceSpecificException: In read_keystore_crash_count: Property not set. (code 4)
07-16 00:44:29.436  1279  2045 E StatsPullAtomService: 	at android.os.Parcel.createExceptionOrNull(Parcel.java:3025)
07-16 00:44:29.436  1279  2045 E StatsPullAtomService: 	at android.os.Parcel.createException(Parcel.java:2995)
07-16 00:44:29.436  1279  2045 E StatsPullAtomService: 	at android.os.Parcel.readException(Parcel.java:2978)
07-16 00:44:29.436  1279  2045 E StatsPullAtomService: 	at android.os.Parcel.readException(Parcel.java:2920)
07-16 00:44:29.436  1279  2045 E StatsPullAtomService: 	at android.security.metrics.IKeystoreMetrics$Stub$Proxy.pullMetrics(IKeystoreMetrics.java:135)
07-16 00:44:29.436  1279  2045 E StatsPullAtomService: 	at com.android.server.stats.pull.StatsPullAtomService.pullKeystoreAtoms(StatsPullAtomService.java:4485)
07-16 00:44:29.436  1279  2045 E StatsPullAtomService: 	at com.android.server.stats.pull.StatsPullAtomService$StatsPullAtomCallbackImpl.onPullAtom(StatsPullAtomService.java:734)
07-16 00:44:29.436  1279  2045 E StatsPullAtomService: 	at android.app.StatsManager$PullAtomCallbackInternal.lambda$onPullAtom$0$android-app-StatsManager$PullAtomCallbackInternal(StatsManager.java:566)
07-16 00:44:29.436  1279  2045 E StatsPullAtomService: 	at android.app.StatsManager$PullAtomCallbackInternal$$ExternalSyntheticLambda0.run(Unknown Source:6)
07-16 00:44:29.436  1279  2045 E StatsPullAtomService: 	at com.android.internal.util.ConcurrentUtils$DirectExecutor.execute(ConcurrentUtils.java:141)
07-16 00:44:29.436  1279  2045 E StatsPullAtomService: 	at android.app.StatsManager$PullAtomCallbackInternal.onPullAtom(StatsManager.java:564)
07-16 00:44:29.436  1279  2045 E StatsPullAtomService: 	at android.os.IPullAtomCallback$Stub.onTransact(IPullAtomCallback.java:72)
07-16 00:44:29.436  1279  2045 E StatsPullAtomService: 	at android.os.Binder.execTransactInternal(Binder.java:1285)
07-16 00:44:29.436  1279  2045 E StatsPullAtomService: 	at android.os.Binder.execTransact(Binder.java:1244)
07-16 00:44:29.439  1279  2123 W ActivityManager: Unable to start service Intent { act=android.service.quickaccesswallet.QuickAccessWalletService cmp=com.google.android.gms/.tapandpay.globalactions.WalletQuickAccessWalletService } U=0: not found
07-16 00:44:29.439   730   730 E keystore2: keystore2::metrics_store: In pull_attestation_pool_stats: Failed to retrieve pool status for security level: SecurityLevel(2)
07-16 00:44:29.447  1279  1686 V DisplayPowerController[0]: Brightness [0.08606581] reason changing to: 'automatic', previous reason: 'manual'.
07-16 00:44:29.447  1279  1686 I DisplayPowerController[0]: BrightnessEvent: disp=0, physDisp=local:4630946253560767361, brt=0.08606581, initBrt=0.0, rcmdBrt=0.08606581, preBrt=NaN, lux=20.0, preLux=0.0, hbmMax=1.0, hbmMode=off, rbcStrength=50, powerFactor=1.0, thrmMax=1.0, wasShortTermModelActive=false, flags=, reason=automatic, autoBrightness=true
07-16 00:44:29.447  1279  1686 I DisplayPowerController[0]: BrightnessEvent: disp=0, physDisp=local:4630946253560767361, brt=0.08606581, initBrt=0.08606581, rcmdBrt=0.08606581, preBrt=NaN, lux=20.0, preLux=0.0, hbmMax=1.0, hbmMode=off, rbcStrength=50, powerFactor=1.0, thrmMax=1.0, wasShortTermModelActive=false, flags=, reason=automatic, autoBrightness=true
07-16 00:44:29.448  1279  1279 I BrightnessSynchronizer: [5] New Update 0.08606581(f) set brightness values:  23(i)
07-16 00:44:29.448  1279  1279 I BrightnessSynchronizer: New PendingUpdate: {[6] 0.08606581(f), mUpdatedTypes=0, mConfirmedTypes=0, mTimeUpdated=0}, prev=null
07-16 00:44:29.448  1279  1279 I BrightnessSynchronizer: Swallowing update of 23(i) by update: {[5] 0.08606581(f), mUpdatedTypes=1, mConfirmedTypes=1, mTimeUpdated=16039}
07-16 00:44:29.448  1279  1279 I BrightnessSynchronizer: Completed Update: {[5] 0.08606581(f), mUpdatedTypes=1, mConfirmedTypes=1, mTimeUpdated=16039}
07-16 00:44:29.502  1279  1985 E NetworkPolicy: Missing subscriberId for subId 1
07-16 00:44:29.504  1279  1617 E StatsPullAtomService: subInfo of subId 1 is invalid, ignored.
07-16 00:44:29.509  1279  1952 W ContextImpl: Calling a method in the system process without a qualified user: android.app.ContextImpl.sendBroadcastMultiplePermissions:1228 com.android.server.TelephonyRegistry.broadcastServiceStateChanged:3085 com.android.server.TelephonyRegistry.notifyServiceStateForPhoneId:1616 com.android.internal.telephony.ITelephonyRegistry$Stub.onTransact:492 android.os.Binder.execTransactInternal:1280 
07-16 00:44:29.510  1279  1952 W ContextImpl: Calling a method in the system process without a qualified user: android.app.ContextImpl.sendBroadcastMultiplePermissions:1278 android.content.Context.sendBroadcastMultiplePermissions:2272 com.android.server.TelephonyRegistry.broadcastServiceStateChanged:3089 com.android.server.TelephonyRegistry.notifyServiceStateForPhoneId:1616 com.android.internal.telephony.ITelephonyRegistry$Stub.onTransact:492 
07-16 00:44:29.510  1279  1619 W BroadcastQueue: Permission Denial: receiving Intent { act=android.intent.action.SERVICE_STATE flg=0x1000010 (has extras) } to ProcessRecord{89e55ea 2197:com.android.systemui/u0a149} (pid=2197, uid=10149) requires android.permission.ACCESS_FINE_LOCATION due to sender android (uid 1001)
07-16 00:44:29.511  1279  1619 W BroadcastQueue: Permission Denial: receiving Intent { act=android.intent.action.SERVICE_STATE flg=0x1000010 (has extras) } to ProcessRecord{89e55ea 2197:com.android.systemui/u0a149} (pid=2197, uid=10149) requires android.permission.ACCESS_FINE_LOCATION due to sender android (uid 1001)
07-16 00:44:29.511  1279  1952 W ContextImpl: Calling a method in the system process without a qualified user: android.app.ContextImpl.sendBroadcastMultiplePermissions:1278 android.content.Context.sendBroadcastMultiplePermissions:2272 com.android.server.TelephonyRegistry.broadcastServiceStateChanged:3096 com.android.server.TelephonyRegistry.notifyServiceStateForPhoneId:1616 com.android.internal.telephony.ITelephonyRegistry$Stub.onTransact:492 
07-16 00:44:29.511  1279  1952 W ContextImpl: Calling a method in the system process without a qualified user: android.app.ContextImpl.sendBroadcastMultiplePermissions:1278 android.content.Context.sendBroadcastMultiplePermissions:2272 com.android.server.TelephonyRegistry.broadcastServiceStateChanged:3100 com.android.server.TelephonyRegistry.notifyServiceStateForPhoneId:1616 com.android.internal.telephony.ITelephonyRegistry$Stub.onTransact:492 
07-16 00:44:29.513  1279  1619 W BroadcastQueue: Appop Denial: receiving Intent { act=android.intent.action.SERVICE_STATE flg=0x1000010 (has extras) } to ProcessRecord{89e55ea 2197:com.android.systemui/u0a149} (pid=2197, uid=10149) excludes appop android:read_phone_state due to sender android (uid 1001)
07-16 00:44:29.634  2378  3042 D ActivityThread: Loading provider com.android.bluetooth.opp: com.android.bluetooth.opp.BluetoothOppProvider
07-16 00:44:29.660  1279  1279 V ConditionProviders: 0 condition provider service connected: ComponentInfo{com.google.android.apps.wellbeing/com.google.android.apps.wellbeing.dnd.impl.DndConditionProviderService}
07-16 00:44:29.681  1279  1952 I Telecom : PhoneAccountRegistrar: Modify account: [ComponentInfo{com.android.phone/com.android.services.telephony.TelephonyConnectionService}, E, UserHandle{0}]: TSI.rPA@ABw
07-16 00:44:29.682  1279  1952 I Telecom : CallsManager: handlePhoneAccountChanged: phoneAccount=[[X] PhoneAccount: ComponentInfo{com.android.phone/com.android.services.telephony.TelephonyConnectionService}, E, UserHandle{0} Capabilities: SuppVideo CallProvider MultiUser PlaceEmerg SimSub  Audio Routes: BESW Schemes: tel voicemail  Extras: Bundle[{android.telecom.extra.SUPPORTS_VIDEO_CALLING_FALLBACK=true}] GroupId: ***]: TSI.rPA@ABw
07-16 00:44:29.685  1279  1952 I Telecom : PhoneAccountRegistrar: getSimCallManager: SimCallManager for subId 1 queried, returning: null: TSI.rPA@ABw
07-16 00:44:29.685  1279  1952 I Telecom : PhoneAccountRegistrar: Notifying telephony of voice service override change for 1 SIMs, hasService = false: TSI.rPA@ABw
07-16 00:44:29.697  1279  1952 W ActivityManager: Unable to start service Intent { act=com.google.android.gms.phenotype.service.START pkg=com.google.android.gms } U=0: not found
07-16 00:44:29.698  1279  1952 W ActivityManager: Unbind failed: could not find connection for android.os.BinderProxy@9210d14
07-16 00:44:29.704  1279  2133 W ActivityManager: Unable to start service Intent { act=com.google.android.gms.phenotype.service.START pkg=com.google.android.gms } U=0: not found
07-16 00:44:29.706  1279  2134 W ActivityManager: Unbind failed: could not find connection for android.os.BinderProxy@87cf0a
07-16 00:44:29.708  1279  1620 I ActivityManager: Start proc 3066:com.google.android.gms.persistent/u0a106 for broadcast {com.google.android.gms/com.google.android.gms.chimera.GmsIntentOperationService$PersistentTrustedReceiver}
07-16 00:44:29.781  1279  2134 I Telecom : PhoneAccountRegistrar: Modify account: [ComponentInfo{com.android.phone/com.android.services.telephony.TelephonyConnectionService}, E, UserHandle{0}]: TSI.rPA@AB4
07-16 00:44:29.782  1279  2134 I Telecom : CallsManager: handlePhoneAccountChanged: phoneAccount=[[X] PhoneAccount: ComponentInfo{com.android.phone/com.android.services.telephony.TelephonyConnectionService}, E, UserHandle{0} Capabilities: SuppVideo CallProvider MultiUser PlaceEmerg SimSub  Audio Routes: BESW Schemes: tel voicemail  Extras: Bundle[{android.telecom.extra.SUPPORTS_VIDEO_CALLING_FALLBACK=true}] GroupId: ***]: TSI.rPA@AB4
07-16 00:44:29.786  1279  2134 I Telecom : PhoneAccountRegistrar: getSimCallManager: SimCallManager for subId 1 queried, returning: null: TSI.rPA@AB4
07-16 00:44:29.786  1279  2134 I Telecom : PhoneAccountRegistrar: Notifying telephony of voice service override change for 1 SIMs, hasService = false: TSI.rPA@AB4
07-16 00:44:29.787  1279  1279 I Telecom : BluetoothDeviceManager: Got BluetoothHeadset: android.bluetooth.BluetoothHeadset@522a509: BMSL.oSC@AB8
07-16 00:44:29.793  1279  1279 I Telecom : BluetoothDeviceManager: Got BluetoothHearingAid: android.bluetooth.BluetoothHearingAid@bff330e: BMSL.oSC@ACE
07-16 00:44:29.818  1279  1620 I ActivityManager: Start proc 3101:com.google.android.flipendo/u0a151 for broadcast {com.google.android.flipendo/com.google.android.flipendo.receiver.LockedBootCompletedBroadcastReceiver}
07-16 00:44:29.866  1279  2134 I Telecom : PhoneAccountRegistrar: Modify account: [ComponentInfo{com.android.phone/com.android.services.telephony.TelephonyConnectionService}, E, UserHandle{0}]: TSI.rPA@ACI
07-16 00:44:29.867  1279  2134 I Telecom : CallsManager: handlePhoneAccountChanged: phoneAccount=[[X] PhoneAccount: ComponentInfo{com.android.phone/com.android.services.telephony.TelephonyConnectionService}, E, UserHandle{0} Capabilities: SuppVideo CallProvider MultiUser PlaceEmerg SimSub  Audio Routes: BESW Schemes: tel voicemail  Extras: Bundle[{android.telecom.extra.SUPPORTS_VIDEO_CALLING_FALLBACK=true}] GroupId: ***]: TSI.rPA@ACI
07-16 00:44:29.869  1279  1686 I DisplayPowerController[0]: BrightnessEvent: disp=0, physDisp=local:4630946253560767361, brt=0.08606581, initBrt=0.08606581, rcmdBrt=0.08606581, preBrt=NaN, lux=20.0, preLux=0.0, hbmMax=1.0, hbmMode=off, rbcStrength=50, powerFactor=1.0, thrmMax=1.0, wasShortTermModelActive=false, flags=, reason=automatic, autoBrightness=true
07-16 00:44:29.873  1279  2134 I Telecom : PhoneAccountRegistrar: getSimCallManager: SimCallManager for subId 1 queried, returning: null: TSI.rPA@ACI
07-16 00:44:29.873  1279  2134 I Telecom : PhoneAccountRegistrar: Notifying telephony of voice service override change for 1 SIMs, hasService = false: TSI.rPA@ACI
07-16 00:44:29.912  1279  1620 I ActivityManager: Start proc 3128:com.google.android.dialer/u0a97 for broadcast {com.google.android.dialer/com.android.dialer.app.calllog.LegacyVoicemailNotificationReceiver_Receiver}
07-16 00:44:29.984  1279  1952 I Telecom : PhoneAccountRegistrar: Modify account: [ComponentInfo{com.android.phone/com.android.services.telephony.TelephonyConnectionService}, E, UserHandle{0}]: TSI.rPA@ACg
07-16 00:44:29.984  1279  1952 I Telecom : CallsManager: handlePhoneAccountChanged: phoneAccount=[[X] PhoneAccount: ComponentInfo{com.android.phone/com.android.services.telephony.TelephonyConnectionService}, E, UserHandle{0} Capabilities: SuppVideo CallProvider MultiUser PlaceEmerg SimSub  Audio Routes: BESW Schemes: tel voicemail  Extras: Bundle[{android.telecom.extra.SUPPORTS_VIDEO_CALLING_FALLBACK=true}] GroupId: ***]: TSI.rPA@ACg
07-16 00:44:29.991  1279  1952 I Telecom : PhoneAccountRegistrar: getSimCallManager: SimCallManager for subId 1 queried, returning: null: TSI.rPA@ACg
07-16 00:44:29.991  1279  1952 I Telecom : PhoneAccountRegistrar: Notifying telephony of voice service override change for 1 SIMs, hasService = false: TSI.rPA@ACg
07-16 00:44:30.060  1279  2133 I Telecom : PhoneAccountRegistrar: Modify account: [ComponentInfo{com.android.phone/com.android.services.telephony.TelephonyConnectionService}, E, UserHandle{0}]: TSI.rPA@ACo
07-16 00:44:30.062  1279  2133 I Telecom : CallsManager: handlePhoneAccountChanged: phoneAccount=[[X] PhoneAccount: ComponentInfo{com.android.phone/com.android.services.telephony.TelephonyConnectionService}, E, UserHandle{0} Capabilities: SuppVideo CallProvider MultiUser PlaceEmerg SimSub  Audio Routes: BESW Schemes: tel voicemail  Extras: Bundle[{android.telecom.extra.SUPPORTS_VIDEO_CALLING_FALLBACK=true}] GroupId: ***]: TSI.rPA@ACo
07-16 00:44:30.064  1279  2133 I Telecom : PhoneAccountRegistrar: getSimCallManager: SimCallManager for subId 1 queried, returning: null: TSI.rPA@ACo
07-16 00:44:30.064  1279  2133 I Telecom : PhoneAccountRegistrar: Notifying telephony of voice service override change for 1 SIMs, hasService = false: TSI.rPA@ACo
07-16 00:44:30.120  1279  1620 I ActivityManager: Start proc 3164:com.google.android.marvin.talkback/u0a134 for broadcast {com.google.android.marvin.talkback/com.google.android.accessibility.talkback.BootReceiver}
07-16 00:44:30.127  1279  2133 I Telecom : PhoneAccountRegistrar: Modify account: [ComponentInfo{com.android.phone/com.android.services.telephony.TelephonyConnectionService}, E, UserHandle{0}]: TSI.rPA@ACw
