--------- beginning of system
12-28 01:51:16.986   676   676 I vold    : Vold 3.0 (the awakening) firing up
12-28 01:51:16.986   676   676 D vold    : Detected support for: exfat ext4 f2fs ntfs vfat
12-28 01:51:16.990   676   676 D vold    : VoldNativeService::start() completed OK
12-28 01:51:17.289   726   745 I QISL    : QSEE Interrupt Service Listener Thread is started
12-28 01:51:17.289   726   745 I QISL    : QSEE Interrupt Service Listener was activated successfully
12-28 01:51:17.290   726   726 D SPL     : Call QSEECom_register_listener()
12-28 01:51:17.290   726   726 D SPL     : Registered listener sucessfully!
12-28 01:51:17.290   726   726 D SPL     : pipe read-fd [33] write-fd [34]
12-28 01:51:17.290   726   726 D SPL     : Create thread
12-28 01:51:17.290   726   726 D SPL     : Thread created sucessfully.
12-28 01:51:17.291   726   746 D SPL     : spl_dispatch() started
12-28 01:51:17.291   726   746 D SPL     : ==== Wait For Request ======
12-28 01:51:17.293   676   676 I Checkpoint: cp_prepareCheckpoint called
12-28 01:51:17.305   730   730 I keystore2: keystore2_main: Keystore2 is starting.
12-28 01:51:17.306   730   730 I keystore2: keystore2_main: Setting up sqlite logging for keystore2
12-28 01:51:17.307   730   730 W keystore2: keystore2::metrics_store: In update_keystore_crash_sysprop: Failed to read the existing system property due to: In read_keystore_crash_count: Property not set..Therefore, keystore crashes will not be logged.
12-28 01:51:17.309   730   730 I keystore2: keystore2_main: Starting thread pool now.
12-28 01:51:17.309   676   676 I vold    : fscrypt_initialize_systemwide_keys
12-28 01:51:17.309   676   676 D vold    : Key exists, using: /data/unencrypted/key
12-28 01:51:17.362   730   730 I keystore2: keystore2::globals: Add emulation wrapper around Keymaster device for security level: SecurityLevel(1)
12-28 01:51:17.364   730   730 I keystore2: keystore2_main: Not publishing IRemotelyProvisionedKeyPool service: In new_native_binder: Failed to get TEE Remote Provisioner instance.
12-28 01:51:17.364   730   730 I keystore2: 
12-28 01:51:17.364   730   730 I keystore2: Caused by:
12-28 01:51:17.364   730   730 I keystore2:     0: In get_remotely_provisioned_component.
12-28 01:51:17.364   730   730 I keystore2:     1: In connect_remotely_provisioned_component.
12-28 01:51:17.364   730   730 I keystore2:     2: Error::Km(ErrorCode(-68))
12-28 01:51:17.365   730   730 I keystore2: keystore2_main: Successfully registered Keystore 2.0 service.
12-28 01:51:17.365   730   730 I keystore2: keystore2_main: Joining thread pool now.
12-28 01:51:17.382   730   749 I keystore2: keystore2::shared_secret_negotiation: Shared secret negotiation concluded successfully.
12-28 01:51:17.382   730   749 I keystore2: keystore2::shared_secret_negotiation: No StrongBox Keymint available, so no RoT transfer
12-28 01:51:17.384   676   676 I vold    : Kernel doesn't support FS_IOC_ADD_ENCRYPTION_KEY.  Falling back to session keyring
12-28 01:51:17.384   676   676 D vold    : Added key 414563476 (ext4:19d51e9635e42f7f) to keyring 902438414 in process 676
12-28 01:51:17.384   676   676 D vold    : Added key 725495303 (f2fs:19d51e9635e42f7f) to keyring 902438414 in process 676
12-28 01:51:17.384   676   676 D vold    : Added key 48445388 (fscrypt:19d51e9635e42f7f) to keyring 902438414 in process 676
12-28 01:51:17.388   676   676 I vold    : Wrote system DE key reference to:/data/unencrypted/ref
12-28 01:51:17.388   676   676 D vold    : Generating standard storage key
12-28 01:51:17.388   676   676 D vold    : Added key 188773537 (ext4:e6ecc4ade5c12d7d) to keyring 902438414 in process 676
12-28 01:51:17.388   676   676 D vold    : Added key 401751426 (f2fs:e6ecc4ade5c12d7d) to keyring 902438414 in process 676
12-28 01:51:17.388   676   676 D vold    : Added key 1009267348 (fscrypt:e6ecc4ade5c12d7d) to keyring 902438414 in process 676
12-28 01:51:17.389   676   676 I vold    : Wrote per boot key reference to:/data/unencrypted/per_boot_ref
12-28 01:51:17.417   676   676 I incfs   : Initial API level of the device: 28
12-28 01:51:17.417   676   676 I incfs   : ro.incremental.enable: 
12-28 01:51:17.417   676   676 E incfs   : IncFs_Features: failed to open features dir, assuming v1/none.: No such file or directory
12-28 01:51:17.418   730   759 I keystore2: keystore2::maintenance: In early_boot_ended.
12-28 01:51:17.423   730   759 I keystore2: keystore2::globals: Touching Keystore 2.0 database for this first time since boot.
12-28 01:51:17.423   730   759 I keystore2: keystore2::globals: Calling cleanup leftovers.
12-28 01:51:17.436   730   759 I keystore2: keystore2::super_key: Starting boot level watcher.
12-28 01:51:17.436   730   759 I keystore2: keystore2::maintenance: Call to earlyBootEnded succeeded for security level TRUSTED_ENVIRONMENT.
12-28 01:51:17.437   730   759 E keystore2: keystore2::maintenance: Call to earlyBootEnded failed for security level STRONGBOX: In call_with_watchdog: getting keymint device.
12-28 01:51:17.437   730   759 E keystore2: keystore2::error: In call_with_watchdog: getting keymint device
12-28 01:51:17.437   730   759 E keystore2: 
12-28 01:51:17.437   730   759 E keystore2: Caused by:
12-28 01:51:17.437   730   759 E keystore2:     0: In get_keymint_device.
12-28 01:51:17.437   730   759 E keystore2:     1: In connect_keymint: Trying to get Legacy wrapper.
12-28 01:51:17.437   730   759 E keystore2:     2: Error::Km(ErrorCode(-68))
12-28 01:51:17.437   676   676 E vold    : keystore2 Keystore earlyBootEnded returned service specific error: -68
12-28 01:51:17.438   730   770 I keystore2: keystore2::super_key: Read keystore.boot_level value 30
12-28 01:51:17.438   730   770 I keystore2: keystore2::super_key: Read keystore.boot_level value 30
12-28 01:51:17.717   676   676 D vold    : fscrypt_init_user0
12-28 01:51:17.717   676   676 D vold    : Preparing: /data/misc/vold/user_keys
12-28 01:51:17.718   676   676 D vold    : Preparing: /data/misc/vold/user_keys/ce
12-28 01:51:17.718   676   676 D vold    : Preparing: /data/misc/vold/user_keys/de
12-28 01:51:17.731   676   676 D vold    : Added key 753168234 (ext4:fc65d98b0c9bae45) to keyring 902438414 in process 676
12-28 01:51:17.731   676   676 D vold    : Added key 989764878 (f2fs:fc65d98b0c9bae45) to keyring 902438414 in process 676
12-28 01:51:17.731   676   676 D vold    : Added key 55852546 (fscrypt:fc65d98b0c9bae45) to keyring 902438414 in process 676
12-28 01:51:17.731   676   676 D vold    : Installed de key for user 0
12-28 01:51:17.731   676   676 D vold    : fscrypt_prepare_user_storage for volume null, user 0, serial 0, flags 1
12-28 01:51:17.731   676   676 D vold    : Preparing: /data/system/users/0
12-28 01:51:17.731   676   676 D vold    : Preparing: /data/misc/profiles/cur/0
12-28 01:51:17.732   676   676 D vold    : Preparing: /data/system_de/0
12-28 01:51:17.732   676   676 D vold    : Preparing: /data/vendor_de/0
12-28 01:51:17.732   676   676 D vold    : Preparing: /data/misc_de/0
12-28 01:51:17.732   676   676 D vold    : Preparing: /data/user_de/0
12-28 01:51:17.733   676   676 I vold    : Verified that /data/system_de/0 has the encryption policy fc65d98b0c9bae45 v1 modes 127/4 flags 0x0
12-28 01:51:17.733   676   676 I vold    : Verified that /data/vendor_de/0 has the encryption policy fc65d98b0c9bae45 v1 modes 127/4 flags 0x0
12-28 01:51:17.733   676   676 I vold    : Verified that /data/misc_de/0 has the encryption policy fc65d98b0c9bae45 v1 modes 127/4 flags 0x0
12-28 01:51:17.733   676   676 I vold    : Verified that /data/user_de/0 has the encryption policy fc65d98b0c9bae45 v1 modes 127/4 flags 0x0
12-28 01:51:17.733   676   676 D vold    : /system/bin/vold_prepare_subdirs
12-28 01:51:17.733   676   676 D vold    :     prepare
12-28 01:51:17.733   676   676 D vold    :     
12-28 01:51:17.733   676   676 D vold    :     0
12-28 01:51:17.734   676   676 D vold    :     1
12-28 01:51:17.800   888   888 I odsign  : Trying to retrieve existing HMAC key...
12-28 01:51:17.801   888   888 I odsign  : Trying to retrieve existing keystore key...
12-28 01:51:17.812   888   888 I odsign  : Verified public key signature.
12-28 01:51:17.812   888   888 I odsign  : Initialized Keystore key.
12-28 01:51:17.812   888   888 I odsign  : Device doesn't support fsverity. Falling back to full verification.
12-28 01:51:17.859   889   889 I odrefresh: ART APEX version 330400000
12-28 01:51:17.859   889   889 I odrefresh: Factory ART APEX mounted.
12-28 01:51:17.859   889   889 I odrefresh: System properties are set to default values.
12-28 01:51:17.861   889   889 I odrefresh: Factory ART APEX mounted.
12-28 01:51:17.861   889   889 I odrefresh: System properties are set to default values.
12-28 01:51:17.861   889   889 I odrefresh: Factory APEXes mounted.
12-28 01:51:17.861   889   889 I odrefresh: System properties are set to default values.
12-28 01:51:17.864   888   888 I odsign  : Metrics report is empty
12-28 01:51:17.864   888   888 I odsign  : /data/misc/odsign/odsign.info not found.
12-28 01:51:17.867   888   888 I odsign  : odrefresh said artifacts are VALID
12-28 01:51:17.867   888   888 I odsign  : On-device signing done.
12-28 01:51:17.875   730   770 I keystore2: keystore2::super_key: keystore.boot_level 1000000000 hits maximum 1000000000, finishing.
07-16 00:44:20.313  1088  1088 I irsc_util: Starting irsc tool
07-16 00:44:20.315  1088  1088 I irsc_util: Num of entries:299
07-16 00:44:20.315  1088  1088 I irsc_util: Ending irsc tool
07-16 00:44:20.341  1044  1044 I android.hardware.wifi@1.0-service: Wifi Hal is booting up...
07-16 00:44:20.345  1044  1044 I HidlServiceManagement: Registered android.hardware.wifi@1.6::IWifi/default
07-16 00:44:22.008  1237  1237 I gsid    : no DSU: No such file or directory
07-16 00:44:22.247  1236  1254 I BootAnimation: Loaded dynamic color: persist.bootanim.color1 -> -9510
07-16 00:44:22.247  1236  1254 I BootAnimation: Loaded dynamic color: persist.bootanim.color2 -> -32570
07-16 00:44:22.247  1236  1254 I BootAnimation: Loaded dynamic color: persist.bootanim.color3 -> -6723211
07-16 00:44:22.247  1236  1254 I BootAnimation: Loaded dynamic color: persist.bootanim.color4 -> -10008
07-16 00:44:22.247  1236  1254 I BootAnimation: Dynamically coloring boot animation. Sysprops loaded? 1
07-16 00:44:22.247  1236  1254 D BootAnimation: BootAnimationShownTiming start time: 8839ms
07-16 00:44:22.407  1300  1300 I installd: installd firing up
07-16 00:44:22.432  1318  1318 I imsrcsd : Uce Service HAL  is starting up...
07-16 00:44:22.433  1318  1318 I imsrcsd : Uce Service HAL  loading imsrcsbaseimpl
07-16 00:44:22.440  1306  1306 I storaged: Unable to get AIDL health service, trying HIDL...
07-16 00:44:22.563  1318  1318 I imsrcsd : Starting Service for First Time imsbaseimpl
07-16 00:44:22.566  1318  1318 I imsrcsd : Interface com.qualcomm.qti.uceservice@2.3::IUceService  com.qualcomm.qti.uceservice is found in manifest
07-16 00:44:22.567  1318  1318 I HidlServiceManagement: Registered com.qualcomm.qti.uceservice@2.3::IUceService/com.qualcomm.qti.uceservice
07-16 00:44:22.568  1318  1318 I imsrcsd : Interface com.qualcomm.qti.imscmservice@2.2::IImsCmService  qti.ims.connectionmanagerservice is found in manifest
07-16 00:44:22.570  1318  1318 I HidlServiceManagement: Registered com.qualcomm.qti.imscmservice@2.2::IImsCmService/qti.ims.connectionmanagerservice
07-16 00:44:22.572  1318  1318 I imsrcsd : Interface vendor.qti.ims.factory@1.1::IImsFactory  default is not found in manifest
07-16 00:44:22.572  1318  1318 I imsrcsd : Interface vendor.qti.ims.factory@1.0::IImsFactory  default is found in manifest
07-16 00:44:22.575  1318  1318 I HidlServiceManagement: Registered vendor.qti.ims.factory@1.0::IImsFactory/default
07-16 00:44:22.577  1318  1318 I imsrcsd : Interface vendor.qti.ims.callinfo@1.0::IService  default is found in manifest
07-16 00:44:22.578  1318  1318 I HidlServiceManagement: Registered vendor.qti.ims.callinfo@1.0::IService/default
07-16 00:44:22.578  1318  1318 I imsrcsd : ImsRcsBaseImpl ImsCallInfo After Registering Service
07-16 00:44:22.659  1279  1279 D SystemServerTiming: InitBeforeStartServices
07-16 00:44:22.677  1279  1279 I SystemServer: Entered the Android system server!
07-16 00:44:23.070  1279  1279 I SystemServerInitThreadPool: Creating instance with 8 threads
07-16 00:44:23.738  1279  1279 D SystemServerTiming: StartServices
07-16 00:44:23.738  1279  1279 D SystemServerTiming: startBootstrapServices
07-16 00:44:23.738  1279  1279 D SystemServerTiming: StartWatchdog
07-16 00:44:23.743  1279  1279 I SystemServer: Reading configuration...
07-16 00:44:23.743  1279  1279 D SystemServerTiming: ReadingSystemConfig
07-16 00:44:23.743  1279  1279 D SystemServerTiming: PlatformCompat
07-16 00:44:23.743  1279  1612 D SystemServerTimingAsync: InitThreadPoolExec:ReadingSystemConfig
07-16 00:44:23.744  1279  1279 D CompatConfig: Found a config file: /system/etc/compatconfig/icu4j-platform-compat-config.xml
07-16 00:44:23.744  1279  1612 I SystemConfig: Reading permissions from /system/etc/sysconfig/framework-sysconfig.xml
07-16 00:44:23.744  1279  1279 D CompatConfig: Adding: com.android.server.compat.config.Change@5495bba
07-16 00:44:23.745  1279  1612 I SystemConfig: Reading permissions from /system/etc/sysconfig/custom-power-whitelist.xml
07-16 00:44:23.745  1279  1279 D CompatConfig: Found a config file: /system/etc/compatconfig/calendar-provider-compat-config.xml
07-16 00:44:23.746  1279  1279 D CompatConfig: Adding: com.android.server.compat.config.Change@d109a61
07-16 00:44:23.746  1279  1612 I SystemConfig: Reading permissions from /system/etc/sysconfig/preinstalled-packages-com.android.providers.media.module.xml
07-16 00:44:23.746  1279  1279 D CompatConfig: Found a config file: /system/etc/compatconfig/services-platform-compat-config.xml
07-16 00:44:23.746  1279  1612 I SystemConfig: Reading permissions from /system/etc/sysconfig/hiddenapi-whitelist-org.pixelexperience.faceunlock.xml
07-16 00:44:23.747  1279  1612 I SystemConfig: Reading permissions from /system/etc/sysconfig/preinstalled-packages-platform.xml
07-16 00:44:23.747  1279  1279 D CompatConfig: Adding: com.android.server.compat.config.Change@80ba812
07-16 00:44:23.747  1279  1279 D CompatConfig: Adding: com.android.server.compat.config.Change@a183be3
07-16 00:44:23.747  1279  1279 D CompatConfig: Adding: com.android.server.compat.config.Change@322d9e0
07-16 00:44:23.747  1279  1279 D CompatConfig: Adding: com.android.server.compat.config.Change@7793499
07-16 00:44:23.747  1279  1279 D CompatConfig: Adding: com.android.server.compat.config.Change@3f8335e
07-16 00:44:23.747  1279  1279 D CompatConfig: Adding: com.android.server.compat.config.Change@908b33f
07-16 00:44:23.747  1279  1279 D CompatConfig: Adding: com.android.server.compat.config.Change@10bb40c
07-16 00:44:23.747  1279  1279 D CompatConfig: Adding: com.android.server.compat.config.Change@1f8155
07-16 00:44:23.747  1279  1279 D CompatConfig: Adding: com.android.server.compat.config.Change@390276a
07-16 00:44:23.747  1279  1279 D CompatConfig: Adding: com.android.server.compat.config.Change@65f445b
07-16 00:44:23.747  1279  1279 D CompatConfig: Adding: com.android.server.compat.config.Change@6c604f8
07-16 00:44:23.747  1279  1279 D CompatConfig: Adding: com.android.server.compat.config.Change@7a3ddd1
07-16 00:44:23.747  1279  1279 D CompatConfig: Adding: com.android.server.compat.config.Change@f015036
07-16 00:44:23.747  1279  1279 D CompatConfig: Adding: com.android.server.compat.config.Change@9c3cb37
07-16 00:44:23.747  1279  1279 D CompatConfig: Adding: com.android.server.compat.config.Change@3d278a4
07-16 00:44:23.747  1279  1279 D CompatConfig: Adding: com.android.server.compat.config.Change@437860d
07-16 00:44:23.747  1279  1279 D CompatConfig: Adding: com.android.server.compat.config.Change@18a39c2
07-16 00:44:23.747  1279  1279 D CompatConfig: Adding: com.android.server.compat.config.Change@37fe3d3
07-16 00:44:23.747  1279  1279 D CompatConfig: Adding: com.android.server.compat.config.Change@d107b10
07-16 00:44:23.747  1279  1279 D CompatConfig: Adding: com.android.server.compat.config.Change@3e37609
07-16 00:44:23.747  1279  1279 D CompatConfig: Adding: com.android.server.compat.config.Change@9c6300e
07-16 00:44:23.747  1279  1279 D CompatConfig: Adding: com.android.server.compat.config.Change@4daea2f
07-16 00:44:23.747  1279  1279 D CompatConfig: Adding: com.android.server.compat.config.Change@3ea383c
07-16 00:44:23.747  1279  1279 D CompatConfig: Adding: com.android.server.compat.config.Change@24469c5
07-16 00:44:23.747  1279  1279 D CompatConfig: Adding: com.android.server.compat.config.Change@2b93f1a
07-16 00:44:23.747  1279  1279 D CompatConfig: Adding: com.android.server.compat.config.Change@235fa4b
07-16 00:44:23.747  1279  1279 D CompatConfig: Adding: com.android.server.compat.config.Change@4409c28
07-16 00:44:23.747  1279  1279 D CompatConfig: Adding: com.android.server.compat.config.Change@e06dd41
07-16 00:44:23.747  1279  1279 D CompatConfig: Adding: com.android.server.compat.config.Change@19c32e6
07-16 00:44:23.747  1279  1279 D CompatConfig: Adding: com.android.server.compat.config.Change@ae7f027
07-16 00:44:23.747  1279  1279 D CompatConfig: Adding: com.android.server.compat.config.Change@51752d4
07-16 00:44:23.747  1279  1279 D CompatConfig: Adding: com.android.server.compat.config.Change@a230c7d
07-16 00:44:23.747  1279  1279 D CompatConfig: Adding: com.android.server.compat.config.Change@4689772
07-16 00:44:23.747  1279  1279 D CompatConfig: Adding: com.android.server.compat.config.Change@800c840
07-16 00:44:23.747  1279  1612 I SystemConfig: Reading permissions from /system/etc/sysconfig/preinstalled-packages-platform-full-base.xml
07-16 00:44:23.747  1279  1279 D CompatConfig: Adding: com.android.server.compat.config.Change@6d8f379
07-16 00:44:23.747  1279  1279 D CompatConfig: Adding: com.android.server.compat.config.Change@d24b8be
07-16 00:44:23.747  1279  1279 D CompatConfig: Adding: com.android.server.compat.config.Change@9e0bd1f
07-16 00:44:23.747  1279  1279 D CompatConfig: Adding: com.android.server.compat.config.Change@34a286c
07-16 00:44:23.747  1279  1279 D CompatConfig: Adding: com.android.server.compat.config.Change@e6c4e35
07-16 00:44:23.747  1279  1279 D CompatConfig: Adding: com.android.server.compat.config.Change@5efa2ca
07-16 00:44:23.747  1279  1279 D CompatConfig: Adding: com.android.server.compat.config.Change@cde0c3b
07-16 00:44:23.747  1279  1279 D CompatConfig: Adding: com.android.server.compat.config.Change@2e75f58
07-16 00:44:23.747  1279  1279 D CompatConfig: Adding: com.android.server.compat.config.Change@1a098b1
07-16 00:44:23.747  1279  1279 D CompatConfig: Adding: com.android.server.compat.config.Change@9cd2196
07-16 00:44:23.747  1279  1279 D CompatConfig: Adding: com.android.server.compat.config.Change@c973117
07-16 00:44:23.748  1279  1279 D CompatConfig: Adding: com.android.server.compat.config.Change@c1f1904
07-16 00:44:23.748  1279  1279 D CompatConfig: Adding: com.android.server.compat.config.Change@ff50eed
07-16 00:44:23.748  1279  1279 D CompatConfig: Adding: com.android.server.compat.config.Change@e31c122
07-16 00:44:23.748  1279  1279 D CompatConfig: Adding: com.android.server.compat.config.Change@653c7b3
07-16 00:44:23.748  1279  1279 D CompatConfig: Adding: com.android.server.compat.config.Change@ff6c170
07-16 00:44:23.748  1279  1279 D CompatConfig: Adding: com.android.server.compat.config.Change@7a0ace9
07-16 00:44:23.748  1279  1279 D CompatConfig: Adding: com.android.server.compat.config.Change@94ecd6e
07-16 00:44:23.748  1279  1279 D CompatConfig: Adding: com.android.server.compat.config.Change@a392c0f
07-16 00:44:23.748  1279  1279 D CompatConfig: Adding: com.android.server.compat.config.Change@85e849c
07-16 00:44:23.748  1279  1279 D CompatConfig: Adding: com.android.server.compat.config.Change@94e2ea5
07-16 00:44:23.748  1279  1279 D CompatConfig: Adding: com.android.server.compat.config.Change@11e527a
07-16 00:44:23.748  1279  1279 D CompatConfig: Adding: com.android.server.compat.config.Change@b667a2b
07-16 00:44:23.748  1279  1279 D CompatConfig: Adding: com.android.server.compat.config.Change@c1d4e88
07-16 00:44:23.748  1279  1612 I SystemConfig: Reading permissions from /system/etc/sysconfig/hiddenapi-package-whitelist.xml
07-16 00:44:23.748  1279  1279 D CompatConfig: Adding: com.android.server.compat.config.Change@f2f1c46
07-16 00:44:23.748  1279  1279 D CompatConfig: Adding: com.android.server.compat.config.Change@5d08e07
07-16 00:44:23.748  1279  1279 D CompatConfig: Adding: com.android.server.compat.config.Change@57ccb34
07-16 00:44:23.748  1279  1279 D CompatConfig: Adding: com.android.server.compat.config.Change@a448d5d
07-16 00:44:23.748  1279  1279 D CompatConfig: Adding: com.android.server.compat.config.Change@530b6d2
07-16 00:44:23.748  1279  1279 D CompatConfig: Adding: com.android.server.compat.config.Change@5de03a3
07-16 00:44:23.748  1279  1279 D CompatConfig: Adding: com.android.server.compat.config.Change@7b566a0
07-16 00:44:23.748  1279  1279 D CompatConfig: Found a config file: /system/etc/compatconfig/framework-platform-compat-config.xml
07-16 00:44:23.748  1279  1612 I SystemConfig: Reading permissions from /system/etc/sysconfig/qti_whitelist.xml
07-16 00:44:23.749  1279  1279 D CompatConfig: Adding: com.android.server.compat.config.Change@dc336ff
07-16 00:44:23.749  1279  1279 D CompatConfig: Adding: com.android.server.compat.config.Change@f1a4ccc
07-16 00:44:23.749  1279  1279 D CompatConfig: Adding: com.android.server.compat.config.Change@3610b15
07-16 00:44:23.749  1279  1279 D CompatConfig: Adding: com.android.server.compat.config.Change@8f04e2a
07-16 00:44:23.749  1279  1279 D CompatConfig: Adding: com.android.server.compat.config.Change@49e441b
07-16 00:44:23.749  1279  1279 D CompatConfig: Adding: com.android.server.compat.config.Change@cd44391
07-16 00:44:23.749  1279  1279 D CompatConfig: Adding: com.android.server.compat.config.Change@61d22f6
07-16 00:44:23.749  1279  1612 I SystemConfig: Reading permissions from /system/etc/permissions/com.android.networkstack.xml
07-16 00:44:23.749  1279  1279 D CompatConfig: Adding: com.android.server.compat.config.Change@b5306f7
07-16 00:44:23.750  1279  1279 D CompatConfig: Adding: com.android.server.compat.config.Change@8836964
07-16 00:44:23.750  1279  1279 D CompatConfig: Adding: com.android.server.compat.config.Change@16887cd
07-16 00:44:23.750  1279  1279 D CompatConfig: Adding: com.android.server.compat.config.Change@8707882
07-16 00:44:23.750  1279  1279 D CompatConfig: Adding: com.android.server.compat.config.Change@3271b93
07-16 00:44:23.750  1279  1279 D CompatConfig: Adding: com.android.server.compat.config.Change@8bfb7d0
07-16 00:44:23.750  1279  1279 D CompatConfig: Adding: com.android.server.compat.config.Change@e82d3c9
07-16 00:44:23.750  1279  1279 D CompatConfig: Adding: com.android.server.compat.config.Change@b19ace
07-16 00:44:23.750  1279  1279 D CompatConfig: Adding: com.android.server.compat.config.Change@21dddef
07-16 00:44:23.750  1279  1279 D CompatConfig: Adding: com.android.server.compat.config.Change@63080fc
07-16 00:44:23.750  1279  1279 D CompatConfig: Adding: com.android.server.compat.config.Change@8dbe385
07-16 00:44:23.750  1279  1279 D CompatConfig: Adding: com.android.server.compat.config.Change@2d095da
07-16 00:44:23.750  1279  1279 D CompatConfig: Adding: com.android.server.compat.config.Change@1146a0b
07-16 00:44:23.750  1279  1279 D CompatConfig: Adding: com.android.server.compat.config.Change@d82b0e8
07-16 00:44:23.750  1279  1279 D CompatConfig: Adding: com.android.server.compat.config.Change@dfc3301
07-16 00:44:23.750  1279  1279 D CompatConfig: Adding: com.android.server.compat.config.Change@fb235a6
07-16 00:44:23.750  1279  1279 D CompatConfig: Adding: com.android.server.compat.config.Change@f9d9be7
07-16 00:44:23.750  1279  1279 D CompatConfig: Adding: com.android.server.compat.config.Change@745f394
07-16 00:44:23.750  1279  1279 D CompatConfig: Adding: com.android.server.compat.config.Change@177fe3d
07-16 00:44:23.750  1279  1279 D CompatConfig: Adding: com.android.server.compat.config.Change@fbc0632
07-16 00:44:23.750  1279  1279 D CompatConfig: Adding: com.android.server.compat.config.Change@99e0f83
07-16 00:44:23.750  1279  1279 D CompatConfig: Adding: com.android.server.compat.config.Change@358b500
07-16 00:44:23.750  1279  1279 D CompatConfig: Adding: com.android.server.compat.config.Change@1eb4139
07-16 00:44:23.750  1279  1279 D CompatConfig: Adding: com.android.server.compat.config.Change@a20537e
07-16 00:44:23.750  1279  1279 D CompatConfig: Adding: com.android.server.compat.config.Change@aa820df
07-16 00:44:23.750  1279  1279 D CompatConfig: Adding: com.android.server.compat.config.Change@f14212c
07-16 00:44:23.750  1279  1279 D CompatConfig: Adding: com.android.server.compat.config.Change@1b5b7f5
07-16 00:44:23.750  1279  1279 D CompatConfig: Adding: com.android.server.compat.config.Change@4ea298a
07-16 00:44:23.750  1279  1279 D CompatConfig: Adding: com.android.server.compat.config.Change@b17ebfb
07-16 00:44:23.750  1279  1279 D CompatConfig: Adding: com.android.server.compat.config.Change@2382418
07-16 00:44:23.750  1279  1279 D CompatConfig: Adding: com.android.server.compat.config.Change@f76de71
07-16 00:44:23.750  1279  1279 D CompatConfig: Adding: com.android.server.compat.config.Change@9c95456
07-16 00:44:23.750  1279  1279 D CompatConfig: Adding: com.android.server.compat.config.Change@2ef4cd7
07-16 00:44:23.750  1279  1279 D CompatConfig: Adding: com.android.server.compat.config.Change@a49f0ad
07-16 00:44:23.750  1279  1279 D CompatConfig: Adding: com.android.server.compat.config.Change@b9e5fe2
07-16 00:44:23.750  1279  1612 I SystemConfig: Reading permissions from /system/etc/permissions/android.software.sip.voip.xml
07-16 00:44:23.750  1279  1279 D CompatConfig: Adding: com.android.server.compat.config.Change@e71df73
07-16 00:44:23.750  1279  1279 D CompatConfig: Adding: com.android.server.compat.config.Change@e835e30
07-16 00:44:23.750  1279  1279 D CompatConfig: Adding: com.android.server.compat.config.Change@dc1eaa9
07-16 00:44:23.750  1279  1279 D CompatConfig: Adding: com.android.server.compat.config.Change@8c6982e
07-16 00:44:23.750  1279  1279 D CompatConfig: Adding: com.android.server.compat.config.Change@80ffcf
07-16 00:44:23.750  1279  1279 D CompatConfig: Adding: com.android.server.compat.config.Change@df82d5c
07-16 00:44:23.750  1279  1279 D CompatConfig: Adding: com.android.server.compat.config.Change@1a58865
07-16 00:44:23.750  1279  1279 D CompatConfig: Adding: com.android.server.compat.config.Change@628093a
07-16 00:44:23.750  1279  1279 D CompatConfig: Adding: com.android.server.compat.config.Change@eb7c9eb
07-16 00:44:23.750  1279  1279 D CompatConfig: Adding: com.android.server.compat.config.Change@a88c348
07-16 00:44:23.750  1279  1279 D CompatConfig: Adding: com.android.server.compat.config.Change@96b45e1
07-16 00:44:23.750  1279  1279 D CompatConfig: Adding: com.android.server.compat.config.Change@efd7f06
07-16 00:44:23.750  1279  1279 D CompatConfig: Adding: com.android.server.compat.config.Change@34719c7
07-16 00:44:23.750  1279  1279 D CompatConfig: Adding: com.android.server.compat.config.Change@60acbf4
07-16 00:44:23.750  1279  1279 D CompatConfig: Adding: com.android.server.compat.config.Change@f755f1d
07-16 00:44:23.750  1279  1279 D CompatConfig: Adding: com.android.server.compat.config.Change@5628592
07-16 00:44:23.750  1279  1279 D CompatConfig: Adding: com.android.server.compat.config.Change@918b63
07-16 00:44:23.750  1279  1279 D CompatConfig: Adding: com.android.server.compat.config.Change@802b360
07-16 00:44:23.750  1279  1279 D CompatConfig: Adding: com.android.server.compat.config.Change@80dd019
07-16 00:44:23.750  1279  1279 D CompatConfig: Adding: com.android.server.compat.config.Change@f9f68de
07-16 00:44:23.750  1279  1279 D CompatConfig: Adding: com.android.server.compat.config.Change@2877abf
07-16 00:44:23.750  1279  1279 D CompatConfig: Adding: com.android.server.compat.config.Change@9cfa58c
07-16 00:44:23.750  1279  1279 D CompatConfig: Adding: com.android.server.compat.config.Change@82254d5
07-16 00:44:23.750  1279  1279 D CompatConfig: Adding: com.android.server.compat.config.Change@e3534ea
07-16 00:44:23.750  1279  1279 D CompatConfig: Adding: com.android.server.compat.config.Change@9c303db
07-16 00:44:23.750  1279  1279 D CompatConfig: Adding: com.android.server.compat.config.Change@9978e78
07-16 00:44:23.750  1279  1279 D CompatConfig: Adding: com.android.server.compat.config.Change@bc06951
07-16 00:44:23.750  1279  1279 D CompatConfig: Adding: com.android.server.compat.config.Change@6a9b5b6
07-16 00:44:23.751  1279  1279 D CompatConfig: Adding: com.android.server.compat.config.Change@c6402b7
07-16 00:44:23.751  1279  1279 D CompatConfig: Adding: com.android.server.compat.config.Change@ff31a24
07-16 00:44:23.751  1279  1279 D CompatConfig: Adding: com.android.server.compat.config.Change@851498d
07-16 00:44:23.751  1279  1279 D CompatConfig: Adding: com.android.server.compat.config.Change@f137742
07-16 00:44:23.751  1279  1279 D CompatConfig: Adding: com.android.server.compat.config.Change@459b490
07-16 00:44:23.751  1279  1279 D CompatConfig: Adding: com.android.server.compat.config.Change@695f189
07-16 00:44:23.751  1279  1279 D CompatConfig: Adding: com.android.server.compat.config.Change@665c58e
07-16 00:44:23.751  1279  1279 D CompatConfig: Adding: com.android.server.compat.config.Change@55a91af
07-16 00:44:23.751  1279  1279 D CompatConfig: Adding: com.android.server.compat.config.Change@c4d89bc
07-16 00:44:23.751  1279  1279 D CompatConfig: Adding: com.android.server.compat.config.Change@631d45
07-16 00:44:23.751  1279  1279 D CompatConfig: Adding: com.android.server.compat.config.Change@57cac9a
07-16 00:44:23.751  1279  1279 D CompatConfig: Adding: com.android.server.compat.config.Change@bc899cb
07-16 00:44:23.751  1279  1612 I SystemConfig: Reading permissions from /system/etc/permissions/privapp_allowlist_com.android.adservices.api.xml
07-16 00:44:23.751  1279  1279 D CompatConfig: Adding: com.android.server.compat.config.Change@14785a8
07-16 00:44:23.751  1279  1279 D CompatConfig: Adding: com.android.server.compat.config.Change@e1d48c1
07-16 00:44:23.751  1279  1279 D CompatConfig: Adding: com.android.server.compat.config.Change@4e8f866
07-16 00:44:23.751  1279  1279 D CompatConfig: Adding: com.android.server.compat.config.Change@7c507a7
07-16 00:44:23.751  1279  1279 D CompatConfig: Adding: com.android.server.compat.config.Change@9635454
07-16 00:44:23.751  1279  1279 D CompatConfig: Adding: com.android.server.compat.config.Change@ff4affd
07-16 00:44:23.751  1279  1279 D CompatConfig: Adding: com.android.server.compat.config.Change@37c34f2
07-16 00:44:23.751  1279  1279 D CompatConfig: Adding: com.android.server.compat.config.Change@9307743
07-16 00:44:23.751  1279  1279 D CompatConfig: Adding: com.android.server.compat.config.Change@ecb61c0
07-16 00:44:23.751  1279  1279 D CompatConfig: Adding: com.android.server.compat.config.Change@ee14ef9
07-16 00:44:23.751  1279  1279 D CompatConfig: Adding: com.android.server.compat.config.Change@994ae3e
07-16 00:44:23.751  1279  1279 D CompatConfig: Adding: com.android.server.compat.config.Change@359449f
07-16 00:44:23.751  1279  1279 D CompatConfig: Adding: com.android.server.compat.config.Change@1e4d9ec
07-16 00:44:23.751  1279  1279 D CompatConfig: Adding: com.android.server.compat.config.Change@15ee1b5
07-16 00:44:23.751  1279  1279 D CompatConfig: Adding: com.android.server.compat.config.Change@529704a
07-16 00:44:23.751  1279  1279 D CompatConfig: Adding: com.android.server.compat.config.Change@6178bbb
07-16 00:44:23.751  1279  1279 D CompatConfig: Adding: com.android.server.compat.config.Change@23ba8d8
07-16 00:44:23.751  1279  1279 D CompatConfig: Adding: com.android.server.compat.config.Change@fe8e431
07-16 00:44:23.751  1279  1279 D CompatConfig: Found a config file: /system/etc/compatconfig/TeleService-platform-compat-config.xml
07-16 00:44:23.751  1279  1612 I SystemConfig: Reading permissions from /system/etc/permissions/android.test.runner.xml
07-16 00:44:23.752  1279  1279 D CompatConfig: Adding: com.android.server.compat.config.Change@a2e7a84
07-16 00:44:23.752  1279  1279 D CompatConfig: Adding: com.android.server.compat.config.Change@536926d
07-16 00:44:23.752  1279  1279 D CompatConfig: Adding: com.android.server.compat.config.Change@627bea2
07-16 00:44:23.752  1279  1279 D CompatConfig: Adding: com.android.server.compat.config.Change@e4db733
07-16 00:44:23.752  1279  1279 D CompatConfig: Adding: com.android.server.compat.config.Change@95abaf0
07-16 00:44:23.752  1279  1279 D CompatConfig: Adding: com.android.server.compat.config.Change@636e869
07-16 00:44:23.752  1279  1612 I SystemConfig: Reading permissions from /system/etc/permissions/org.apache.http.legacy.xml
07-16 00:44:23.752  1279  1279 D CompatConfig: Found a config file: /system/etc/compatconfig/documents-ui-compat-config.xml
07-16 00:44:23.752  1279  1612 I SystemConfig: Reading permissions from /system/etc/permissions/android.software.webview.xml
07-16 00:44:23.752  1279  1279 D CompatConfig: Adding: com.android.server.compat.config.Change@dcca225
07-16 00:44:23.753  1279  1612 I SystemConfig: Reading permissions from /system/etc/permissions/privapp-permissions-platform.xml
07-16 00:44:23.753  1279  1279 D CompatConfig: Found a config file: /system/etc/compatconfig/contacts-provider-platform-compat-config.xml
07-16 00:44:23.754  1279  1279 D CompatConfig: Found a config file: /system/system_ext/etc/compatconfig/settings-platform-compat-config.xml
07-16 00:44:23.754  1279  1279 D CompatConfig: Adding: com.android.server.compat.config.Change@84a3ba1
07-16 00:44:23.755  1279  1279 D ApexManagerTiming: getActiveApexInfos_noCache
07-16 00:44:23.755  1279  1612 I SystemConfig: Reading permissions from /system/etc/permissions/javax.obex.xml
07-16 00:44:23.755  1279  1612 I SystemConfig: Reading permissions from /system/etc/permissions/com.android.media.remotedisplay.xml
07-16 00:44:23.756  1279  1612 I SystemConfig: Reading permissions from /system/etc/permissions/privapp_allowlist_com.android.providers.media.module.xml
07-16 00:44:23.759  1279  1279 D CompatConfig: No directory /apex/com.android.permission/etc/compatconfig, skipping
07-16 00:44:23.759  1279  1279 D CompatConfig: No directory /apex/com.android.ipsec/etc/compatconfig, skipping
07-16 00:44:23.759  1279  1612 I SystemConfig: Reading permissions from /system/etc/permissions/android.software.nfc.beam.xml
07-16 00:44:23.759  1279  1279 D CompatConfig: Found a config file: /apex/com.android.art/etc/compatconfig/libcore-platform-compat-config.xml
07-16 00:44:23.759  1279  1612 I SystemConfig: Reading permissions from /system/etc/permissions/com.android.nfc_extras.xml
07-16 00:44:23.760  1279  1279 D CompatConfig: Adding: com.android.server.compat.config.Change@82f7514
07-16 00:44:23.760  1279  1612 I SystemConfig: Reading permissions from /system/etc/permissions/android.hardware.biometrics.face.xml
07-16 00:44:23.760  1279  1279 D CompatConfig: Adding: com.android.server.compat.config.Change@35921bd
07-16 00:44:23.760  1279  1279 D CompatConfig: Adding: com.android.server.compat.config.Change@a6923b2
07-16 00:44:23.760  1279  1279 D CompatConfig: Adding: com.android.server.compat.config.Change@5509f03
07-16 00:44:23.760  1279  1279 D CompatConfig: Adding: com.android.server.compat.config.Change@318ce80
07-16 00:44:23.760  1279  1279 D CompatConfig: Adding: com.android.server.compat.config.Change@77b1cb9
07-16 00:44:23.760  1279  1612 I SystemConfig: Reading permissions from /system/etc/permissions/android.test.base.xml
07-16 00:44:23.760  1279  1279 D CompatConfig: No directory /apex/com.android.sdkext/etc/compatconfig, skipping
07-16 00:44:23.760  1279  1279 D CompatConfig: No directory /apex/com.android.adservices/etc/compatconfig, skipping
07-16 00:44:23.760  1279  1279 D CompatConfig: No directory /apex/com.android.extservices/etc/compatconfig, skipping
07-16 00:44:23.760  1279  1279 D CompatConfig: No directory /apex/com.android.neuralnetworks/etc/compatconfig, skipping
07-16 00:44:23.761  1279  1279 D CompatConfig: No directory /apex/com.android.scheduling/etc/compatconfig, skipping
07-16 00:44:23.761  1279  1612 I SystemConfig: Reading permissions from /system/etc/permissions/com.android.intentresolver.xml
07-16 00:44:23.761  1279  1279 D CompatConfig: No directory /apex/com.android.conscrypt/etc/compatconfig, skipping
07-16 00:44:23.761  1279  1279 D CompatConfig: No directory /apex/com.android.i18n/etc/compatconfig, skipping
07-16 00:44:23.761  1279  1279 D CompatConfig: No directory /apex/com.android.media.swcodec/etc/compatconfig, skipping
07-16 00:44:23.761  1279  1279 D CompatConfig: No directory /apex/com.android.os.statsd/etc/compatconfig, skipping
07-16 00:44:23.761  1279  1279 D CompatConfig: No directory /apex/com.android.ondevicepersonalization/etc/compatconfig, skipping
07-16 00:44:23.761  1279  1279 D CompatConfig: No directory /apex/com.android.cellbroadcast/etc/compatconfig, skipping
07-16 00:44:23.761  1279  1279 D CompatConfig: No directory /apex/com.android.resolv/etc/compatconfig, skipping
07-16 00:44:23.761  1279  1279 D CompatConfig: No directory /apex/com.android.runtime/etc/compatconfig, skipping
07-16 00:44:23.761  1279  1279 D CompatConfig: No directory /apex/com.android.adbd/etc/compatconfig, skipping
07-16 00:44:23.761  1279  1612 I SystemConfig: Reading permissions from /system/etc/permissions/com.android.location.provider.xml
07-16 00:44:23.761  1279  1279 D CompatConfig: No directory /apex/com.android.tzdata/etc/compatconfig, skipping
07-16 00:44:23.761  1279  1279 D CompatConfig: No directory /apex/com.android.media/etc/compatconfig, skipping
07-16 00:44:23.761  1279  1279 D CompatConfig: No directory /apex/com.android.appsearch/etc/compatconfig, skipping
07-16 00:44:23.761  1279  1279 D CompatConfig: No directory /apex/com.android.vndk.v33/etc/compatconfig, skipping
07-16 00:44:23.761  1279  1279 D CompatConfig: No directory /apex/com.android.apex.cts.shim/etc/compatconfig, skipping
07-16 00:44:23.761  1279  1612 I SystemConfig: Reading permissions from /system/etc/permissions/android.test.mock.xml
07-16 00:44:23.762  1279  1279 D CompatConfig: Found a config file: /apex/com.android.wifi/etc/compatconfig/wifi-compat-config.xml
07-16 00:44:23.762  1279  1612 I SystemConfig: Reading permissions from /system/etc/permissions/privapp-permissions-google.xml
07-16 00:44:23.762  1279  1279 D CompatConfig: Adding: com.android.server.compat.config.Change@3b1ed98
07-16 00:44:23.762  1279  1279 D CompatConfig: Adding: com.android.server.compat.config.Change@4b6a9f1
07-16 00:44:23.763  1279  1279 D CompatConfig: Found a config file: /apex/com.android.tethering/etc/compatconfig/connectivity-platform-compat-config.xml
07-16 00:44:23.763  1279  1612 I SystemConfig: Reading permissions from /system/etc/permissions/com.android.future.usb.accessory.xml
07-16 00:44:23.763  1279  1279 D CompatConfig: Adding: com.android.server.compat.config.Change@ba44b44
07-16 00:44:23.763  1279  1612 I SystemConfig: Reading permissions from /system/etc/permissions/android.software.live_wallpaper.xml
07-16 00:44:23.763  1279  1279 D CompatConfig: No directory /apex/com.android.uwb/etc/compatconfig, skipping
07-16 00:44:23.763  1279  1279 D CompatConfig: Found a config file: /apex/com.android.btservices/etc/compatconfig/bluetooth-compat-config.xml
07-16 00:44:23.763  1279  1612 I SystemConfig: Reading permissions from /system/etc/permissions/privapp-permissions-com.google.android.GoogleCamera.xml
07-16 00:44:23.764  1279  1279 D CompatConfig: Adding: com.android.server.compat.config.Change@93cd7b0
07-16 00:44:23.773  1279  1612 I SystemConfig: Reading permissions from /system/etc/permissions/com.android.mediadrm.signer.xml
07-16 00:44:23.773  1279  1279 D CompatConfig: Found a config file: /apex/com.android.mediaprovider/etc/compatconfig/media-provider-platform-compat-config.xml
07-16 00:44:23.774  1279  1612 I SystemConfig: Reading permissions from /system/etc/permissions/privapp-permissions-org.pixelexperience.faceunlock.xml
07-16 00:44:23.774  1279  1279 D CompatConfig: Adding: com.android.server.compat.config.Change@8fbedc
07-16 00:44:23.774  1279  1279 D CompatConfig: Adding: com.android.server.compat.config.Change@3837be5
07-16 00:44:23.774  1279  1279 D CompatConfig: Adding: com.android.server.compat.config.Change@6d9b6ba
07-16 00:44:23.774  1279  1279 D CompatConfig: Adding: com.android.server.compat.config.Change@e3ba96b
07-16 00:44:23.774  1279  1279 D CompatConfig: Adding: com.android.server.compat.config.Change@c7ecc8
07-16 00:44:23.774  1279  1279 D CompatConfig: Adding: com.android.server.compat.config.Change@9f4f161
07-16 00:44:23.774  1279  1279 D CompatConfig: Adding: com.android.server.compat.config.Change@dc8486
07-16 00:44:23.774  1279  1612 I SystemConfig: Reading permissions from /system/etc/permissions/platform.xml
07-16 00:44:23.777  1279  1612 I SystemConfig: Reading permissions from /vendor/etc/sysconfig/component-overrides.xml
07-16 00:44:23.778  1279  1612 I SystemConfig: Reading permissions from /vendor/etc/permissions/android.hardware.opengles.aep.xml
07-16 00:44:23.778  1279  1612 I SystemConfig: Reading permissions from /vendor/etc/permissions/android.hardware.nfc.hce.xml
07-16 00:44:23.779  1279  1612 I SystemConfig: Reading permissions from /vendor/etc/permissions/android.hardware.telephony.ims.xml
07-16 00:44:23.779  1279  1612 I SystemConfig: Reading permissions from /vendor/etc/permissions/android.hardware.camera.raw.xml
07-16 00:44:23.780  1279  1612 I SystemConfig: Reading permissions from /vendor/etc/permissions/android.hardware.wifi.direct.xml
07-16 00:44:23.780  1279  1279 D SystemServerTiming: StartFileIntegrityService
07-16 00:44:23.780  1279  1279 I SystemServiceManager: Starting com.android.server.security.FileIntegrityService
07-16 00:44:23.780  1279  1612 I SystemConfig: Reading permissions from /vendor/etc/permissions/android.hardware.wifi.passpoint.xml
07-16 00:44:23.781  1279  1612 I SystemConfig: Reading permissions from /vendor/etc/permissions/android.software.verified_boot.xml
07-16 00:44:23.781  1279  1612 I SystemConfig: Reading permissions from /vendor/etc/permissions/android.hardware.sensor.light.xml
07-16 00:44:23.782  1279  1612 I SystemConfig: Reading permissions from /vendor/etc/permissions/android.software.device_id_attestation.xml
07-16 00:44:23.782  1279  1612 I SystemConfig: Reading permissions from /vendor/etc/permissions/android.hardware.bluetooth.xml
07-16 00:44:23.783  1279  1612 I SystemConfig: Reading permissions from /vendor/etc/permissions/android.software.vulkan.deqp.level.xml
07-16 00:44:23.783  1279  1612 I SystemConfig: Reading permissions from /vendor/etc/permissions/android.hardware.camera.full.xml
07-16 00:44:23.783  1279  1612 I SystemConfig: Reading permissions from /vendor/etc/permissions/android.software.opengles.deqp.level.xml
07-16 00:44:23.784  1279  1612 I SystemConfig: Reading permissions from /vendor/etc/permissions/android.hardware.telephony.cdma.xml
07-16 00:44:23.784  1279  1612 I SystemConfig: Reading permissions from /vendor/etc/permissions/android.hardware.usb.accessory.xml
07-16 00:44:23.785  1279  1612 I SystemConfig: Reading permissions from /vendor/etc/permissions/android.hardware.sensor.proximity.xml
07-16 00:44:23.785  1279  1612 I SystemConfig: Reading permissions from /vendor/etc/permissions/android.hardware.telephony.gsm.xml
07-16 00:44:23.785  1279  1612 I SystemConfig: Reading permissions from /vendor/etc/permissions/android.hardware.wifi.xml
07-16 00:44:23.786  1279  1612 I SystemConfig: Reading permissions from /vendor/etc/permissions/android.hardware.vulkan.compute-0.xml
07-16 00:44:23.786  1279  1612 I SystemConfig: Reading permissions from /vendor/etc/permissions/android.hardware.fingerprint.xml
07-16 00:44:23.786  1279  1279 D SystemServerTiming: StartInstaller
07-16 00:44:23.786  1279  1279 I SystemServiceManager: Starting com.android.server.pm.Installer
07-16 00:44:23.787  1279  1612 I SystemConfig: Reading permissions from /vendor/etc/permissions/android.hardware.nfc.xml
07-16 00:44:23.787  1279  1612 I SystemConfig: Reading permissions from /vendor/etc/permissions/android.hardware.bluetooth_le.xml
07-16 00:44:23.787  1279  1612 I SystemConfig: Reading permissions from /vendor/etc/permissions/vendor-qti-hardware-sensorscalibrate.xml
07-16 00:44:23.788  1279  1612 I SystemConfig: Ignore shared library vendor.qti.hardware.sensorscalibrate-V1.0: /system/product/framework/vendor.qti.hardware.sensorscalibrate-V1.0-java.jar does not exist
07-16 00:44:23.788  1279  1612 I SystemConfig: Reading permissions from /vendor/etc/permissions/android.hardware.sensor.gyroscope.xml
07-16 00:44:23.788  1279  1612 I SystemConfig: Reading permissions from /vendor/etc/permissions/android.hardware.sensor.stepcounter.xml
07-16 00:44:23.789  1279  1612 I SystemConfig: Reading permissions from /vendor/etc/permissions/android.hardware.location.gps.xml
07-16 00:44:23.789  1279  1279 D SystemServerTiming: DeviceIdentifiersPolicyService
07-16 00:44:23.789  1279  1279 I SystemServiceManager: Starting com.android.server.os.DeviceIdentifiersPolicyService
07-16 00:44:23.789  1279  1612 I SystemConfig: Reading permissions from /vendor/etc/permissions/android.hardware.touchscreen.multitouch.jazzhand.xml
07-16 00:44:23.789  1279  1279 D SystemServerTiming: UriGrantsManagerService
07-16 00:44:23.789  1279  1279 I SystemServiceManager: Starting com.android.server.uri.UriGrantsManagerService$Lifecycle
07-16 00:44:23.790  1279  1612 I SystemConfig: Reading permissions from /vendor/etc/permissions/android.hardware.vulkan.level-1.xml
07-16 00:44:23.790  1279  1612 I SystemConfig: Reading permissions from /vendor/etc/permissions/android.hardware.audio.pro.xml
07-16 00:44:23.791  1279  1279 D SystemServerTiming: StartPowerStatsService
07-16 00:44:23.791  1279  1279 I SystemServiceManager: Starting com.android.server.powerstats.PowerStatsService
07-16 00:44:23.791  1279  1612 I SystemConfig: Reading permissions from /vendor/etc/permissions/android.software.sip.voip.xml
07-16 00:44:23.791  1279  1612 I SystemConfig: Reading permissions from /vendor/etc/permissions/android.hardware.sensor.accelerometer.xml
07-16 00:44:23.792  1279  1612 I SystemConfig: Reading permissions from /vendor/etc/permissions/android.hardware.camera.flash-autofocus.xml
07-16 00:44:23.792  1279  1612 I SystemConfig: Reading permissions from /vendor/etc/permissions/com.nxp.mifare.xml
07-16 00:44:23.793  1279  1612 I SystemConfig: Reading permissions from /vendor/etc/permissions/android.hardware.vulkan.version-1_1.xml
07-16 00:44:23.793  1279  1612 I SystemConfig: Reading permissions from /vendor/etc/permissions/android.hardware.nfc.hcef.xml
07-16 00:44:23.794  1279  1612 I SystemConfig: Reading permissions from /vendor/etc/permissions/android.hardware.sensor.stepdetector.xml
07-16 00:44:23.794  1279  1612 I SystemConfig: Reading permissions from /vendor/etc/permissions/android.hardware.audio.low_latency.xml
07-16 00:44:23.794  1279  1612 I SystemConfig: Reading permissions from /vendor/etc/permissions/android.hardware.sensor.compass.xml
07-16 00:44:23.795  1279  1279 D SystemServerTiming: StartIStatsService
07-16 00:44:23.795  1279  1612 I SystemConfig: Reading permissions from /vendor/etc/permissions/android.software.ipsec_tunnels.xml
07-16 00:44:23.795  1279  1612 I SystemConfig: Reading permissions from /vendor/etc/permissions/android.hardware.camera.front.xml
07-16 00:44:23.796  1279  1612 I SystemConfig: Reading permissions from /vendor/etc/permissions/android.software.midi.xml
07-16 00:44:23.796  1279  1279 D SystemServerTiming: MemtrackProxyService
07-16 00:44:23.796  1279  1612 I SystemConfig: Reading permissions from /vendor/etc/permissions/com.android.nfc_extras.xml
07-16 00:44:23.796  1279  1612 I SystemConfig: Reading permissions from /vendor/etc/permissions/android.hardware.usb.host.xml
07-16 00:44:23.797  1279  1612 I SystemConfig: Reading permissions from /vendor/etc/permissions/handheld_core_hardware.xml
07-16 00:44:23.798  1279  1612 I SystemConfig: Reading permissions from /product/etc/sysconfig/pixel_experience_2018.xml
07-16 00:44:23.798  1279  1279 D SystemServerTiming: StartActivityManager
07-16 00:44:23.799  1279  1612 I SystemConfig: Adding association: com.google.android.as.oss <- com.google.android.odad
07-16 00:44:23.799  1279  1279 I SystemServiceManager: Starting com.android.server.wm.ActivityTaskManagerService$Lifecycle
07-16 00:44:23.799  1279  1612 I SystemConfig: Adding association: com.google.android.odad <- com.google.android.as.oss
07-16 00:44:23.799  1279  1612 I SystemConfig: Reading permissions from /product/etc/sysconfig/pixel_experience_2019.xml
07-16 00:44:23.799  1279  1612 I SystemConfig: Reading permissions from /product/etc/sysconfig/game_service.xml
07-16 00:44:23.800  1279  1612 I SystemConfig: Reading permissions from /product/etc/sysconfig/nexus.xml
07-16 00:44:23.801  1279  1612 I SystemConfig: Reading permissions from /product/etc/sysconfig/pixel_experience_2019_midyear.xml
07-16 00:44:23.801  1279  1612 I SystemConfig: Reading permissions from /product/etc/sysconfig/google-hiddenapi-package-whitelist.xml
07-16 00:44:23.802  1279  1612 I SystemConfig: Reading permissions from /product/etc/sysconfig/google.xml
07-16 00:44:23.802  1279  1612 I SystemConfig: Adding association: com.google.android.as <- com.android.bluetooth
07-16 00:44:23.802  1279  1612 I SystemConfig: Adding association: com.google.android.as <- com.android.bluetooth.services
07-16 00:44:23.802  1279  1612 I SystemConfig: Adding association: com.google.android.as <- com.android.providers.contacts
